{"level":"debug","time":"2026-09-04T20:33:18.638+0530","caller":"cmd/bin.go:144","msg":"cli os: darwin, cli arch: arm64"}
{"level":"debug","time":"2026-09-04T20:33:18.639+0530","caller":"cmd/bin.go:145","msg":"Current binary version: 0.2.762, Environment: stage"}
{"level":"debug","time":"2026-09-04T20:33:19.441+0530","caller":"cmd/bin.go:154","msg":"Upstream version details: {Name:cli Min:0.2.600 Max:0.2.762} "}
{"level":"info","time":"2026-09-04T20:33:19.441+0530","caller":"cmd/bin.go:202","msg":"Generating TraceID for tracking request: 01M1PF43CE5AAJG4F02JNTSY7G \n"}
{"level":"debug","time":"2026-09-04T20:33:21.694+0530","caller":"core/lifecycle.go:124","msg":"Setting environment"}
{"level":"debug","time":"2026-09-04T20:33:21.694+0530","caller":"core/lifecycle.go:127","msg":"Parsing config"}
{"level":"debug","time":"2026-09-04T20:33:21.694+0530","caller":"yamlconfigmanager/setup.go:736","msg":"Custom location for .hyperexecute.yaml specified. Using: hyperexecute.yaml"}
{"level":"debug","time":"2026-09-04T20:33:21.694+0530","caller":"yamlconfigmanager/setup.go:118","msg":"using hyperexecute config from : hyperexecute.yaml"}
{"level":"debug","time":"2026-09-04T20:33:23.437+0530","caller":"yamlconfigmanager/setup.go:2240","msg":"Autodetecting test type in files of path : /Users/anmolsoin/knowledge-base-LT/he-playground/fw-wdio"}
{"level":"error","time":"2026-09-04T20:33:23.438+0530","caller":"core/lifecycle.go:132","msg":"2026-09-04T20:33:17+05:30    error    ERR::YML::VAL     Invalid yaml content: remote discovery mode is only supported for the following frameworks: maven/testng, maven/junit4, maven/junit5, gradle/testng, gradle/junit4, gradle/junit5, gradle/junit6, gradle/spock, maven/spock, dotnet/mstest, dotnet/nunit"}
{"level":"debug","time":"2026-09-04T20:33:23.438+0530","caller":"core/lifecycle.go:76","msg":"Quit requested from main goroutine...."}
{"level":"debug","time":"2026-09-04T20:33:23.438+0530","caller":"core/lifecycle.go:77","msg":"Waiting for the goroutines to exit"}
{"level":"debug","time":"2026-09-04T20:33:23.438+0530","caller":"core/lifecycle.go:80","msg":"All lifecycle goroutines exited"}
{"level":"debug","time":"2026-09-04T20:33:23.438+0530","caller":"cmd/bin.go:360","msg":"main: all goroutines have finished."}
{"level":"debug","time":"2026-09-04T20:33:23.438+0530","caller":"cmd/bin.go:399","msg":"Exiting application due to error ERR::YML::VAL     Invalid yaml content: remote discovery mode is only supported for the following frameworks: maven/testng, maven/junit4, maven/junit5, gradle/testng, gradle/junit4, gradle/junit5, gradle/junit6, gradle/spock, maven/spock, dotnet/mstest, dotnet/nunit"}
{"level":"debug","time":"2026-09-04T20:33:55.897+0530","caller":"cmd/bin.go:144","msg":"cli os: darwin, cli arch: arm64"}
{"level":"debug","time":"2026-09-04T20:33:55.898+0530","caller":"cmd/bin.go:145","msg":"Current binary version: 0.2.762, Environment: stage"}
{"level":"debug","time":"2026-09-04T20:33:56.715+0530","caller":"cmd/bin.go:154","msg":"Upstream version details: {Name:cli Min:0.2.600 Max:0.2.762} "}
{"level":"info","time":"2026-09-04T20:33:56.716+0530","caller":"cmd/bin.go:202","msg":"Generating TraceID for tracking request: 01M1PF580DF23G8V2MJ02DP8TR \n"}
{"level":"debug","time":"2026-09-04T20:33:58.764+0530","caller":"core/lifecycle.go:124","msg":"Setting environment"}
{"level":"debug","time":"2026-09-04T20:33:58.765+0530","caller":"core/lifecycle.go:127","msg":"Parsing config"}
{"level":"debug","time":"2026-09-04T20:33:58.765+0530","caller":"yamlconfigmanager/setup.go:736","msg":"Custom location for .hyperexecute.yaml specified. Using: hyperexecute.yaml"}
{"level":"debug","time":"2026-09-04T20:33:58.765+0530","caller":"yamlconfigmanager/setup.go:118","msg":"using hyperexecute config from : hyperexecute.yaml"}
{"level":"debug","time":"2026-09-04T20:34:00.443+0530","caller":"yamlconfigmanager/setup.go:2240","msg":"Autodetecting test type in files of path : /Users/anmolsoin/knowledge-base-LT/he-playground/fw-wdio"}
{"level":"debug","time":"2026-09-04T20:34:00.444+0530","caller":"yamlconfigmanager/setup.go:1665","msg":"dynamic discovery redirect: flag off, keeping mode=dynamic"}
{"level":"debug","time":"2026-09-04T20:34:00.444+0530","caller":"yamlconfigmanager/setup.go:560","msg":"Tunnel: false"}
{"level":"info","time":"2026-09-04T20:34:00.444+0530","caller":"models/HypertestYamlConfig.go:993","msg":"\nExecution Plan"}
{"level":"info","time":"2026-09-04T20:34:00.444+0530","caller":"models/HypertestYamlConfig.go:794","msg":"Mode:    autosplit"}
{"level":"info","time":"2026-09-04T20:34:00.444+0530","caller":"models/HypertestYamlConfig.go:854","msg":"Runson:    linux"}
{"level":"info","time":"2026-09-04T20:34:00.445+0530","caller":"models/HypertestYamlConfig.go:862","msg":"Concurrency:    2"}
{"level":"info","time":"2026-09-04T20:34:00.445+0530","caller":"models/HypertestYamlConfig.go:879","msg":"Framework:"}
{"level":"info","time":"2026-09-04T20:34:00.445+0530","caller":"models/HypertestYamlConfig.go:880","msg":"    Name:    wdio/mocha"}
{"level":"info","time":"2026-09-04T20:34:00.445+0530","caller":"models/HypertestYamlConfig.go:897","msg":"    Discovery Mode:    local"}
{"level":"info","time":"2026-09-04T20:34:00.445+0530","caller":"models/HypertestYamlConfig.go:915","msg":"    discoveryType:    spec"}
{"level":"info","time":"2026-09-04T20:34:00.445+0530","caller":"models/HypertestYamlConfig.go:926","msg":"Report:    disabled"}
{"level":"info","time":"2026-09-04T20:34:00.445+0530","caller":"models/HypertestYamlConfig.go:1006","msg":""}
{"level":"debug","time":"2026-09-04T20:34:00.445+0530","caller":"filevalidator/setup.go:50","msg":"Warning: Checking data.json file in current directory, no dataJsonPath found in .hyperexecute.yaml"}
{"level":"debug","time":"2026-09-04T20:34:00.445+0530","caller":"filevalidator/setup.go:54","msg":"Warning: data.json file doesn't exist"}
{"level":"debug","time":"2026-09-04T20:34:02.950+0530","caller":"frameworks/framework.go:65","msg":"version: 0.2"}
{"level":"debug","time":"2026-09-04T20:34:02.951+0530","caller":"apiserver/setup.go:157","msg":"Starting API server"}
{"level":"debug","time":"2026-09-04T20:34:02.952+0530","caller":"apiserver/setup.go:74","msg":"Starting API server for test results on port: 9191"}
{"level":"debug","time":"2026-09-04T20:34:03.783+0530","caller":"wdio/wdio.go:130","msg":"Trying to install missing deps \"@lambdatest/hyperexecute-mocha-runner@0.0.16\" \"wdio-hyperexecute-framework@0.0.16\" "}
{"level":"debug","time":"2026-09-04T20:34:39.013+0530","caller":"testdiscoverer/discoverer.go:275","msg":"Running discovery command: {npx wdio run --hye-runner mocha --framework hyperexecute --discovery-type spec --mode discovery --maxInstances 1 --spec /Users/anmolsoin/knowledge-base-LT/he-playground/fw-wdio/.hyperexecute/test.js []}"}
{"level":"debug","time":"2026-09-04T20:34:40.558+0530","caller":"testdiscoverer/discoverer.go:310","msg":"Stdout: "}
{"level":"debug","time":"2026-09-04T20:34:40.558+0530","caller":"testdiscoverer/discoverer.go:311","msg":"Stderr: wdio run <configPath>\n\nRun your WDIO configuration file to initialize your tests. (default)\n\nOptions:\n      --version              Show version number                       [boolean]\n      --watch                Run WebdriverIO in watch mode             [boolean]\n  -h, -h, --hostname         automation driver host address             [string]\n  -p, -p, --port             automation driver port                     [number]\n      --path                 path to WebDriver endpoints (default \"/\")  [string]\n  -u, -u, --user             username if using a cloud service as automation bac\n                             kend                                       [string]\n  -k, -k, --key              corresponding access key to the user       [string]\n  -l, -l, --logLevel         level of logging verbosity\n  [choices: \"trace\", \"debug\", \"info\", \"warn\", \"error\", \"silent\", \"trace\", \"debug\n                                           \", \"info\", \"warn\", \"error\", \"silent\"]\n      --bail                 stop test runner after specific amount of tests hav\n                             e failed                                   [number]\n      --baseUrl              shorten url command calls by setting a base url\n                                                                        [string]\n  -w, -w, --waitforTimeout   timeout for all waitForXXX commands        [number]\n  -s, -s, --updateSnapshots  update DOM, image or test snapshots        [string]\n  -f, -f, --framework        defines the framework (Mocha, Jasmine or Cucumber)\n                             to run the specs                           [string]\n  -r, -r, --reporters        reporters to print out the results on stdout[array]\n      --suite                overwrites the specs attribute and runs the defined\n                              suite                                      [array]\n      --spec                 run only a certain spec file or wildcard - override\n                             s specs piped from stdin                    [array]\n      --exclude              exclude certain spec file or wildcard from the test\n                              run - overrides exclude piped from stdin   [array]\n      --repeat               Repeat specific specs and/or suites N times[number]\n      --mochaOpts            Mocha options\n      --jasmineOpts          Jasmine options\n      --cucumberOpts         Cucumber options\n      --coverage             Enable coverage for browser runner\n      --headless             run all browser instances in headless mode, overrid\n                             es capability settings in wdio.conf.js    [boolean]\n      --shard                Shard tests and execute only the selected shard. Sp\n                             ecify in the one-based form like `--shard x/y`, whe\n                             re x is the current and y the total shard.\n      --help                 Show help                                 [boolean]\n\nExamples:\n  wdio run wdio.conf.js --suite foobar      Run suite on testsuite \"foobar\"\n  wdio run wdio.conf.js --spec ./tests/e2e  Run suite on specific specs\n  /a.js --spec ./tests/e2e/b.js\n  wdio run wdio.conf.js --shard 1/4         Run only the first shard of 4 shards\n  wdio run wdio.conf.js --headless          Run all tests in headless mode\n  wdio run wdio.conf.js --headless=false    Run all tests in headed (non-headles\n                                            s) mode\n  wdio run wdio.conf.js --mochaOpts.timeou  Run suite with custom Mocha timeout\n  t 60000\n  wdio run wdio.conf.js --tsConfigPath=./c  Run suite with tsx using custom tsco\n  onfigs/bdd-tsconfig.json                  nfig.json\n\nDocumentation: https://webdriver.io\n@wdio/cli (v9.31.5)\n\nNot enough non-option arguments: got 0, need at least 1\n"}
{"level":"debug","time":"2026-09-04T20:34:41.059+0530","caller":"core/lifecycle.go:974","msg":"ERR::TSK::DSC     Unable to run test discoverer exit status 1 - Error doing test discovery."}
{"level":"debug","time":"2026-09-04T20:34:41.059+0530","caller":"apiserver/setup.go:68","msg":"Shutting down the api server"}
{"level":"debug","time":"2026-09-04T20:34:41.059+0530","caller":"core/lifecycle.go:76","msg":"Quit requested from main goroutine...."}
{"level":"debug","time":"2026-09-04T20:34:41.059+0530","caller":"core/lifecycle.go:77","msg":"Waiting for the goroutines to exit"}
{"level":"debug","time":"2026-09-04T20:34:41.060+0530","caller":"core/lifecycle.go:80","msg":"All lifecycle goroutines exited"}
{"level":"debug","time":"2026-09-04T20:34:41.060+0530","caller":"cmd/bin.go:360","msg":"main: all goroutines have finished."}
{"level":"debug","time":"2026-09-04T20:34:41.060+0530","caller":"cmd/bin.go:399","msg":"Exiting application due to error ERR::TSK::DSC     Unable to run test discoverer exit status 1"}
