{"level":"debug","time":"2026-09-04T19:53:12.264+0530","caller":"cmd/bin.go:144","msg":"cli os: darwin, cli arch: arm64"}
{"level":"debug","time":"2026-09-04T19:53:12.265+0530","caller":"cmd/bin.go:145","msg":"Current binary version: 0.2.762, Environment: stage"}
{"level":"debug","time":"2026-09-04T19:53:12.997+0530","caller":"cmd/bin.go:154","msg":"Upstream version details: {Name:cli Min:0.2.600 Max:0.2.762} "}
{"level":"info","time":"2026-09-04T19:53:12.998+0530","caller":"cmd/bin.go:202","msg":"Generating TraceID for tracking request: 01M1PCTNK220R9T9JM7K7AF3YB \n"}
{"level":"debug","time":"2026-09-04T19:53:15.834+0530","caller":"core/lifecycle.go:124","msg":"Setting environment"}
{"level":"debug","time":"2026-09-04T19:53:15.834+0530","caller":"core/lifecycle.go:127","msg":"Parsing config"}
{"level":"debug","time":"2026-09-04T19:53:15.834+0530","caller":"yamlconfigmanager/setup.go:736","msg":"Custom location for .hyperexecute.yaml specified. Using: hyperexecute.yaml"}
{"level":"debug","time":"2026-09-04T19:53:15.834+0530","caller":"yamlconfigmanager/setup.go:118","msg":"using hyperexecute config from : hyperexecute.yaml"}
{"level":"error","time":"2026-09-04T19:53:15.836+0530","caller":"core/lifecycle.go:132","msg":"2026-09-04T19:53:11+05:30    error    ERR::PAR::HT_YAML     Unable to parse hyperexecute.yaml  error: yaml: unmarshal errors:\n  line 33: cannot unmarshal !!str `results/` into []string"}
{"level":"debug","time":"2026-09-04T19:53:15.836+0530","caller":"core/lifecycle.go:76","msg":"Quit requested from main goroutine...."}
{"level":"debug","time":"2026-09-04T19:53:15.836+0530","caller":"core/lifecycle.go:77","msg":"Waiting for the goroutines to exit"}
{"level":"debug","time":"2026-09-04T19:53:15.836+0530","caller":"core/lifecycle.go:80","msg":"All lifecycle goroutines exited"}
{"level":"debug","time":"2026-09-04T19:53:15.836+0530","caller":"cmd/bin.go:360","msg":"main: all goroutines have finished."}
{"level":"debug","time":"2026-09-04T19:53:15.836+0530","caller":"cmd/bin.go:399","msg":"Exiting application due to error ERR::PAR::HT_YAML     Unable to parse hyperexecute.yaml  error: yaml: unmarshal errors:\n  line 33: cannot unmarshal !!str `results/` into []string"}
{"level":"debug","time":"2026-09-04T19:53:32.855+0530","caller":"cmd/bin.go:144","msg":"cli os: darwin, cli arch: arm64"}
{"level":"debug","time":"2026-09-04T19:53:32.856+0530","caller":"cmd/bin.go:145","msg":"Current binary version: 0.2.762, Environment: stage"}
{"level":"debug","time":"2026-09-04T19:53:33.555+0530","caller":"cmd/bin.go:154","msg":"Upstream version details: {Name:cli Min:0.2.600 Max:0.2.762} "}
{"level":"info","time":"2026-09-04T19:53:33.555+0530","caller":"cmd/bin.go:202","msg":"Generating TraceID for tracking request: 01M1PCV9PYVFPXGK2B5F3KDXTH \n"}
{"level":"debug","time":"2026-09-04T19:53:35.955+0530","caller":"core/lifecycle.go:124","msg":"Setting environment"}
{"level":"debug","time":"2026-09-04T19:53:35.956+0530","caller":"core/lifecycle.go:127","msg":"Parsing config"}
{"level":"debug","time":"2026-09-04T19:53:35.956+0530","caller":"yamlconfigmanager/setup.go:736","msg":"Custom location for .hyperexecute.yaml specified. Using: hyperexecute.yaml"}
{"level":"debug","time":"2026-09-04T19:53:35.956+0530","caller":"yamlconfigmanager/setup.go:118","msg":"using hyperexecute config from : hyperexecute.yaml"}
{"level":"debug","time":"2026-09-04T19:53:37.766+0530","caller":"yamlconfigmanager/setup.go:2240","msg":"Autodetecting test type in files of path : /Users/anmolsoin/knowledge-base-LT/he-playground/fw-robot"}
{"level":"debug","time":"2026-09-04T19:53:37.766+0530","caller":"yamlconfigmanager/setup.go:1665","msg":"dynamic discovery redirect: flag off, keeping mode=dynamic"}
{"level":"info","time":"2026-09-04T19:53:37.766+0530","caller":"core/lifecycle.go:142","msg":"HyperExecute Config validated successfully"}
{"level":"debug","time":"2026-09-04T19:53:37.767+0530","caller":"core/lifecycle.go:76","msg":"Quit requested from main goroutine...."}
{"level":"debug","time":"2026-09-04T19:53:37.767+0530","caller":"core/lifecycle.go:77","msg":"Waiting for the goroutines to exit"}
{"level":"debug","time":"2026-09-04T19:53:37.767+0530","caller":"core/lifecycle.go:80","msg":"All lifecycle goroutines exited"}
{"level":"debug","time":"2026-09-04T19:53:37.767+0530","caller":"cmd/bin.go:360","msg":"main: all goroutines have finished."}
{"level":"debug","time":"2026-09-04T19:53:47.692+0530","caller":"cmd/bin.go:144","msg":"cli os: darwin, cli arch: arm64"}
{"level":"debug","time":"2026-09-04T19:53:47.693+0530","caller":"cmd/bin.go:145","msg":"Current binary version: 0.2.762, Environment: stage"}
{"level":"debug","time":"2026-09-04T19:53:48.468+0530","caller":"cmd/bin.go:154","msg":"Upstream version details: {Name:cli Min:0.2.600 Max:0.2.762} "}
{"level":"info","time":"2026-09-04T19:53:48.468+0530","caller":"cmd/bin.go:202","msg":"Generating TraceID for tracking request: 01M1PCVR7M67KM2VDTQBSC8BDJ \n"}
{"level":"debug","time":"2026-09-04T19:53:51.398+0530","caller":"core/lifecycle.go:124","msg":"Setting environment"}
{"level":"debug","time":"2026-09-04T19:53:51.398+0530","caller":"core/lifecycle.go:127","msg":"Parsing config"}
{"level":"debug","time":"2026-09-04T19:53:51.398+0530","caller":"yamlconfigmanager/setup.go:736","msg":"Custom location for .hyperexecute.yaml specified. Using: hyperexecute.yaml"}
{"level":"debug","time":"2026-09-04T19:53:51.398+0530","caller":"yamlconfigmanager/setup.go:118","msg":"using hyperexecute config from : hyperexecute.yaml"}
{"level":"debug","time":"2026-09-04T19:53:53.063+0530","caller":"yamlconfigmanager/setup.go:2240","msg":"Autodetecting test type in files of path : /Users/anmolsoin/knowledge-base-LT/he-playground/fw-robot"}
{"level":"debug","time":"2026-09-04T19:53:53.066+0530","caller":"yamlconfigmanager/setup.go:1665","msg":"dynamic discovery redirect: flag off, keeping mode=dynamic"}
{"level":"debug","time":"2026-09-04T19:53:53.066+0530","caller":"yamlconfigmanager/setup.go:560","msg":"Tunnel: false"}
{"level":"info","time":"2026-09-04T19:53:53.066+0530","caller":"models/HypertestYamlConfig.go:993","msg":"\nExecution Plan"}
{"level":"info","time":"2026-09-04T19:53:53.066+0530","caller":"models/HypertestYamlConfig.go:794","msg":"Mode:    autosplit"}
{"level":"info","time":"2026-09-04T19:53:53.066+0530","caller":"models/HypertestYamlConfig.go:854","msg":"Runson:    linux"}
{"level":"info","time":"2026-09-04T19:53:53.066+0530","caller":"models/HypertestYamlConfig.go:862","msg":"Concurrency:    2"}
{"level":"info","time":"2026-09-04T19:53:53.066+0530","caller":"models/HypertestYamlConfig.go:926","msg":"Report:    enabled"}
{"level":"info","time":"2026-09-04T19:53:53.066+0530","caller":"models/HypertestYamlConfig.go:940","msg":"Artefacts:"}
{"level":"info","time":"2026-09-04T19:53:53.066+0530","caller":"models/HypertestYamlConfig.go:943","msg":"    robot-results:    results/"}
{"level":"info","time":"2026-09-04T19:53:53.066+0530","caller":"models/HypertestYamlConfig.go:1006","msg":""}
{"level":"debug","time":"2026-09-04T19:53:53.066+0530","caller":"filevalidator/setup.go:50","msg":"Warning: Checking data.json file in current directory, no dataJsonPath found in .hyperexecute.yaml"}
{"level":"debug","time":"2026-09-04T19:53:53.066+0530","caller":"filevalidator/setup.go:54","msg":"Warning: data.json file doesn't exist"}
{"level":"debug","time":"2026-09-04T19:53:56.490+0530","caller":"core/lifecycle.go:399","msg":"Job ID: 1cec568e-2a6f-4e7a-83d0-b6b38433958f"}
{"level":"debug","time":"2026-09-04T19:53:56.490+0530","caller":"core/lifecycle.go:402","msg":"User - anmolsoin, triggered job with ID 1cec568e-2a6f-4e7a-83d0-b6b38433958f from CLI"}
{"level":"debug","time":"2026-09-04T19:53:56.490+0530","caller":"events/manager.go:97","msg":"Starting event manager"}
{"level":"debug","time":"2026-09-04T19:53:56.490+0530","caller":"events/manager.go:99","msg":"SSE enabled, getting SSE connection"}
{"level":"debug","time":"2026-09-04T19:53:56.490+0530","caller":"archivemanager/setup.go:341","msg":"digestMap: map[]"}
{"level":"debug","time":"2026-09-04T19:53:56.490+0530","caller":"archivemanager/setup.go:347","msg":"Creating archive of target directory: /Users/anmolsoin/knowledge-base-LT/he-playground/fw-robot"}
{"level":"debug","time":"2026-09-04T19:53:56.494+0530","caller":"core/lifecycle.go:556","msg":"Zip file size: 3.95 kB"}
{"level":"debug","time":"2026-09-04T19:53:56.494+0530","caller":"core/lifecycle.go:566","msg":"Archive location: /Users/anmolsoin/knowledge-base-LT/he-playground/fw-robot/hyperexecute-code-1cec568e-2a6f-4e7a-83d0-b6b38433958f.zip\n"}
{"level":"debug","time":"2026-09-04T19:53:56.495+0530","caller":"receptionmanager/setup.go:451","msg":"only one runtime entry detected, mapping it to older yaml format"}
{"level":"debug","time":"2026-09-04T19:53:56.495+0530","caller":"receptionmanager/setup.go:480","msg":"only one partialreports entry detected, mapping it to older yaml format"}
{"level":"debug","time":"2026-09-04T19:53:56.495+0530","caller":"receptionmanager/setup.go:221","msg":"policy enforce: feature flag off, skipping enforcement"}
{"level":"debug","time":"2026-09-04T19:53:56.495+0530","caller":"receptionmanager/setup.go:355","msg":"Uploading yaml : /Users/anmolsoin/knowledge-base-LT/he-playground/fw-robot/.updatedhyperexecute.yaml"}
{"level":"debug","time":"2026-09-04T19:53:56.495+0530","caller":"storage/azure.go:59","msg":"Payload size: 4.31 kB, source path /Users/anmolsoin/knowledge-base-LT/he-playground/fw-robot/.updatedhyperexecute.yaml"}
{"level":"debug","time":"2026-09-04T19:53:56.496+0530","caller":"utils/azcopy.go:133","msg":"Downloading dependency binary ..................."}
{"level":"debug","time":"2026-09-04T19:53:56.534+0530","caller":"utils/azcopy.go:90","msg":"Downloading dependency to upload files"}
{"level":"debug","time":"2026-09-04T19:53:57.941+0530","caller":"events/manager.go:288","msg":"connection to hyperexecute server established successfully."}
{"level":"info","time":"2026-09-04T19:53:59.600+0530","caller":"utils/azcopy.go:108","msg":"✔ Dependency binary downloaded successfully"}
{"level":"debug","time":"2026-09-04T19:53:59.600+0530","caller":"utils/azcopy.go:184","msg":"returning from fallback"}
{"level":"debug","time":"2026-09-04T19:54:01.640+0530","caller":"storage/azure.go:83","msg":"Azcopy output: \n\r100.0 %, 1 Done, 0 Failed, 0 Pending, 0 Skipped, 1 Total, 2-sec Throughput (Mb/s): 0.0172\nTotal time taken to upload(min) :0.0333\n, stderr: "}
{"level":"info","time":"2026-09-04T19:54:01.640+0530","caller":"storage/azure.go:122","msg":"File: /Users/anmolsoin/knowledge-base-LT/he-playground/fw-robot/.updatedhyperexecute.yaml upload completed in 5.1448625s"}
{"level":"debug","time":"2026-09-04T19:54:01.640+0530","caller":"storage/azure.go:59","msg":"Payload size: 3.95 kB, source path /Users/anmolsoin/knowledge-base-LT/he-playground/fw-robot/hyperexecute-code-1cec568e-2a6f-4e7a-83d0-b6b38433958f.zip"}
{"level":"debug","time":"2026-09-04T19:54:03.686+0530","caller":"storage/azure.go:83","msg":"Azcopy output: \n\r100.0 %, 1 Done, 0 Failed, 0 Pending, 0 Skipped, 1 Total, 2-sec Throughput (Mb/s): 0.0158\nTotal time taken to upload(min) :0.0334\n, stderr: "}
{"level":"info","time":"2026-09-04T19:54:03.686+0530","caller":"storage/azure.go:122","msg":"File: /Users/anmolsoin/knowledge-base-LT/he-playground/fw-robot/hyperexecute-code-1cec568e-2a6f-4e7a-83d0-b6b38433958f.zip upload completed in 2.045730375s"}
{"level":"debug","time":"2026-09-04T19:54:03.686+0530","caller":"core/lifecycle.go:607","msg":"Successfully deleted code archive: /Users/anmolsoin/knowledge-base-LT/he-playground/fw-robot/hyperexecute-code-1cec568e-2a6f-4e7a-83d0-b6b38433958f.zip\n"}
{"level":"debug","time":"2026-09-04T19:54:03.687+0530","caller":"storage/azure.go:59","msg":"Payload size: 622 B, source path mask-1cec568e-2a6f-4e7a-83d0-b6b38433958f.yaml"}
{"level":"debug","time":"2026-09-04T19:54:05.727+0530","caller":"storage/azure.go:83","msg":"Azcopy output: \n\r100.0 %, 1 Done, 0 Failed, 0 Pending, 0 Skipped, 1 Total, 2-sec Throughput (Mb/s): 0.0025\nTotal time taken to upload(min) :0.0334\n, stderr: "}
{"level":"info","time":"2026-09-04T19:54:05.727+0530","caller":"storage/azure.go:122","msg":"File: mask-1cec568e-2a6f-4e7a-83d0-b6b38433958f.yaml upload completed in 2.040244042s"}
{"level":"debug","time":"2026-09-04T19:54:05.727+0530","caller":"httpclient/client.go:45","msg":"[DEBUG] POST https://api-stage-hyperexecute.lambdatestinternal.com/dispatcher/api/dispatcher"}
{"level":"info","time":"2026-09-04T19:54:06.786+0530","caller":"dispatchermanager/setup.go:94","msg":"Dispatch attempt to https://api-stage-hyperexecute.lambdatestinternal.com/dispatcher returned status 200"}
{"level":"debug","time":"2026-09-04T19:54:06.789+0530","caller":"core/lifecycle.go:741","msg":"Job progress won't be tracked as no-track flag is set true"}
{"level":"debug","time":"2026-09-04T19:54:06.789+0530","caller":"core/lifecycle.go:823","msg":"Context canceled"}
{"level":"info","time":"2026-09-04T19:54:06.789+0530","caller":"core/lifecycle.go:826","msg":"Stopping pipeline gracefully"}
{"level":"info","time":"2026-09-04T19:54:06.789+0530","caller":"events/manager.go:338","msg":"context done and stopping SSE"}
{"level":"debug","time":"2026-09-04T19:54:06.789+0530","caller":"events/manager.go:256","msg":"Stopping event manager"}
{"level":"info","time":"2026-09-04T19:54:06.789+0530","caller":"jobmanager/manager.go:145","msg":"Job Link: https://stage-hyperexecute.lambdatestinternal.com/hyperexecute/task?jobId=1cec568e-2a6f-4e7a-83d0-b6b38433958f\n"}
{"level":"debug","time":"2026-09-04T19:54:06.789+0530","caller":"core/lifecycle.go:76","msg":"Quit requested from main goroutine...."}
{"level":"debug","time":"2026-09-04T19:54:06.789+0530","caller":"core/lifecycle.go:77","msg":"Waiting for the goroutines to exit"}
{"level":"debug","time":"2026-09-04T19:54:06.789+0530","caller":"core/lifecycle.go:80","msg":"All lifecycle goroutines exited"}
{"level":"debug","time":"2026-09-04T19:54:06.789+0530","caller":"cmd/bin.go:360","msg":"main: all goroutines have finished."}
{"level":"debug","time":"2026-09-04T19:54:23.801+0530","caller":"cmd/bin.go:144","msg":"cli os: darwin, cli arch: arm64"}
{"level":"debug","time":"2026-09-04T19:54:23.802+0530","caller":"cmd/bin.go:145","msg":"Current binary version: 0.2.762, Environment: stage"}
{"level":"debug","time":"2026-09-04T19:54:24.549+0530","caller":"cmd/bin.go:154","msg":"Upstream version details: {Name:cli Min:0.2.600 Max:0.2.762} "}
{"level":"info","time":"2026-09-04T19:54:24.549+0530","caller":"cmd/bin.go:202","msg":"Generating TraceID for tracking request: 01M1PCWVFF0H447SFNXX9R54NX \n"}
{"level":"debug","time":"2026-09-04T19:54:26.564+0530","caller":"core/lifecycle.go:124","msg":"Setting environment"}
{"level":"debug","time":"2026-09-04T19:54:26.572+0530","caller":"core/lifecycle.go:127","msg":"Parsing config"}
{"level":"debug","time":"2026-09-04T19:54:26.573+0530","caller":"yamlconfigmanager/setup.go:736","msg":"Custom location for .hyperexecute.yaml specified. Using: hyperexecute-smoke.yaml"}
{"level":"debug","time":"2026-09-04T19:54:26.573+0530","caller":"yamlconfigmanager/setup.go:118","msg":"using hyperexecute config from : hyperexecute-smoke.yaml"}
{"level":"debug","time":"2026-09-04T19:54:28.205+0530","caller":"yamlconfigmanager/setup.go:2240","msg":"Autodetecting test type in files of path : /Users/anmolsoin/knowledge-base-LT/he-playground/fw-robot"}
{"level":"debug","time":"2026-09-04T19:54:28.205+0530","caller":"yamlconfigmanager/setup.go:1665","msg":"dynamic discovery redirect: flag off, keeping mode=dynamic"}
{"level":"debug","time":"2026-09-04T19:54:28.205+0530","caller":"yamlconfigmanager/setup.go:560","msg":"Tunnel: false"}
{"level":"info","time":"2026-09-04T19:54:28.205+0530","caller":"models/HypertestYamlConfig.go:993","msg":"\nExecution Plan"}
{"level":"info","time":"2026-09-04T19:54:28.205+0530","caller":"models/HypertestYamlConfig.go:794","msg":"Mode:    autosplit"}
{"level":"info","time":"2026-09-04T19:54:28.205+0530","caller":"models/HypertestYamlConfig.go:854","msg":"Runson:    linux"}
{"level":"info","time":"2026-09-04T19:54:28.205+0530","caller":"models/HypertestYamlConfig.go:862","msg":"Concurrency:    2"}
{"level":"info","time":"2026-09-04T19:54:28.205+0530","caller":"models/HypertestYamlConfig.go:926","msg":"Report:    enabled"}
{"level":"info","time":"2026-09-04T19:54:28.205+0530","caller":"models/HypertestYamlConfig.go:940","msg":"Artefacts:"}
{"level":"info","time":"2026-09-04T19:54:28.205+0530","caller":"models/HypertestYamlConfig.go:943","msg":"    robot-results:    results/"}
{"level":"info","time":"2026-09-04T19:54:28.205+0530","caller":"models/HypertestYamlConfig.go:1006","msg":""}
{"level":"debug","time":"2026-09-04T19:54:28.205+0530","caller":"filevalidator/setup.go:50","msg":"Warning: Checking data.json file in current directory, no dataJsonPath found in .hyperexecute.yaml"}
{"level":"debug","time":"2026-09-04T19:54:28.206+0530","caller":"filevalidator/setup.go:54","msg":"Warning: data.json file doesn't exist"}
{"level":"debug","time":"2026-09-04T19:54:31.417+0530","caller":"core/lifecycle.go:399","msg":"Job ID: 1d3da152-10a5-4e11-9b17-3a1fd9a6c987"}
{"level":"debug","time":"2026-09-04T19:54:31.417+0530","caller":"core/lifecycle.go:402","msg":"User - anmolsoin, triggered job with ID 1d3da152-10a5-4e11-9b17-3a1fd9a6c987 from CLI"}
{"level":"debug","time":"2026-09-04T19:54:31.417+0530","caller":"events/manager.go:97","msg":"Starting event manager"}
{"level":"debug","time":"2026-09-04T19:54:31.417+0530","caller":"events/manager.go:99","msg":"SSE enabled, getting SSE connection"}
{"level":"debug","time":"2026-09-04T19:54:31.419+0530","caller":"archivemanager/setup.go:341","msg":"digestMap: map[]"}
{"level":"debug","time":"2026-09-04T19:54:31.419+0530","caller":"archivemanager/setup.go:347","msg":"Creating archive of target directory: /Users/anmolsoin/knowledge-base-LT/he-playground/fw-robot"}
{"level":"debug","time":"2026-09-04T19:54:31.422+0530","caller":"core/lifecycle.go:556","msg":"Zip file size: 5.12 kB"}
{"level":"debug","time":"2026-09-04T19:54:31.422+0530","caller":"core/lifecycle.go:566","msg":"Archive location: /Users/anmolsoin/knowledge-base-LT/he-playground/fw-robot/hyperexecute-code-1d3da152-10a5-4e11-9b17-3a1fd9a6c987.zip\n"}
{"level":"debug","time":"2026-09-04T19:54:31.423+0530","caller":"receptionmanager/setup.go:451","msg":"only one runtime entry detected, mapping it to older yaml format"}
{"level":"debug","time":"2026-09-04T19:54:31.423+0530","caller":"receptionmanager/setup.go:480","msg":"only one partialreports entry detected, mapping it to older yaml format"}
{"level":"debug","time":"2026-09-04T19:54:31.424+0530","caller":"receptionmanager/setup.go:221","msg":"policy enforce: feature flag off, skipping enforcement"}
{"level":"debug","time":"2026-09-04T19:54:31.424+0530","caller":"receptionmanager/setup.go:355","msg":"Uploading yaml : /Users/anmolsoin/knowledge-base-LT/he-playground/fw-robot/.updatedhyperexecute.yaml"}
{"level":"debug","time":"2026-09-04T19:54:31.424+0530","caller":"storage/azure.go:59","msg":"Payload size: 4.34 kB, source path /Users/anmolsoin/knowledge-base-LT/he-playground/fw-robot/.updatedhyperexecute.yaml"}
{"level":"debug","time":"2026-09-04T19:54:32.766+0530","caller":"events/manager.go:288","msg":"connection to hyperexecute server established successfully."}
{"level":"debug","time":"2026-09-04T19:54:33.549+0530","caller":"storage/azure.go:83","msg":"Azcopy output: \n\r100.0 %, 1 Done, 0 Failed, 0 Pending, 0 Skipped, 1 Total, 2-sec Throughput (Mb/s): 0.0174\nTotal time taken to upload(min) :0.0334\n, stderr: "}
{"level":"info","time":"2026-09-04T19:54:33.549+0530","caller":"storage/azure.go:122","msg":"File: /Users/anmolsoin/knowledge-base-LT/he-playground/fw-robot/.updatedhyperexecute.yaml upload completed in 2.125150167s"}
{"level":"debug","time":"2026-09-04T19:54:33.549+0530","caller":"storage/azure.go:59","msg":"Payload size: 5.12 kB, source path /Users/anmolsoin/knowledge-base-LT/he-playground/fw-robot/hyperexecute-code-1d3da152-10a5-4e11-9b17-3a1fd9a6c987.zip"}
{"level":"debug","time":"2026-09-04T19:54:35.594+0530","caller":"storage/azure.go:83","msg":"Azcopy output: \n\r100.0 %, 1 Done, 0 Failed, 0 Pending, 0 Skipped, 1 Total, 2-sec Throughput (Mb/s): 0.0205\nTotal time taken to upload(min) :0.0334\n, stderr: "}
{"level":"info","time":"2026-09-04T19:54:35.594+0530","caller":"storage/azure.go:122","msg":"File: /Users/anmolsoin/knowledge-base-LT/he-playground/fw-robot/hyperexecute-code-1d3da152-10a5-4e11-9b17-3a1fd9a6c987.zip upload completed in 2.045279459s"}
{"level":"debug","time":"2026-09-04T19:54:35.594+0530","caller":"core/lifecycle.go:607","msg":"Successfully deleted code archive: /Users/anmolsoin/knowledge-base-LT/he-playground/fw-robot/hyperexecute-code-1d3da152-10a5-4e11-9b17-3a1fd9a6c987.zip\n"}
{"level":"debug","time":"2026-09-04T19:54:35.595+0530","caller":"storage/azure.go:59","msg":"Payload size: 649 B, source path mask-1d3da152-10a5-4e11-9b17-3a1fd9a6c987.yaml"}
{"level":"debug","time":"2026-09-04T19:54:37.638+0530","caller":"storage/azure.go:83","msg":"Azcopy output: \n\r100.0 %, 1 Done, 0 Failed, 0 Pending, 0 Skipped, 1 Total, 2-sec Throughput (Mb/s): 0.0026\nTotal time taken to upload(min) :0.0334\n, stderr: "}
{"level":"info","time":"2026-09-04T19:54:37.638+0530","caller":"storage/azure.go:122","msg":"File: mask-1d3da152-10a5-4e11-9b17-3a1fd9a6c987.yaml upload completed in 2.043222208s"}
{"level":"debug","time":"2026-09-04T19:54:37.638+0530","caller":"httpclient/client.go:45","msg":"[DEBUG] POST https://api-stage-hyperexecute.lambdatestinternal.com/dispatcher/api/dispatcher"}
{"level":"info","time":"2026-09-04T19:54:38.734+0530","caller":"dispatchermanager/setup.go:94","msg":"Dispatch attempt to https://api-stage-hyperexecute.lambdatestinternal.com/dispatcher returned status 200"}
{"level":"debug","time":"2026-09-04T19:54:38.734+0530","caller":"core/lifecycle.go:741","msg":"Job progress won't be tracked as no-track flag is set true"}
{"level":"debug","time":"2026-09-04T19:54:38.734+0530","caller":"core/lifecycle.go:823","msg":"Context canceled"}
{"level":"info","time":"2026-09-04T19:54:38.734+0530","caller":"core/lifecycle.go:826","msg":"Stopping pipeline gracefully"}
{"level":"info","time":"2026-09-04T19:54:38.734+0530","caller":"events/manager.go:338","msg":"context done and stopping SSE"}
{"level":"info","time":"2026-09-04T19:54:38.734+0530","caller":"jobmanager/manager.go:145","msg":"Job Link: https://stage-hyperexecute.lambdatestinternal.com/hyperexecute/task?jobId=1d3da152-10a5-4e11-9b17-3a1fd9a6c987\n"}
{"level":"debug","time":"2026-09-04T19:54:38.734+0530","caller":"events/manager.go:256","msg":"Stopping event manager"}
{"level":"debug","time":"2026-09-04T19:54:38.734+0530","caller":"core/lifecycle.go:76","msg":"Quit requested from main goroutine...."}
{"level":"debug","time":"2026-09-04T19:54:38.734+0530","caller":"core/lifecycle.go:77","msg":"Waiting for the goroutines to exit"}
{"level":"debug","time":"2026-09-04T19:54:38.734+0530","caller":"core/lifecycle.go:80","msg":"All lifecycle goroutines exited"}
{"level":"debug","time":"2026-09-04T19:54:38.734+0530","caller":"cmd/bin.go:360","msg":"main: all goroutines have finished."}
{"level":"debug","time":"2026-09-04T20:02:15.282+0530","caller":"cmd/bin.go:144","msg":"cli os: darwin, cli arch: arm64"}
{"level":"debug","time":"2026-09-04T20:02:15.284+0530","caller":"cmd/bin.go:145","msg":"Current binary version: 0.2.762, Environment: stage"}
{"level":"debug","time":"2026-09-04T20:02:16.049+0530","caller":"cmd/bin.go:154","msg":"Upstream version details: {Name:cli Min:0.2.600 Max:0.2.762} "}
{"level":"info","time":"2026-09-04T20:02:16.049+0530","caller":"cmd/bin.go:202","msg":"Generating TraceID for tracking request: 01M1PDB7YWTFRC475209CRG8ET \n"}
{"level":"debug","time":"2026-09-04T20:02:17.946+0530","caller":"core/lifecycle.go:124","msg":"Setting environment"}
{"level":"debug","time":"2026-09-04T20:02:17.946+0530","caller":"core/lifecycle.go:127","msg":"Parsing config"}
{"level":"debug","time":"2026-09-04T20:02:17.946+0530","caller":"yamlconfigmanager/setup.go:736","msg":"Custom location for .hyperexecute.yaml specified. Using: hyperexecute-statusonly.yaml"}
{"level":"debug","time":"2026-09-04T20:02:17.946+0530","caller":"yamlconfigmanager/setup.go:118","msg":"using hyperexecute config from : hyperexecute-statusonly.yaml"}
{"level":"debug","time":"2026-09-04T20:02:19.548+0530","caller":"yamlconfigmanager/setup.go:2240","msg":"Autodetecting test type in files of path : /Users/anmolsoin/knowledge-base-LT/he-playground/fw-robot"}
{"level":"debug","time":"2026-09-04T20:02:19.548+0530","caller":"yamlconfigmanager/setup.go:1665","msg":"dynamic discovery redirect: flag off, keeping mode=dynamic"}
{"level":"debug","time":"2026-09-04T20:02:19.548+0530","caller":"yamlconfigmanager/setup.go:560","msg":"Tunnel: false"}
{"level":"info","time":"2026-09-04T20:02:19.548+0530","caller":"models/HypertestYamlConfig.go:993","msg":"\nExecution Plan"}
{"level":"info","time":"2026-09-04T20:02:19.549+0530","caller":"models/HypertestYamlConfig.go:794","msg":"Mode:    autosplit"}
{"level":"info","time":"2026-09-04T20:02:19.549+0530","caller":"models/HypertestYamlConfig.go:854","msg":"Runson:    linux"}
{"level":"info","time":"2026-09-04T20:02:19.549+0530","caller":"models/HypertestYamlConfig.go:862","msg":"Concurrency:    2"}
{"level":"info","time":"2026-09-04T20:02:19.549+0530","caller":"models/HypertestYamlConfig.go:926","msg":"Report:    enabled"}
{"level":"info","time":"2026-09-04T20:02:19.550+0530","caller":"models/HypertestYamlConfig.go:940","msg":"Artefacts:"}
{"level":"info","time":"2026-09-04T20:02:19.550+0530","caller":"models/HypertestYamlConfig.go:943","msg":"    robot-results:    results/"}
{"level":"info","time":"2026-09-04T20:02:19.550+0530","caller":"models/HypertestYamlConfig.go:1006","msg":""}
{"level":"debug","time":"2026-09-04T20:02:19.550+0530","caller":"filevalidator/setup.go:50","msg":"Warning: Checking data.json file in current directory, no dataJsonPath found in .hyperexecute.yaml"}
{"level":"debug","time":"2026-09-04T20:02:19.550+0530","caller":"filevalidator/setup.go:54","msg":"Warning: data.json file doesn't exist"}
{"level":"debug","time":"2026-09-04T20:02:22.929+0530","caller":"core/lifecycle.go:399","msg":"Job ID: 1513665d-2711-4361-9b7d-538877ae0cfe"}
{"level":"debug","time":"2026-09-04T20:02:22.929+0530","caller":"core/lifecycle.go:402","msg":"User - anmolsoin, triggered job with ID 1513665d-2711-4361-9b7d-538877ae0cfe from CLI"}
{"level":"debug","time":"2026-09-04T20:02:22.929+0530","caller":"events/manager.go:97","msg":"Starting event manager"}
{"level":"debug","time":"2026-09-04T20:02:22.930+0530","caller":"events/manager.go:99","msg":"SSE enabled, getting SSE connection"}
{"level":"debug","time":"2026-09-04T20:02:22.930+0530","caller":"archivemanager/setup.go:341","msg":"digestMap: map[]"}
{"level":"debug","time":"2026-09-04T20:02:22.930+0530","caller":"archivemanager/setup.go:347","msg":"Creating archive of target directory: /Users/anmolsoin/knowledge-base-LT/he-playground/fw-robot"}
{"level":"debug","time":"2026-09-04T20:02:22.939+0530","caller":"core/lifecycle.go:556","msg":"Zip file size: 6.27 kB"}
{"level":"debug","time":"2026-09-04T20:02:22.939+0530","caller":"core/lifecycle.go:566","msg":"Archive location: /Users/anmolsoin/knowledge-base-LT/he-playground/fw-robot/hyperexecute-code-1513665d-2711-4361-9b7d-538877ae0cfe.zip\n"}
{"level":"debug","time":"2026-09-04T20:02:22.940+0530","caller":"receptionmanager/setup.go:451","msg":"only one runtime entry detected, mapping it to older yaml format"}
{"level":"debug","time":"2026-09-04T20:02:22.941+0530","caller":"receptionmanager/setup.go:480","msg":"only one partialreports entry detected, mapping it to older yaml format"}
{"level":"debug","time":"2026-09-04T20:02:22.942+0530","caller":"receptionmanager/setup.go:221","msg":"policy enforce: feature flag off, skipping enforcement"}
{"level":"debug","time":"2026-09-04T20:02:22.942+0530","caller":"receptionmanager/setup.go:355","msg":"Uploading yaml : /Users/anmolsoin/knowledge-base-LT/he-playground/fw-robot/.updatedhyperexecute.yaml"}
{"level":"debug","time":"2026-09-04T20:02:22.943+0530","caller":"storage/azure.go:59","msg":"Payload size: 4.36 kB, source path /Users/anmolsoin/knowledge-base-LT/he-playground/fw-robot/.updatedhyperexecute.yaml"}
{"level":"debug","time":"2026-09-04T20:02:24.326+0530","caller":"events/manager.go:288","msg":"connection to hyperexecute server established successfully."}
{"level":"debug","time":"2026-09-04T20:02:25.066+0530","caller":"storage/azure.go:83","msg":"Azcopy output: \n\r100.0 %, 1 Done, 0 Failed, 0 Pending, 0 Skipped, 1 Total, 2-sec Throughput (Mb/s): 0.0174\nTotal time taken to upload(min) :0.0334\n, stderr: "}
{"level":"info","time":"2026-09-04T20:02:25.066+0530","caller":"storage/azure.go:122","msg":"File: /Users/anmolsoin/knowledge-base-LT/he-playground/fw-robot/.updatedhyperexecute.yaml upload completed in 2.123834167s"}
{"level":"debug","time":"2026-09-04T20:02:25.067+0530","caller":"storage/azure.go:59","msg":"Payload size: 6.27 kB, source path /Users/anmolsoin/knowledge-base-LT/he-playground/fw-robot/hyperexecute-code-1513665d-2711-4361-9b7d-538877ae0cfe.zip"}
{"level":"debug","time":"2026-09-04T20:02:27.112+0530","caller":"storage/azure.go:83","msg":"Azcopy output: \n\r100.0 %, 1 Done, 0 Failed, 0 Pending, 0 Skipped, 1 Total, 2-sec Throughput (Mb/s): 0.0251\nTotal time taken to upload(min) :0.0334\n, stderr: "}
{"level":"info","time":"2026-09-04T20:02:27.112+0530","caller":"storage/azure.go:122","msg":"File: /Users/anmolsoin/knowledge-base-LT/he-playground/fw-robot/hyperexecute-code-1513665d-2711-4361-9b7d-538877ae0cfe.zip upload completed in 2.045108333s"}
{"level":"debug","time":"2026-09-04T20:02:27.112+0530","caller":"core/lifecycle.go:607","msg":"Successfully deleted code archive: /Users/anmolsoin/knowledge-base-LT/he-playground/fw-robot/hyperexecute-code-1513665d-2711-4361-9b7d-538877ae0cfe.zip\n"}
{"level":"debug","time":"2026-09-04T20:02:27.112+0530","caller":"storage/azure.go:59","msg":"Payload size: 665 B, source path mask-1513665d-2711-4361-9b7d-538877ae0cfe.yaml"}
{"level":"debug","time":"2026-09-04T20:02:29.165+0530","caller":"storage/azure.go:83","msg":"Azcopy output: \n\r100.0 %, 1 Done, 0 Failed, 0 Pending, 0 Skipped, 1 Total, 2-sec Throughput (Mb/s): 0.0027\nTotal time taken to upload(min) :0.0333\n, stderr: "}
{"level":"info","time":"2026-09-04T20:02:29.165+0530","caller":"storage/azure.go:122","msg":"File: mask-1513665d-2711-4361-9b7d-538877ae0cfe.yaml upload completed in 2.0527605s"}
{"level":"debug","time":"2026-09-04T20:02:29.165+0530","caller":"httpclient/client.go:45","msg":"[DEBUG] POST https://api-stage-hyperexecute.lambdatestinternal.com/dispatcher/api/dispatcher"}
{"level":"info","time":"2026-09-04T20:02:30.294+0530","caller":"dispatchermanager/setup.go:94","msg":"Dispatch attempt to https://api-stage-hyperexecute.lambdatestinternal.com/dispatcher returned status 200"}
{"level":"debug","time":"2026-09-04T20:02:30.295+0530","caller":"core/lifecycle.go:741","msg":"Job progress won't be tracked as no-track flag is set true"}
{"level":"debug","time":"2026-09-04T20:02:30.295+0530","caller":"core/lifecycle.go:823","msg":"Context canceled"}
{"level":"info","time":"2026-09-04T20:02:30.295+0530","caller":"core/lifecycle.go:826","msg":"Stopping pipeline gracefully"}
{"level":"info","time":"2026-09-04T20:02:30.295+0530","caller":"events/manager.go:338","msg":"context done and stopping SSE"}
{"level":"debug","time":"2026-09-04T20:02:30.295+0530","caller":"events/manager.go:256","msg":"Stopping event manager"}
{"level":"info","time":"2026-09-04T20:02:30.295+0530","caller":"jobmanager/manager.go:145","msg":"Job Link: https://stage-hyperexecute.lambdatestinternal.com/hyperexecute/task?jobId=1513665d-2711-4361-9b7d-538877ae0cfe\n"}
{"level":"debug","time":"2026-09-04T20:02:30.296+0530","caller":"core/lifecycle.go:76","msg":"Quit requested from main goroutine...."}
{"level":"debug","time":"2026-09-04T20:02:30.296+0530","caller":"core/lifecycle.go:77","msg":"Waiting for the goroutines to exit"}
{"level":"debug","time":"2026-09-04T20:02:30.296+0530","caller":"core/lifecycle.go:80","msg":"All lifecycle goroutines exited"}
{"level":"debug","time":"2026-09-04T20:02:30.296+0530","caller":"cmd/bin.go:360","msg":"main: all goroutines have finished."}
{"level":"debug","time":"2026-09-04T20:02:31.157+0530","caller":"cmd/bin.go:144","msg":"cli os: darwin, cli arch: arm64"}
{"level":"debug","time":"2026-09-04T20:02:31.159+0530","caller":"cmd/bin.go:145","msg":"Current binary version: 0.2.762, Environment: stage"}
{"level":"debug","time":"2026-09-04T20:02:31.955+0530","caller":"cmd/bin.go:154","msg":"Upstream version details: {Name:cli Min:0.2.600 Max:0.2.762} "}
{"level":"info","time":"2026-09-04T20:02:31.955+0530","caller":"cmd/bin.go:202","msg":"Generating TraceID for tracking request: 01M1PDBQDEPCSGDAZC03EJY0VJ \n"}
{"level":"debug","time":"2026-09-04T20:02:33.927+0530","caller":"core/lifecycle.go:124","msg":"Setting environment"}
{"level":"debug","time":"2026-09-04T20:02:33.927+0530","caller":"core/lifecycle.go:127","msg":"Parsing config"}
{"level":"debug","time":"2026-09-04T20:02:33.927+0530","caller":"yamlconfigmanager/setup.go:736","msg":"Custom location for .hyperexecute.yaml specified. Using: hyperexecute-smoke-statusonly.yaml"}
{"level":"debug","time":"2026-09-04T20:02:33.927+0530","caller":"yamlconfigmanager/setup.go:118","msg":"using hyperexecute config from : hyperexecute-smoke-statusonly.yaml"}
{"level":"debug","time":"2026-09-04T20:02:35.604+0530","caller":"yamlconfigmanager/setup.go:2240","msg":"Autodetecting test type in files of path : /Users/anmolsoin/knowledge-base-LT/he-playground/fw-robot"}
{"level":"debug","time":"2026-09-04T20:02:35.605+0530","caller":"yamlconfigmanager/setup.go:1665","msg":"dynamic discovery redirect: flag off, keeping mode=dynamic"}
{"level":"debug","time":"2026-09-04T20:02:35.605+0530","caller":"yamlconfigmanager/setup.go:560","msg":"Tunnel: false"}
{"level":"info","time":"2026-09-04T20:02:35.605+0530","caller":"models/HypertestYamlConfig.go:993","msg":"\nExecution Plan"}
{"level":"info","time":"2026-09-04T20:02:35.605+0530","caller":"models/HypertestYamlConfig.go:794","msg":"Mode:    autosplit"}
{"level":"info","time":"2026-09-04T20:02:35.605+0530","caller":"models/HypertestYamlConfig.go:854","msg":"Runson:    linux"}
{"level":"info","time":"2026-09-04T20:02:35.605+0530","caller":"models/HypertestYamlConfig.go:862","msg":"Concurrency:    2"}
{"level":"info","time":"2026-09-04T20:02:35.605+0530","caller":"models/HypertestYamlConfig.go:926","msg":"Report:    enabled"}
{"level":"info","time":"2026-09-04T20:02:35.605+0530","caller":"models/HypertestYamlConfig.go:940","msg":"Artefacts:"}
{"level":"info","time":"2026-09-04T20:02:35.605+0530","caller":"models/HypertestYamlConfig.go:943","msg":"    robot-results:    results/"}
{"level":"info","time":"2026-09-04T20:02:35.605+0530","caller":"models/HypertestYamlConfig.go:1006","msg":""}
{"level":"debug","time":"2026-09-04T20:02:35.605+0530","caller":"filevalidator/setup.go:50","msg":"Warning: Checking data.json file in current directory, no dataJsonPath found in .hyperexecute.yaml"}
{"level":"debug","time":"2026-09-04T20:02:35.605+0530","caller":"filevalidator/setup.go:54","msg":"Warning: data.json file doesn't exist"}
{"level":"debug","time":"2026-09-04T20:02:39.138+0530","caller":"core/lifecycle.go:399","msg":"Job ID: 88ea09d9-658c-4fae-9169-94e9ec4f7c47"}
{"level":"debug","time":"2026-09-04T20:02:39.138+0530","caller":"events/manager.go:97","msg":"Starting event manager"}
{"level":"debug","time":"2026-09-04T20:02:39.139+0530","caller":"events/manager.go:99","msg":"SSE enabled, getting SSE connection"}
{"level":"debug","time":"2026-09-04T20:02:39.139+0530","caller":"core/lifecycle.go:402","msg":"User - anmolsoin, triggered job with ID 88ea09d9-658c-4fae-9169-94e9ec4f7c47 from CLI"}
{"level":"debug","time":"2026-09-04T20:02:39.140+0530","caller":"archivemanager/setup.go:341","msg":"digestMap: map[]"}
{"level":"debug","time":"2026-09-04T20:02:39.141+0530","caller":"archivemanager/setup.go:347","msg":"Creating archive of target directory: /Users/anmolsoin/knowledge-base-LT/he-playground/fw-robot"}
{"level":"debug","time":"2026-09-04T20:02:39.148+0530","caller":"core/lifecycle.go:556","msg":"Zip file size: 7.46 kB"}
{"level":"debug","time":"2026-09-04T20:02:39.148+0530","caller":"core/lifecycle.go:566","msg":"Archive location: /Users/anmolsoin/knowledge-base-LT/he-playground/fw-robot/hyperexecute-code-88ea09d9-658c-4fae-9169-94e9ec4f7c47.zip\n"}
{"level":"debug","time":"2026-09-04T20:02:39.150+0530","caller":"receptionmanager/setup.go:451","msg":"only one runtime entry detected, mapping it to older yaml format"}
{"level":"debug","time":"2026-09-04T20:02:39.151+0530","caller":"receptionmanager/setup.go:480","msg":"only one partialreports entry detected, mapping it to older yaml format"}
{"level":"debug","time":"2026-09-04T20:02:39.153+0530","caller":"receptionmanager/setup.go:221","msg":"policy enforce: feature flag off, skipping enforcement"}
{"level":"debug","time":"2026-09-04T20:02:39.153+0530","caller":"receptionmanager/setup.go:355","msg":"Uploading yaml : /Users/anmolsoin/knowledge-base-LT/he-playground/fw-robot/.updatedhyperexecute.yaml"}
{"level":"debug","time":"2026-09-04T20:02:39.154+0530","caller":"storage/azure.go:59","msg":"Payload size: 4.38 kB, source path /Users/anmolsoin/knowledge-base-LT/he-playground/fw-robot/.updatedhyperexecute.yaml"}
{"level":"debug","time":"2026-09-04T20:02:40.666+0530","caller":"events/manager.go:288","msg":"connection to hyperexecute server established successfully."}
{"level":"debug","time":"2026-09-04T20:02:41.279+0530","caller":"storage/azure.go:83","msg":"Azcopy output: \n\r100.0 %, 1 Done, 0 Failed, 0 Pending, 0 Skipped, 1 Total, 2-sec Throughput (Mb/s): 0.0175\nTotal time taken to upload(min) :0.0333\n, stderr: "}
{"level":"info","time":"2026-09-04T20:02:41.279+0530","caller":"storage/azure.go:122","msg":"File: /Users/anmolsoin/knowledge-base-LT/he-playground/fw-robot/.updatedhyperexecute.yaml upload completed in 2.125867125s"}
{"level":"debug","time":"2026-09-04T20:02:41.279+0530","caller":"storage/azure.go:59","msg":"Payload size: 7.46 kB, source path /Users/anmolsoin/knowledge-base-LT/he-playground/fw-robot/hyperexecute-code-88ea09d9-658c-4fae-9169-94e9ec4f7c47.zip"}
{"level":"debug","time":"2026-09-04T20:02:43.327+0530","caller":"storage/azure.go:83","msg":"Azcopy output: \n\r100.0 %, 1 Done, 0 Failed, 0 Pending, 0 Skipped, 1 Total, 2-sec Throughput (Mb/s): 0.0298\nTotal time taken to upload(min) :0.0334\n, stderr: "}
{"level":"info","time":"2026-09-04T20:02:43.328+0530","caller":"storage/azure.go:122","msg":"File: /Users/anmolsoin/knowledge-base-LT/he-playground/fw-robot/hyperexecute-code-88ea09d9-658c-4fae-9169-94e9ec4f7c47.zip upload completed in 2.04819625s"}
{"level":"debug","time":"2026-09-04T20:02:43.328+0530","caller":"core/lifecycle.go:607","msg":"Successfully deleted code archive: /Users/anmolsoin/knowledge-base-LT/he-playground/fw-robot/hyperexecute-code-88ea09d9-658c-4fae-9169-94e9ec4f7c47.zip\n"}
{"level":"debug","time":"2026-09-04T20:02:43.328+0530","caller":"storage/azure.go:59","msg":"Payload size: 687 B, source path mask-88ea09d9-658c-4fae-9169-94e9ec4f7c47.yaml"}
{"level":"debug","time":"2026-09-04T20:02:45.383+0530","caller":"storage/azure.go:83","msg":"Azcopy output: \n\r100.0 %, 1 Done, 0 Failed, 0 Pending, 0 Skipped, 1 Total, 2-sec Throughput (Mb/s): 0.0027\nTotal time taken to upload(min) :0.0333\n, stderr: "}
{"level":"info","time":"2026-09-04T20:02:45.383+0530","caller":"storage/azure.go:122","msg":"File: mask-88ea09d9-658c-4fae-9169-94e9ec4f7c47.yaml upload completed in 2.054541084s"}
{"level":"debug","time":"2026-09-04T20:02:45.383+0530","caller":"httpclient/client.go:45","msg":"[DEBUG] POST https://api-stage-hyperexecute.lambdatestinternal.com/dispatcher/api/dispatcher"}
{"level":"info","time":"2026-09-04T20:02:46.524+0530","caller":"dispatchermanager/setup.go:94","msg":"Dispatch attempt to https://api-stage-hyperexecute.lambdatestinternal.com/dispatcher returned status 200"}
{"level":"debug","time":"2026-09-04T20:02:46.524+0530","caller":"core/lifecycle.go:741","msg":"Job progress won't be tracked as no-track flag is set true"}
{"level":"debug","time":"2026-09-04T20:02:46.524+0530","caller":"core/lifecycle.go:823","msg":"Context canceled"}
{"level":"info","time":"2026-09-04T20:02:46.524+0530","caller":"core/lifecycle.go:826","msg":"Stopping pipeline gracefully"}
{"level":"info","time":"2026-09-04T20:02:46.524+0530","caller":"events/manager.go:338","msg":"context done and stopping SSE"}
{"level":"info","time":"2026-09-04T20:02:46.524+0530","caller":"jobmanager/manager.go:145","msg":"Job Link: https://stage-hyperexecute.lambdatestinternal.com/hyperexecute/task?jobId=88ea09d9-658c-4fae-9169-94e9ec4f7c47\n"}
{"level":"debug","time":"2026-09-04T20:02:46.524+0530","caller":"core/lifecycle.go:76","msg":"Quit requested from main goroutine...."}
{"level":"debug","time":"2026-09-04T20:02:46.524+0530","caller":"core/lifecycle.go:77","msg":"Waiting for the goroutines to exit"}
{"level":"debug","time":"2026-09-04T20:02:46.524+0530","caller":"events/manager.go:256","msg":"Stopping event manager"}
{"level":"debug","time":"2026-09-04T20:02:46.524+0530","caller":"core/lifecycle.go:80","msg":"All lifecycle goroutines exited"}
{"level":"debug","time":"2026-09-04T20:02:46.524+0530","caller":"cmd/bin.go:360","msg":"main: all goroutines have finished."}
