{"level":"debug","time":"2026-09-04T19:53:10.795+0530","caller":"cmd/bin.go:144","msg":"cli os: darwin, cli arch: arm64"}
{"level":"debug","time":"2026-09-04T19:53:10.797+0530","caller":"cmd/bin.go:145","msg":"Current binary version: 0.2.762, Environment: stage"}
{"level":"debug","time":"2026-09-04T19:53:11.602+0530","caller":"cmd/bin.go:154","msg":"Upstream version details: {Name:cli Min:0.2.600 Max:0.2.762} "}
{"level":"info","time":"2026-09-04T19:53:11.603+0530","caller":"cmd/bin.go:202","msg":"Generating TraceID for tracking request: 01M1PCTM5GFF94Z4EAAC150QYW \n"}
{"level":"debug","time":"2026-09-04T19:53:14.044+0530","caller":"core/lifecycle.go:124","msg":"Setting environment"}
{"level":"debug","time":"2026-09-04T19:53:14.045+0530","caller":"core/lifecycle.go:127","msg":"Parsing config"}
{"level":"debug","time":"2026-09-04T19:53:14.046+0530","caller":"yamlconfigmanager/setup.go:736","msg":"Custom location for .hyperexecute.yaml specified. Using: hyperexecute.yaml"}
{"level":"debug","time":"2026-09-04T19:53:14.047+0530","caller":"yamlconfigmanager/setup.go:118","msg":"using hyperexecute config from : hyperexecute.yaml"}
{"level":"debug","time":"2026-09-04T19:53:15.633+0530","caller":"yamlconfigmanager/setup.go:2240","msg":"Autodetecting test type in files of path : /Users/anmolsoin/knowledge-base-LT/he-playground/fw-db"}
{"level":"debug","time":"2026-09-04T19:53:15.633+0530","caller":"yamlconfigmanager/setup.go:1665","msg":"dynamic discovery redirect: flag off, keeping mode=dynamic"}
{"level":"info","time":"2026-09-04T19:53:15.633+0530","caller":"core/lifecycle.go:142","msg":"HyperExecute Config validated successfully"}
{"level":"debug","time":"2026-09-04T19:53:15.633+0530","caller":"core/lifecycle.go:76","msg":"Quit requested from main goroutine...."}
{"level":"debug","time":"2026-09-04T19:53:15.633+0530","caller":"core/lifecycle.go:77","msg":"Waiting for the goroutines to exit"}
{"level":"debug","time":"2026-09-04T19:53:15.633+0530","caller":"core/lifecycle.go:80","msg":"All lifecycle goroutines exited"}
{"level":"debug","time":"2026-09-04T19:53:15.633+0530","caller":"cmd/bin.go:360","msg":"main: all goroutines have finished."}
{"level":"debug","time":"2026-09-04T19:53:26.575+0530","caller":"cmd/bin.go:144","msg":"cli os: darwin, cli arch: arm64"}
{"level":"debug","time":"2026-09-04T19:53:26.575+0530","caller":"cmd/bin.go:145","msg":"Current binary version: 0.2.762, Environment: stage"}
{"level":"debug","time":"2026-09-04T19:53:27.326+0530","caller":"cmd/bin.go:154","msg":"Upstream version details: {Name:cli Min:0.2.600 Max:0.2.762} "}
{"level":"info","time":"2026-09-04T19:53:27.326+0530","caller":"cmd/bin.go:202","msg":"Generating TraceID for tracking request: 01M1PCV3KQAR54DCMY760JRN26 \n"}
{"level":"debug","time":"2026-09-04T19:53:29.546+0530","caller":"core/lifecycle.go:124","msg":"Setting environment"}
{"level":"debug","time":"2026-09-04T19:53:29.546+0530","caller":"core/lifecycle.go:127","msg":"Parsing config"}
{"level":"debug","time":"2026-09-04T19:53:29.546+0530","caller":"yamlconfigmanager/setup.go:736","msg":"Custom location for .hyperexecute.yaml specified. Using: hyperexecute.yaml"}
{"level":"debug","time":"2026-09-04T19:53:29.546+0530","caller":"yamlconfigmanager/setup.go:118","msg":"using hyperexecute config from : hyperexecute.yaml"}
{"level":"debug","time":"2026-09-04T19:53:31.115+0530","caller":"yamlconfigmanager/setup.go:2240","msg":"Autodetecting test type in files of path : /Users/anmolsoin/knowledge-base-LT/he-playground/fw-db"}
{"level":"debug","time":"2026-09-04T19:53:31.115+0530","caller":"yamlconfigmanager/setup.go:1665","msg":"dynamic discovery redirect: flag off, keeping mode=dynamic"}
{"level":"debug","time":"2026-09-04T19:53:31.115+0530","caller":"yamlconfigmanager/setup.go:560","msg":"Tunnel: false"}
{"level":"info","time":"2026-09-04T19:53:31.115+0530","caller":"models/HypertestYamlConfig.go:993","msg":"\nExecution Plan"}
{"level":"info","time":"2026-09-04T19:53:31.117+0530","caller":"models/HypertestYamlConfig.go:794","msg":"Mode:    autosplit"}
{"level":"info","time":"2026-09-04T19:53:31.117+0530","caller":"models/HypertestYamlConfig.go:854","msg":"Runson:    linux"}
{"level":"info","time":"2026-09-04T19:53:31.117+0530","caller":"models/HypertestYamlConfig.go:862","msg":"Concurrency:    2"}
{"level":"info","time":"2026-09-04T19:53:31.117+0530","caller":"models/HypertestYamlConfig.go:926","msg":"Report:    disabled"}
{"level":"info","time":"2026-09-04T19:53:31.118+0530","caller":"models/HypertestYamlConfig.go:1006","msg":""}
{"level":"debug","time":"2026-09-04T19:53:31.118+0530","caller":"filevalidator/setup.go:50","msg":"Warning: Checking data.json file in current directory, no dataJsonPath found in .hyperexecute.yaml"}
{"level":"debug","time":"2026-09-04T19:53:31.118+0530","caller":"filevalidator/setup.go:54","msg":"Warning: data.json file doesn't exist"}
{"level":"debug","time":"2026-09-04T19:53:34.937+0530","caller":"core/lifecycle.go:399","msg":"Job ID: c5748e32-d413-4cca-a0ef-31762d18df88"}
{"level":"debug","time":"2026-09-04T19:53:34.937+0530","caller":"core/lifecycle.go:402","msg":"User - anmolsoin, triggered job with ID c5748e32-d413-4cca-a0ef-31762d18df88 from CLI"}
{"level":"debug","time":"2026-09-04T19:53:34.937+0530","caller":"events/manager.go:97","msg":"Starting event manager"}
{"level":"debug","time":"2026-09-04T19:53:34.938+0530","caller":"events/manager.go:99","msg":"SSE enabled, getting SSE connection"}
{"level":"debug","time":"2026-09-04T19:53:34.938+0530","caller":"archivemanager/setup.go:341","msg":"digestMap: map[]"}
{"level":"debug","time":"2026-09-04T19:53:34.939+0530","caller":"archivemanager/setup.go:347","msg":"Creating archive of target directory: /Users/anmolsoin/knowledge-base-LT/he-playground/fw-db"}
{"level":"debug","time":"2026-09-04T19:53:34.942+0530","caller":"core/lifecycle.go:556","msg":"Zip file size: 3.69 kB"}
{"level":"debug","time":"2026-09-04T19:53:34.942+0530","caller":"core/lifecycle.go:566","msg":"Archive location: /Users/anmolsoin/knowledge-base-LT/he-playground/fw-db/hyperexecute-code-c5748e32-d413-4cca-a0ef-31762d18df88.zip\n"}
{"level":"debug","time":"2026-09-04T19:53:34.946+0530","caller":"receptionmanager/setup.go:451","msg":"only one runtime entry detected, mapping it to older yaml format"}
{"level":"debug","time":"2026-09-04T19:53:34.947+0530","caller":"receptionmanager/setup.go:470","msg":"number of entries in partialreports: 1, switching to new yaml format"}
{"level":"debug","time":"2026-09-04T19:53:34.947+0530","caller":"receptionmanager/setup.go:221","msg":"policy enforce: feature flag off, skipping enforcement"}
{"level":"debug","time":"2026-09-04T19:53:34.947+0530","caller":"receptionmanager/setup.go:355","msg":"Uploading yaml : /Users/anmolsoin/knowledge-base-LT/he-playground/fw-db/.updatedhyperexecute.yaml"}
{"level":"debug","time":"2026-09-04T19:53:34.948+0530","caller":"storage/azure.go:59","msg":"Payload size: 3.85 kB, source path /Users/anmolsoin/knowledge-base-LT/he-playground/fw-db/.updatedhyperexecute.yaml"}
{"level":"debug","time":"2026-09-04T19:53:34.948+0530","caller":"utils/azcopy.go:133","msg":"Downloading dependency binary ..................."}
{"level":"debug","time":"2026-09-04T19:53:35.247+0530","caller":"utils/azcopy.go:90","msg":"Downloading dependency to upload files"}
{"level":"debug","time":"2026-09-04T19:53:36.501+0530","caller":"events/manager.go:288","msg":"connection to hyperexecute server established successfully."}
{"level":"info","time":"2026-09-04T19:53:38.062+0530","caller":"utils/azcopy.go:108","msg":"✔ Dependency binary downloaded successfully"}
{"level":"debug","time":"2026-09-04T19:53:38.062+0530","caller":"utils/azcopy.go:184","msg":"returning from fallback"}
{"level":"debug","time":"2026-09-04T19:53:40.099+0530","caller":"storage/azure.go:83","msg":"Azcopy output: \n\r100.0 %, 1 Done, 0 Failed, 0 Pending, 0 Skipped, 1 Total, 2-sec Throughput (Mb/s): 0.0154\nTotal time taken to upload(min) :0.0333\n, stderr: "}
{"level":"info","time":"2026-09-04T19:53:40.099+0530","caller":"storage/azure.go:122","msg":"File: /Users/anmolsoin/knowledge-base-LT/he-playground/fw-db/.updatedhyperexecute.yaml upload completed in 5.151336s"}
{"level":"debug","time":"2026-09-04T19:53:40.099+0530","caller":"storage/azure.go:59","msg":"Payload size: 3.69 kB, source path /Users/anmolsoin/knowledge-base-LT/he-playground/fw-db/hyperexecute-code-c5748e32-d413-4cca-a0ef-31762d18df88.zip"}
{"level":"debug","time":"2026-09-04T19:53:42.143+0530","caller":"storage/azure.go:83","msg":"Azcopy output: \n\r100.0 %, 1 Done, 0 Failed, 0 Pending, 0 Skipped, 1 Total, 2-sec Throughput (Mb/s): 0.0148\nTotal time taken to upload(min) :0.0333\n, stderr: "}
{"level":"info","time":"2026-09-04T19:53:42.143+0530","caller":"storage/azure.go:122","msg":"File: /Users/anmolsoin/knowledge-base-LT/he-playground/fw-db/hyperexecute-code-c5748e32-d413-4cca-a0ef-31762d18df88.zip upload completed in 2.044147917s"}
{"level":"debug","time":"2026-09-04T19:53:42.143+0530","caller":"core/lifecycle.go:607","msg":"Successfully deleted code archive: /Users/anmolsoin/knowledge-base-LT/he-playground/fw-db/hyperexecute-code-c5748e32-d413-4cca-a0ef-31762d18df88.zip\n"}
{"level":"debug","time":"2026-09-04T19:53:42.143+0530","caller":"storage/azure.go:59","msg":"Payload size: 514 B, source path mask-c5748e32-d413-4cca-a0ef-31762d18df88.yaml"}
{"level":"debug","time":"2026-09-04T19:53:44.189+0530","caller":"storage/azure.go:83","msg":"Azcopy output: \n\r100.0 %, 1 Done, 0 Failed, 0 Pending, 0 Skipped, 1 Total, 2-sec Throughput (Mb/s): 0.0021\nTotal time taken to upload(min) :0.0333\n, stderr: "}
{"level":"info","time":"2026-09-04T19:53:44.189+0530","caller":"storage/azure.go:122","msg":"File: mask-c5748e32-d413-4cca-a0ef-31762d18df88.yaml upload completed in 2.046155666s"}
{"level":"debug","time":"2026-09-04T19:53:44.190+0530","caller":"httpclient/client.go:45","msg":"[DEBUG] POST https://api-stage-hyperexecute.lambdatestinternal.com/dispatcher/api/dispatcher"}
{"level":"info","time":"2026-09-04T19:53:45.356+0530","caller":"dispatchermanager/setup.go:94","msg":"Dispatch attempt to https://api-stage-hyperexecute.lambdatestinternal.com/dispatcher returned status 200"}
{"level":"debug","time":"2026-09-04T19:53:45.357+0530","caller":"core/lifecycle.go:741","msg":"Job progress won't be tracked as no-track flag is set true"}
{"level":"debug","time":"2026-09-04T19:53:45.357+0530","caller":"core/lifecycle.go:823","msg":"Context canceled"}
{"level":"info","time":"2026-09-04T19:53:45.357+0530","caller":"core/lifecycle.go:826","msg":"Stopping pipeline gracefully"}
{"level":"info","time":"2026-09-04T19:53:45.357+0530","caller":"events/manager.go:338","msg":"context done and stopping SSE"}
{"level":"debug","time":"2026-09-04T19:53:45.357+0530","caller":"events/manager.go:256","msg":"Stopping event manager"}
{"level":"info","time":"2026-09-04T19:53:45.357+0530","caller":"jobmanager/manager.go:145","msg":"Job Link: https://stage-hyperexecute.lambdatestinternal.com/hyperexecute/task?jobId=c5748e32-d413-4cca-a0ef-31762d18df88\n"}
{"level":"debug","time":"2026-09-04T19:53:45.357+0530","caller":"core/lifecycle.go:76","msg":"Quit requested from main goroutine...."}
{"level":"debug","time":"2026-09-04T19:53:45.357+0530","caller":"core/lifecycle.go:77","msg":"Waiting for the goroutines to exit"}
{"level":"debug","time":"2026-09-04T19:53:45.357+0530","caller":"core/lifecycle.go:80","msg":"All lifecycle goroutines exited"}
{"level":"debug","time":"2026-09-04T19:53:45.357+0530","caller":"cmd/bin.go:360","msg":"main: all goroutines have finished."}
{"level":"debug","time":"2026-09-04T19:59:01.617+0530","caller":"cmd/bin.go:144","msg":"cli os: darwin, cli arch: arm64"}
{"level":"debug","time":"2026-09-04T19:59:01.620+0530","caller":"cmd/bin.go:145","msg":"Current binary version: 0.2.762, Environment: stage"}
{"level":"debug","time":"2026-09-04T19:59:02.429+0530","caller":"cmd/bin.go:154","msg":"Upstream version details: {Name:cli Min:0.2.600 Max:0.2.762} "}
{"level":"info","time":"2026-09-04T19:59:02.429+0530","caller":"cmd/bin.go:202","msg":"Generating TraceID for tracking request: 01M1PD5APZQVB263WBKGFNM5CY \n"}
{"level":"debug","time":"2026-09-04T19:59:04.919+0530","caller":"core/lifecycle.go:124","msg":"Setting environment"}
{"level":"debug","time":"2026-09-04T19:59:04.919+0530","caller":"core/lifecycle.go:127","msg":"Parsing config"}
{"level":"debug","time":"2026-09-04T19:59:04.920+0530","caller":"yamlconfigmanager/setup.go:736","msg":"Custom location for .hyperexecute.yaml specified. Using: hyperexecute.yaml"}
{"level":"debug","time":"2026-09-04T19:59:04.920+0530","caller":"yamlconfigmanager/setup.go:118","msg":"using hyperexecute config from : hyperexecute.yaml"}
{"level":"debug","time":"2026-09-04T19:59:06.513+0530","caller":"yamlconfigmanager/setup.go:2240","msg":"Autodetecting test type in files of path : /Users/anmolsoin/knowledge-base-LT/he-playground/fw-db"}
{"level":"debug","time":"2026-09-04T19:59:06.515+0530","caller":"yamlconfigmanager/setup.go:1665","msg":"dynamic discovery redirect: flag off, keeping mode=dynamic"}
{"level":"debug","time":"2026-09-04T19:59:06.515+0530","caller":"yamlconfigmanager/setup.go:560","msg":"Tunnel: false"}
{"level":"info","time":"2026-09-04T19:59:06.515+0530","caller":"models/HypertestYamlConfig.go:993","msg":"\nExecution Plan"}
{"level":"info","time":"2026-09-04T19:59:06.516+0530","caller":"models/HypertestYamlConfig.go:794","msg":"Mode:    autosplit"}
{"level":"info","time":"2026-09-04T19:59:06.516+0530","caller":"models/HypertestYamlConfig.go:854","msg":"Runson:    linux"}
{"level":"info","time":"2026-09-04T19:59:06.516+0530","caller":"models/HypertestYamlConfig.go:862","msg":"Concurrency:    2"}
{"level":"info","time":"2026-09-04T19:59:06.516+0530","caller":"models/HypertestYamlConfig.go:926","msg":"Report:    enabled"}
{"level":"info","time":"2026-09-04T19:59:06.516+0530","caller":"models/HypertestYamlConfig.go:940","msg":"Artefacts:"}
{"level":"info","time":"2026-09-04T19:59:06.516+0530","caller":"models/HypertestYamlConfig.go:943","msg":"    pytest-html-report:    pytest-report.html"}
{"level":"info","time":"2026-09-04T19:59:06.516+0530","caller":"models/HypertestYamlConfig.go:943","msg":"    pytest-run-log:    pytest-run.log"}
{"level":"info","time":"2026-09-04T19:59:06.516+0530","caller":"models/HypertestYamlConfig.go:1006","msg":""}
{"level":"debug","time":"2026-09-04T19:59:06.516+0530","caller":"filevalidator/setup.go:50","msg":"Warning: Checking data.json file in current directory, no dataJsonPath found in .hyperexecute.yaml"}
{"level":"debug","time":"2026-09-04T19:59:06.516+0530","caller":"filevalidator/setup.go:54","msg":"Warning: data.json file doesn't exist"}
{"level":"debug","time":"2026-09-04T19:59:10.353+0530","caller":"core/lifecycle.go:399","msg":"Job ID: 00eb393c-5e9b-41d6-bd4d-52c21a4e7c9a"}
{"level":"debug","time":"2026-09-04T19:59:10.354+0530","caller":"core/lifecycle.go:402","msg":"User - anmolsoin, triggered job with ID 00eb393c-5e9b-41d6-bd4d-52c21a4e7c9a from CLI"}
{"level":"debug","time":"2026-09-04T19:59:10.354+0530","caller":"events/manager.go:97","msg":"Starting event manager"}
{"level":"debug","time":"2026-09-04T19:59:10.355+0530","caller":"events/manager.go:99","msg":"SSE enabled, getting SSE connection"}
{"level":"debug","time":"2026-09-04T19:59:10.355+0530","caller":"archivemanager/setup.go:341","msg":"digestMap: map[]"}
{"level":"debug","time":"2026-09-04T19:59:10.356+0530","caller":"archivemanager/setup.go:347","msg":"Creating archive of target directory: /Users/anmolsoin/knowledge-base-LT/he-playground/fw-db"}
{"level":"debug","time":"2026-09-04T19:59:10.360+0530","caller":"core/lifecycle.go:556","msg":"Zip file size: 3.91 kB"}
{"level":"debug","time":"2026-09-04T19:59:10.360+0530","caller":"core/lifecycle.go:566","msg":"Archive location: /Users/anmolsoin/knowledge-base-LT/he-playground/fw-db/hyperexecute-code-00eb393c-5e9b-41d6-bd4d-52c21a4e7c9a.zip\n"}
{"level":"debug","time":"2026-09-04T19:59:10.361+0530","caller":"receptionmanager/setup.go:451","msg":"only one runtime entry detected, mapping it to older yaml format"}
{"level":"debug","time":"2026-09-04T19:59:10.362+0530","caller":"receptionmanager/setup.go:480","msg":"only one partialreports entry detected, mapping it to older yaml format"}
{"level":"debug","time":"2026-09-04T19:59:10.362+0530","caller":"receptionmanager/setup.go:221","msg":"policy enforce: feature flag off, skipping enforcement"}
{"level":"debug","time":"2026-09-04T19:59:10.363+0530","caller":"receptionmanager/setup.go:355","msg":"Uploading yaml : /Users/anmolsoin/knowledge-base-LT/he-playground/fw-db/.updatedhyperexecute.yaml"}
{"level":"debug","time":"2026-09-04T19:59:10.363+0530","caller":"storage/azure.go:59","msg":"Payload size: 4.36 kB, source path /Users/anmolsoin/knowledge-base-LT/he-playground/fw-db/.updatedhyperexecute.yaml"}
{"level":"debug","time":"2026-09-04T19:59:11.944+0530","caller":"events/manager.go:288","msg":"connection to hyperexecute server established successfully."}
{"level":"debug","time":"2026-09-04T19:59:12.532+0530","caller":"storage/azure.go:83","msg":"Azcopy output: \n\r100.0 %, 1 Done, 0 Failed, 0 Pending, 0 Skipped, 1 Total, 2-sec Throughput (Mb/s): 0.0174\nTotal time taken to upload(min) :0.0334\n, stderr: "}
{"level":"info","time":"2026-09-04T19:59:12.532+0530","caller":"storage/azure.go:122","msg":"File: /Users/anmolsoin/knowledge-base-LT/he-playground/fw-db/.updatedhyperexecute.yaml upload completed in 2.169260334s"}
{"level":"debug","time":"2026-09-04T19:59:12.532+0530","caller":"storage/azure.go:59","msg":"Payload size: 3.91 kB, source path /Users/anmolsoin/knowledge-base-LT/he-playground/fw-db/hyperexecute-code-00eb393c-5e9b-41d6-bd4d-52c21a4e7c9a.zip"}
{"level":"debug","time":"2026-09-04T19:59:14.579+0530","caller":"storage/azure.go:83","msg":"Azcopy output: \n\r100.0 %, 1 Done, 0 Failed, 0 Pending, 0 Skipped, 1 Total, 2-sec Throughput (Mb/s): 0.0156\nTotal time taken to upload(min) :0.0334\n, stderr: "}
{"level":"info","time":"2026-09-04T19:59:14.579+0530","caller":"storage/azure.go:122","msg":"File: /Users/anmolsoin/knowledge-base-LT/he-playground/fw-db/hyperexecute-code-00eb393c-5e9b-41d6-bd4d-52c21a4e7c9a.zip upload completed in 2.046579792s"}
{"level":"debug","time":"2026-09-04T19:59:14.579+0530","caller":"core/lifecycle.go:607","msg":"Successfully deleted code archive: /Users/anmolsoin/knowledge-base-LT/he-playground/fw-db/hyperexecute-code-00eb393c-5e9b-41d6-bd4d-52c21a4e7c9a.zip\n"}
{"level":"debug","time":"2026-09-04T19:59:14.580+0530","caller":"storage/azure.go:59","msg":"Payload size: 760 B, source path mask-00eb393c-5e9b-41d6-bd4d-52c21a4e7c9a.yaml"}
{"level":"debug","time":"2026-09-04T19:59:16.624+0530","caller":"storage/azure.go:83","msg":"Azcopy output: \n\r100.0 %, 1 Done, 0 Failed, 0 Pending, 0 Skipped, 1 Total, 2-sec Throughput (Mb/s): 0.003\nTotal time taken to upload(min) :0.0334\n, stderr: "}
{"level":"info","time":"2026-09-04T19:59:16.624+0530","caller":"storage/azure.go:122","msg":"File: mask-00eb393c-5e9b-41d6-bd4d-52c21a4e7c9a.yaml upload completed in 2.044596542s"}
{"level":"debug","time":"2026-09-04T19:59:16.624+0530","caller":"httpclient/client.go:45","msg":"[DEBUG] POST https://api-stage-hyperexecute.lambdatestinternal.com/dispatcher/api/dispatcher"}
{"level":"info","time":"2026-09-04T19:59:17.749+0530","caller":"dispatchermanager/setup.go:94","msg":"Dispatch attempt to https://api-stage-hyperexecute.lambdatestinternal.com/dispatcher returned status 200"}
{"level":"debug","time":"2026-09-04T19:59:17.749+0530","caller":"core/lifecycle.go:741","msg":"Job progress won't be tracked as no-track flag is set true"}
{"level":"debug","time":"2026-09-04T19:59:17.749+0530","caller":"core/lifecycle.go:823","msg":"Context canceled"}
{"level":"info","time":"2026-09-04T19:59:17.749+0530","caller":"core/lifecycle.go:826","msg":"Stopping pipeline gracefully"}
{"level":"info","time":"2026-09-04T19:59:17.749+0530","caller":"events/manager.go:338","msg":"context done and stopping SSE"}
{"level":"info","time":"2026-09-04T19:59:17.749+0530","caller":"jobmanager/manager.go:145","msg":"Job Link: https://stage-hyperexecute.lambdatestinternal.com/hyperexecute/task?jobId=00eb393c-5e9b-41d6-bd4d-52c21a4e7c9a\n"}
{"level":"debug","time":"2026-09-04T19:59:17.749+0530","caller":"events/manager.go:256","msg":"Stopping event manager"}
{"level":"debug","time":"2026-09-04T19:59:17.750+0530","caller":"core/lifecycle.go:76","msg":"Quit requested from main goroutine...."}
{"level":"debug","time":"2026-09-04T19:59:17.750+0530","caller":"core/lifecycle.go:77","msg":"Waiting for the goroutines to exit"}
{"level":"debug","time":"2026-09-04T19:59:17.750+0530","caller":"core/lifecycle.go:80","msg":"All lifecycle goroutines exited"}
{"level":"debug","time":"2026-09-04T19:59:17.750+0530","caller":"cmd/bin.go:360","msg":"main: all goroutines have finished."}
{"level":"debug","time":"2026-09-04T20:09:39.627+0530","caller":"cmd/bin.go:144","msg":"cli os: darwin, cli arch: arm64"}
{"level":"debug","time":"2026-09-04T20:09:39.631+0530","caller":"cmd/bin.go:145","msg":"Current binary version: 0.2.762, Environment: stage"}
{"level":"debug","time":"2026-09-04T20:09:40.325+0530","caller":"cmd/bin.go:154","msg":"Upstream version details: {Name:cli Min:0.2.600 Max:0.2.762} "}
{"level":"info","time":"2026-09-04T20:09:40.326+0530","caller":"cmd/bin.go:202","msg":"Generating TraceID for tracking request: 01M1PDRSX57A3NGMXJSYBTY6F3 \n"}
{"level":"debug","time":"2026-09-04T20:09:42.520+0530","caller":"core/lifecycle.go:124","msg":"Setting environment"}
{"level":"debug","time":"2026-09-04T20:09:42.522+0530","caller":"core/lifecycle.go:127","msg":"Parsing config"}
{"level":"debug","time":"2026-09-04T20:09:42.523+0530","caller":"yamlconfigmanager/setup.go:736","msg":"Custom location for .hyperexecute.yaml specified. Using: hyperexecute.yaml"}
{"level":"debug","time":"2026-09-04T20:09:42.524+0530","caller":"yamlconfigmanager/setup.go:118","msg":"using hyperexecute config from : hyperexecute.yaml"}
{"level":"debug","time":"2026-09-04T20:09:44.153+0530","caller":"yamlconfigmanager/setup.go:2240","msg":"Autodetecting test type in files of path : /Users/anmolsoin/knowledge-base-LT/he-playground/fw-db"}
{"level":"debug","time":"2026-09-04T20:09:44.154+0530","caller":"yamlconfigmanager/setup.go:1665","msg":"dynamic discovery redirect: flag off, keeping mode=dynamic"}
{"level":"debug","time":"2026-09-04T20:09:44.154+0530","caller":"yamlconfigmanager/setup.go:560","msg":"Tunnel: false"}
{"level":"info","time":"2026-09-04T20:09:44.154+0530","caller":"models/HypertestYamlConfig.go:993","msg":"\nExecution Plan"}
{"level":"info","time":"2026-09-04T20:09:44.155+0530","caller":"models/HypertestYamlConfig.go:794","msg":"Mode:    autosplit"}
{"level":"info","time":"2026-09-04T20:09:44.155+0530","caller":"models/HypertestYamlConfig.go:854","msg":"Runson:    linux"}
{"level":"info","time":"2026-09-04T20:09:44.155+0530","caller":"models/HypertestYamlConfig.go:862","msg":"Concurrency:    2"}
{"level":"info","time":"2026-09-04T20:09:44.155+0530","caller":"models/HypertestYamlConfig.go:926","msg":"Report:    enabled"}
{"level":"info","time":"2026-09-04T20:09:44.155+0530","caller":"models/HypertestYamlConfig.go:940","msg":"Artefacts:"}
{"level":"info","time":"2026-09-04T20:09:44.155+0530","caller":"models/HypertestYamlConfig.go:943","msg":"    pytest-html-report:    pytest-report.html"}
{"level":"info","time":"2026-09-04T20:09:44.155+0530","caller":"models/HypertestYamlConfig.go:943","msg":"    pytest-run-log:    pytest-run.log"}
{"level":"info","time":"2026-09-04T20:09:44.155+0530","caller":"models/HypertestYamlConfig.go:1006","msg":""}
{"level":"debug","time":"2026-09-04T20:09:44.155+0530","caller":"filevalidator/setup.go:50","msg":"Warning: Checking data.json file in current directory, no dataJsonPath found in .hyperexecute.yaml"}
{"level":"debug","time":"2026-09-04T20:09:44.156+0530","caller":"filevalidator/setup.go:54","msg":"Warning: data.json file doesn't exist"}
{"level":"debug","time":"2026-09-04T20:09:47.490+0530","caller":"core/lifecycle.go:399","msg":"Job ID: 637313ba-23c9-4b8e-bace-b0a275fd26ea"}
{"level":"debug","time":"2026-09-04T20:09:47.490+0530","caller":"core/lifecycle.go:402","msg":"User - anmolsoin, triggered job with ID 637313ba-23c9-4b8e-bace-b0a275fd26ea from CLI"}
{"level":"debug","time":"2026-09-04T20:09:47.490+0530","caller":"events/manager.go:97","msg":"Starting event manager"}
{"level":"debug","time":"2026-09-04T20:09:47.491+0530","caller":"events/manager.go:99","msg":"SSE enabled, getting SSE connection"}
{"level":"debug","time":"2026-09-04T20:09:47.491+0530","caller":"archivemanager/setup.go:341","msg":"digestMap: map[]"}
{"level":"debug","time":"2026-09-04T20:09:47.492+0530","caller":"archivemanager/setup.go:347","msg":"Creating archive of target directory: /Users/anmolsoin/knowledge-base-LT/he-playground/fw-db"}
{"level":"debug","time":"2026-09-04T20:09:47.496+0530","caller":"core/lifecycle.go:556","msg":"Zip file size: 3.90 kB"}
{"level":"debug","time":"2026-09-04T20:09:47.497+0530","caller":"core/lifecycle.go:566","msg":"Archive location: /Users/anmolsoin/knowledge-base-LT/he-playground/fw-db/hyperexecute-code-637313ba-23c9-4b8e-bace-b0a275fd26ea.zip\n"}
{"level":"debug","time":"2026-09-04T20:09:47.499+0530","caller":"receptionmanager/setup.go:451","msg":"only one runtime entry detected, mapping it to older yaml format"}
{"level":"debug","time":"2026-09-04T20:09:47.500+0530","caller":"receptionmanager/setup.go:480","msg":"only one partialreports entry detected, mapping it to older yaml format"}
{"level":"debug","time":"2026-09-04T20:09:47.500+0530","caller":"receptionmanager/setup.go:221","msg":"policy enforce: feature flag off, skipping enforcement"}
{"level":"debug","time":"2026-09-04T20:09:47.501+0530","caller":"receptionmanager/setup.go:355","msg":"Uploading yaml : /Users/anmolsoin/knowledge-base-LT/he-playground/fw-db/.updatedhyperexecute.yaml"}
{"level":"debug","time":"2026-09-04T20:09:47.502+0530","caller":"storage/azure.go:59","msg":"Payload size: 4.37 kB, source path /Users/anmolsoin/knowledge-base-LT/he-playground/fw-db/.updatedhyperexecute.yaml"}
{"level":"debug","time":"2026-09-04T20:09:48.886+0530","caller":"events/manager.go:288","msg":"connection to hyperexecute server established successfully."}
{"level":"debug","time":"2026-09-04T20:09:49.648+0530","caller":"storage/azure.go:83","msg":"Azcopy output: \n\r100.0 %, 1 Done, 0 Failed, 0 Pending, 0 Skipped, 1 Total, 2-sec Throughput (Mb/s): 0.0175\nTotal time taken to upload(min) :0.0333\n, stderr: "}
{"level":"info","time":"2026-09-04T20:09:49.649+0530","caller":"storage/azure.go:122","msg":"File: /Users/anmolsoin/knowledge-base-LT/he-playground/fw-db/.updatedhyperexecute.yaml upload completed in 2.146961208s"}
{"level":"debug","time":"2026-09-04T20:09:49.649+0530","caller":"storage/azure.go:59","msg":"Payload size: 3.90 kB, source path /Users/anmolsoin/knowledge-base-LT/he-playground/fw-db/hyperexecute-code-637313ba-23c9-4b8e-bace-b0a275fd26ea.zip"}
{"level":"debug","time":"2026-09-04T20:09:51.689+0530","caller":"storage/azure.go:83","msg":"Azcopy output: \n\r100.0 %, 1 Done, 0 Failed, 0 Pending, 0 Skipped, 1 Total, 2-sec Throughput (Mb/s): 0.0156\nTotal time taken to upload(min) :0.0334\n, stderr: "}
{"level":"info","time":"2026-09-04T20:09:51.689+0530","caller":"storage/azure.go:122","msg":"File: /Users/anmolsoin/knowledge-base-LT/he-playground/fw-db/hyperexecute-code-637313ba-23c9-4b8e-bace-b0a275fd26ea.zip upload completed in 2.040320291s"}
{"level":"debug","time":"2026-09-04T20:09:51.689+0530","caller":"core/lifecycle.go:607","msg":"Successfully deleted code archive: /Users/anmolsoin/knowledge-base-LT/he-playground/fw-db/hyperexecute-code-637313ba-23c9-4b8e-bace-b0a275fd26ea.zip\n"}
{"level":"debug","time":"2026-09-04T20:09:51.689+0530","caller":"storage/azure.go:59","msg":"Payload size: 761 B, source path mask-637313ba-23c9-4b8e-bace-b0a275fd26ea.yaml"}
{"level":"debug","time":"2026-09-04T20:09:53.737+0530","caller":"storage/azure.go:83","msg":"Azcopy output: \n\r100.0 %, 1 Done, 0 Failed, 0 Pending, 0 Skipped, 1 Total, 2-sec Throughput (Mb/s): 0.003\nTotal time taken to upload(min) :0.0333\n, stderr: "}
{"level":"info","time":"2026-09-04T20:09:53.737+0530","caller":"storage/azure.go:122","msg":"File: mask-637313ba-23c9-4b8e-bace-b0a275fd26ea.yaml upload completed in 2.047627125s"}
{"level":"debug","time":"2026-09-04T20:09:53.737+0530","caller":"httpclient/client.go:45","msg":"[DEBUG] POST https://api-stage-hyperexecute.lambdatestinternal.com/dispatcher/api/dispatcher"}
{"level":"info","time":"2026-09-04T20:09:54.783+0530","caller":"dispatchermanager/setup.go:94","msg":"Dispatch attempt to https://api-stage-hyperexecute.lambdatestinternal.com/dispatcher returned status 200"}
{"level":"debug","time":"2026-09-04T20:09:54.783+0530","caller":"core/lifecycle.go:741","msg":"Job progress won't be tracked as no-track flag is set true"}
{"level":"debug","time":"2026-09-04T20:09:54.783+0530","caller":"core/lifecycle.go:823","msg":"Context canceled"}
{"level":"info","time":"2026-09-04T20:09:54.783+0530","caller":"events/manager.go:338","msg":"context done and stopping SSE"}
{"level":"info","time":"2026-09-04T20:09:54.783+0530","caller":"core/lifecycle.go:826","msg":"Stopping pipeline gracefully"}
{"level":"debug","time":"2026-09-04T20:09:54.783+0530","caller":"events/manager.go:256","msg":"Stopping event manager"}
{"level":"info","time":"2026-09-04T20:09:54.783+0530","caller":"jobmanager/manager.go:145","msg":"Job Link: https://stage-hyperexecute.lambdatestinternal.com/hyperexecute/task?jobId=637313ba-23c9-4b8e-bace-b0a275fd26ea\n"}
{"level":"debug","time":"2026-09-04T20:09:54.785+0530","caller":"core/lifecycle.go:76","msg":"Quit requested from main goroutine...."}
{"level":"debug","time":"2026-09-04T20:09:54.785+0530","caller":"core/lifecycle.go:77","msg":"Waiting for the goroutines to exit"}
{"level":"debug","time":"2026-09-04T20:09:54.785+0530","caller":"core/lifecycle.go:80","msg":"All lifecycle goroutines exited"}
{"level":"debug","time":"2026-09-04T20:09:54.785+0530","caller":"cmd/bin.go:360","msg":"main: all goroutines have finished."}
{"level":"debug","time":"2026-09-04T20:16:16.237+0530","caller":"cmd/bin.go:144","msg":"cli os: darwin, cli arch: arm64"}
{"level":"debug","time":"2026-09-04T20:16:16.238+0530","caller":"cmd/bin.go:145","msg":"Current binary version: 0.2.762, Environment: stage"}
{"level":"debug","time":"2026-09-04T20:16:16.981+0530","caller":"cmd/bin.go:154","msg":"Upstream version details: {Name:cli Min:0.2.600 Max:0.2.762} "}
{"level":"info","time":"2026-09-04T20:16:16.981+0530","caller":"cmd/bin.go:202","msg":"Generating TraceID for tracking request: 01M1PE4X513A42Q9NWQRB1EJ2S \n"}
{"level":"debug","time":"2026-09-04T20:16:18.986+0530","caller":"core/lifecycle.go:124","msg":"Setting environment"}
{"level":"debug","time":"2026-09-04T20:16:18.987+0530","caller":"core/lifecycle.go:127","msg":"Parsing config"}
{"level":"debug","time":"2026-09-04T20:16:18.987+0530","caller":"yamlconfigmanager/setup.go:736","msg":"Custom location for .hyperexecute.yaml specified. Using: hyperexecute.yaml"}
{"level":"debug","time":"2026-09-04T20:16:18.987+0530","caller":"yamlconfigmanager/setup.go:118","msg":"using hyperexecute config from : hyperexecute.yaml"}
{"level":"debug","time":"2026-09-04T20:16:20.455+0530","caller":"yamlconfigmanager/setup.go:2240","msg":"Autodetecting test type in files of path : /Users/anmolsoin/knowledge-base-LT/he-playground/fw-db"}
{"level":"debug","time":"2026-09-04T20:16:20.455+0530","caller":"yamlconfigmanager/setup.go:1665","msg":"dynamic discovery redirect: flag off, keeping mode=dynamic"}
{"level":"debug","time":"2026-09-04T20:16:20.455+0530","caller":"yamlconfigmanager/setup.go:560","msg":"Tunnel: false"}
{"level":"info","time":"2026-09-04T20:16:20.455+0530","caller":"models/HypertestYamlConfig.go:993","msg":"\nExecution Plan"}
{"level":"info","time":"2026-09-04T20:16:20.455+0530","caller":"models/HypertestYamlConfig.go:794","msg":"Mode:    autosplit"}
{"level":"info","time":"2026-09-04T20:16:20.455+0530","caller":"models/HypertestYamlConfig.go:854","msg":"Runson:    linux"}
{"level":"info","time":"2026-09-04T20:16:20.455+0530","caller":"models/HypertestYamlConfig.go:862","msg":"Concurrency:    2"}
{"level":"info","time":"2026-09-04T20:16:20.455+0530","caller":"models/HypertestYamlConfig.go:926","msg":"Report:    enabled"}
{"level":"info","time":"2026-09-04T20:16:20.455+0530","caller":"models/HypertestYamlConfig.go:940","msg":"Artefacts:"}
{"level":"info","time":"2026-09-04T20:16:20.455+0530","caller":"models/HypertestYamlConfig.go:943","msg":"    pytest-html-report:    pytest-report.html"}
{"level":"info","time":"2026-09-04T20:16:20.455+0530","caller":"models/HypertestYamlConfig.go:943","msg":"    pytest-run-log:    pytest-run.log"}
{"level":"info","time":"2026-09-04T20:16:20.455+0530","caller":"models/HypertestYamlConfig.go:1006","msg":""}
{"level":"debug","time":"2026-09-04T20:16:20.455+0530","caller":"filevalidator/setup.go:50","msg":"Warning: Checking data.json file in current directory, no dataJsonPath found in .hyperexecute.yaml"}
{"level":"debug","time":"2026-09-04T20:16:20.455+0530","caller":"filevalidator/setup.go:54","msg":"Warning: data.json file doesn't exist"}
{"level":"debug","time":"2026-09-04T20:16:23.850+0530","caller":"core/lifecycle.go:399","msg":"Job ID: add3e541-b61f-47a3-9147-ecc5dfa9023c"}
{"level":"debug","time":"2026-09-04T20:16:23.851+0530","caller":"core/lifecycle.go:402","msg":"User - anmolsoin, triggered job with ID add3e541-b61f-47a3-9147-ecc5dfa9023c from CLI"}
{"level":"debug","time":"2026-09-04T20:16:23.850+0530","caller":"events/manager.go:97","msg":"Starting event manager"}
{"level":"debug","time":"2026-09-04T20:16:23.851+0530","caller":"events/manager.go:99","msg":"SSE enabled, getting SSE connection"}
{"level":"debug","time":"2026-09-04T20:16:23.853+0530","caller":"archivemanager/setup.go:341","msg":"digestMap: map[]"}
{"level":"debug","time":"2026-09-04T20:16:23.853+0530","caller":"archivemanager/setup.go:347","msg":"Creating archive of target directory: /Users/anmolsoin/knowledge-base-LT/he-playground/fw-db"}
{"level":"debug","time":"2026-09-04T20:16:23.859+0530","caller":"core/lifecycle.go:556","msg":"Zip file size: 3.93 kB"}
{"level":"debug","time":"2026-09-04T20:16:23.859+0530","caller":"core/lifecycle.go:566","msg":"Archive location: /Users/anmolsoin/knowledge-base-LT/he-playground/fw-db/hyperexecute-code-add3e541-b61f-47a3-9147-ecc5dfa9023c.zip\n"}
{"level":"debug","time":"2026-09-04T20:16:23.862+0530","caller":"receptionmanager/setup.go:451","msg":"only one runtime entry detected, mapping it to older yaml format"}
{"level":"debug","time":"2026-09-04T20:16:23.863+0530","caller":"receptionmanager/setup.go:480","msg":"only one partialreports entry detected, mapping it to older yaml format"}
{"level":"debug","time":"2026-09-04T20:16:23.864+0530","caller":"receptionmanager/setup.go:221","msg":"policy enforce: feature flag off, skipping enforcement"}
{"level":"debug","time":"2026-09-04T20:16:23.865+0530","caller":"receptionmanager/setup.go:355","msg":"Uploading yaml : /Users/anmolsoin/knowledge-base-LT/he-playground/fw-db/.updatedhyperexecute.yaml"}
{"level":"debug","time":"2026-09-04T20:16:23.865+0530","caller":"storage/azure.go:59","msg":"Payload size: 4.40 kB, source path /Users/anmolsoin/knowledge-base-LT/he-playground/fw-db/.updatedhyperexecute.yaml"}
{"level":"debug","time":"2026-09-04T20:16:25.117+0530","caller":"events/manager.go:288","msg":"connection to hyperexecute server established successfully."}
{"level":"debug","time":"2026-09-04T20:16:26.024+0530","caller":"storage/azure.go:83","msg":"Azcopy output: \n\r100.0 %, 1 Done, 0 Failed, 0 Pending, 0 Skipped, 1 Total, 2-sec Throughput (Mb/s): 0.0176\nTotal time taken to upload(min) :0.0334\n, stderr: "}
{"level":"info","time":"2026-09-04T20:16:26.024+0530","caller":"storage/azure.go:122","msg":"File: /Users/anmolsoin/knowledge-base-LT/he-playground/fw-db/.updatedhyperexecute.yaml upload completed in 2.158712542s"}
{"level":"debug","time":"2026-09-04T20:16:26.024+0530","caller":"storage/azure.go:59","msg":"Payload size: 3.93 kB, source path /Users/anmolsoin/knowledge-base-LT/he-playground/fw-db/hyperexecute-code-add3e541-b61f-47a3-9147-ecc5dfa9023c.zip"}
{"level":"debug","time":"2026-09-04T20:16:28.072+0530","caller":"storage/azure.go:83","msg":"Azcopy output: \n\r100.0 %, 1 Done, 0 Failed, 0 Pending, 0 Skipped, 1 Total, 2-sec Throughput (Mb/s): 0.0157\nTotal time taken to upload(min) :0.0334\n, stderr: "}
{"level":"info","time":"2026-09-04T20:16:28.072+0530","caller":"storage/azure.go:122","msg":"File: /Users/anmolsoin/knowledge-base-LT/he-playground/fw-db/hyperexecute-code-add3e541-b61f-47a3-9147-ecc5dfa9023c.zip upload completed in 2.04690075s"}
{"level":"debug","time":"2026-09-04T20:16:28.072+0530","caller":"core/lifecycle.go:607","msg":"Successfully deleted code archive: /Users/anmolsoin/knowledge-base-LT/he-playground/fw-db/hyperexecute-code-add3e541-b61f-47a3-9147-ecc5dfa9023c.zip\n"}
{"level":"debug","time":"2026-09-04T20:16:28.072+0530","caller":"storage/azure.go:59","msg":"Payload size: 793 B, source path mask-add3e541-b61f-47a3-9147-ecc5dfa9023c.yaml"}
{"level":"debug","time":"2026-09-04T20:16:30.116+0530","caller":"storage/azure.go:83","msg":"Azcopy output: \n\r100.0 %, 1 Done, 0 Failed, 0 Pending, 0 Skipped, 1 Total, 2-sec Throughput (Mb/s): 0.0032\nTotal time taken to upload(min) :0.0333\n, stderr: "}
{"level":"info","time":"2026-09-04T20:16:30.116+0530","caller":"storage/azure.go:122","msg":"File: mask-add3e541-b61f-47a3-9147-ecc5dfa9023c.yaml upload completed in 2.043623625s"}
{"level":"debug","time":"2026-09-04T20:16:30.117+0530","caller":"httpclient/client.go:45","msg":"[DEBUG] POST https://api-stage-hyperexecute.lambdatestinternal.com/dispatcher/api/dispatcher"}
{"level":"info","time":"2026-09-04T20:16:31.209+0530","caller":"dispatchermanager/setup.go:94","msg":"Dispatch attempt to https://api-stage-hyperexecute.lambdatestinternal.com/dispatcher returned status 200"}
{"level":"debug","time":"2026-09-04T20:16:31.210+0530","caller":"core/lifecycle.go:741","msg":"Job progress won't be tracked as no-track flag is set true"}
{"level":"debug","time":"2026-09-04T20:16:31.210+0530","caller":"core/lifecycle.go:823","msg":"Context canceled"}
{"level":"info","time":"2026-09-04T20:16:31.210+0530","caller":"events/manager.go:338","msg":"context done and stopping SSE"}
{"level":"info","time":"2026-09-04T20:16:31.210+0530","caller":"core/lifecycle.go:826","msg":"Stopping pipeline gracefully"}
{"level":"debug","time":"2026-09-04T20:16:31.210+0530","caller":"events/manager.go:256","msg":"Stopping event manager"}
{"level":"info","time":"2026-09-04T20:16:31.210+0530","caller":"jobmanager/manager.go:145","msg":"Job Link: https://stage-hyperexecute.lambdatestinternal.com/hyperexecute/task?jobId=add3e541-b61f-47a3-9147-ecc5dfa9023c\n"}
{"level":"debug","time":"2026-09-04T20:16:31.210+0530","caller":"core/lifecycle.go:76","msg":"Quit requested from main goroutine...."}
{"level":"debug","time":"2026-09-04T20:16:31.210+0530","caller":"core/lifecycle.go:77","msg":"Waiting for the goroutines to exit"}
{"level":"debug","time":"2026-09-04T20:16:31.210+0530","caller":"core/lifecycle.go:80","msg":"All lifecycle goroutines exited"}
{"level":"debug","time":"2026-09-04T20:16:31.210+0530","caller":"cmd/bin.go:360","msg":"main: all goroutines have finished."}
