{"level":"debug","time":"2026-09-04T19:53:33.764+0530","caller":"cmd/bin.go:144","msg":"cli os: darwin, cli arch: arm64"}
{"level":"debug","time":"2026-09-04T19:53:33.765+0530","caller":"cmd/bin.go:145","msg":"Current binary version: 0.2.762, Environment: stage"}
{"level":"debug","time":"2026-09-04T19:53:34.536+0530","caller":"cmd/bin.go:154","msg":"Upstream version details: {Name:cli Min:0.2.600 Max:0.2.762} "}
{"level":"info","time":"2026-09-04T19:53:34.536+0530","caller":"cmd/bin.go:202","msg":"Generating TraceID for tracking request: 01M1PCVAMAT479WDRSDYBPKY3K \n"}
{"level":"debug","time":"2026-09-04T19:53:37.017+0530","caller":"core/lifecycle.go:124","msg":"Setting environment"}
{"level":"debug","time":"2026-09-04T19:53:37.018+0530","caller":"core/lifecycle.go:127","msg":"Parsing config"}
{"level":"debug","time":"2026-09-04T19:53:37.018+0530","caller":"yamlconfigmanager/setup.go:736","msg":"Custom location for .hyperexecute.yaml specified. Using: hyperexecute.yaml"}
{"level":"debug","time":"2026-09-04T19:53:37.018+0530","caller":"yamlconfigmanager/setup.go:118","msg":"using hyperexecute config from : hyperexecute.yaml"}
{"level":"error","time":"2026-09-04T19:53:38.514+0530","caller":"core/lifecycle.go:132","msg":"2026-09-04T19:53:33+05:30    error    ERR::YAML::TYP     Invalid type given in partialReports key in yaml."}
{"level":"debug","time":"2026-09-04T19:53:38.514+0530","caller":"core/lifecycle.go:76","msg":"Quit requested from main goroutine...."}
{"level":"debug","time":"2026-09-04T19:53:38.514+0530","caller":"core/lifecycle.go:77","msg":"Waiting for the goroutines to exit"}
{"level":"debug","time":"2026-09-04T19:53:38.514+0530","caller":"core/lifecycle.go:80","msg":"All lifecycle goroutines exited"}
{"level":"debug","time":"2026-09-04T19:53:38.514+0530","caller":"cmd/bin.go:360","msg":"main: all goroutines have finished."}
{"level":"debug","time":"2026-09-04T19:53:38.514+0530","caller":"cmd/bin.go:399","msg":"Exiting application due to error ERR::YAML::TYP     Invalid type given in partialReports key in yaml."}
{"level":"debug","time":"2026-09-04T19:53:57.860+0530","caller":"cmd/bin.go:144","msg":"cli os: darwin, cli arch: arm64"}
{"level":"debug","time":"2026-09-04T19:53:57.860+0530","caller":"cmd/bin.go:145","msg":"Current binary version: 0.2.762, Environment: stage"}
{"level":"debug","time":"2026-09-04T19:53:59.173+0530","caller":"cmd/bin.go:154","msg":"Upstream version details: {Name:cli Min:0.2.600 Max:0.2.762} "}
{"level":"info","time":"2026-09-04T19:53:59.173+0530","caller":"cmd/bin.go:202","msg":"Generating TraceID for tracking request: 01M1PCW246DG9B7ZV32BC4M12B \n"}
{"level":"debug","time":"2026-09-04T19:54:01.141+0530","caller":"core/lifecycle.go:124","msg":"Setting environment"}
{"level":"debug","time":"2026-09-04T19:54:01.141+0530","caller":"core/lifecycle.go:127","msg":"Parsing config"}
{"level":"debug","time":"2026-09-04T19:54:01.141+0530","caller":"yamlconfigmanager/setup.go:736","msg":"Custom location for .hyperexecute.yaml specified. Using: /tmp/pr-test.yaml"}
{"level":"debug","time":"2026-09-04T19:54:01.141+0530","caller":"yamlconfigmanager/setup.go:118","msg":"using hyperexecute config from : /tmp/pr-test.yaml"}
{"level":"debug","time":"2026-09-04T19:54:02.823+0530","caller":"yamlconfigmanager/setup.go:2240","msg":"Autodetecting test type in files of path : /Users/anmolsoin/knowledge-base-LT/he-playground/fw-reports"}
{"level":"debug","time":"2026-09-04T19:54:02.823+0530","caller":"yamlconfigmanager/setup.go:1665","msg":"dynamic discovery redirect: flag off, keeping mode=dynamic"}
{"level":"info","time":"2026-09-04T19:54:02.823+0530","caller":"core/lifecycle.go:142","msg":"HyperExecute Config validated successfully"}
{"level":"debug","time":"2026-09-04T19:54:02.823+0530","caller":"core/lifecycle.go:76","msg":"Quit requested from main goroutine...."}
{"level":"debug","time":"2026-09-04T19:54:02.823+0530","caller":"core/lifecycle.go:77","msg":"Waiting for the goroutines to exit"}
{"level":"debug","time":"2026-09-04T19:54:02.823+0530","caller":"core/lifecycle.go:80","msg":"All lifecycle goroutines exited"}
{"level":"debug","time":"2026-09-04T19:54:02.823+0530","caller":"cmd/bin.go:360","msg":"main: all goroutines have finished."}
{"level":"debug","time":"2026-09-04T19:54:23.635+0530","caller":"cmd/bin.go:144","msg":"cli os: darwin, cli arch: arm64"}
{"level":"debug","time":"2026-09-04T19:54:23.635+0530","caller":"cmd/bin.go:145","msg":"Current binary version: 0.2.762, Environment: stage"}
{"level":"debug","time":"2026-09-04T19:54:24.391+0530","caller":"cmd/bin.go:154","msg":"Upstream version details: {Name:cli Min:0.2.600 Max:0.2.762} "}
{"level":"info","time":"2026-09-04T19:54:24.391+0530","caller":"cmd/bin.go:202","msg":"Generating TraceID for tracking request: 01M1PCWVB1A5J779YE295PQZAH \n"}
{"level":"debug","time":"2026-09-04T19:54:26.376+0530","caller":"core/lifecycle.go:124","msg":"Setting environment"}
{"level":"debug","time":"2026-09-04T19:54:26.377+0530","caller":"core/lifecycle.go:127","msg":"Parsing config"}
{"level":"debug","time":"2026-09-04T19:54:26.377+0530","caller":"yamlconfigmanager/setup.go:736","msg":"Custom location for .hyperexecute.yaml specified. Using: hyperexecute.yaml"}
{"level":"debug","time":"2026-09-04T19:54:26.377+0530","caller":"yamlconfigmanager/setup.go:118","msg":"using hyperexecute config from : hyperexecute.yaml"}
{"level":"debug","time":"2026-09-04T19:54:29.232+0530","caller":"yamlconfigmanager/setup.go:2240","msg":"Autodetecting test type in files of path : /Users/anmolsoin/knowledge-base-LT/he-playground/fw-reports"}
{"level":"debug","time":"2026-09-04T19:54:29.233+0530","caller":"yamlconfigmanager/setup.go:1665","msg":"dynamic discovery redirect: flag off, keeping mode=dynamic"}
{"level":"debug","time":"2026-09-04T19:54:29.233+0530","caller":"yamlconfigmanager/setup.go:560","msg":"Tunnel: false"}
{"level":"info","time":"2026-09-04T19:54:29.233+0530","caller":"models/HypertestYamlConfig.go:993","msg":"\nExecution Plan"}
{"level":"info","time":"2026-09-04T19:54:29.233+0530","caller":"models/HypertestYamlConfig.go:794","msg":"Mode:    autosplit"}
{"level":"info","time":"2026-09-04T19:54:29.233+0530","caller":"models/HypertestYamlConfig.go:854","msg":"Runson:    linux"}
{"level":"info","time":"2026-09-04T19:54:29.233+0530","caller":"models/HypertestYamlConfig.go:862","msg":"Concurrency:    2"}
{"level":"info","time":"2026-09-04T19:54:29.233+0530","caller":"models/HypertestYamlConfig.go:926","msg":"Report:    enabled"}
{"level":"info","time":"2026-09-04T19:54:29.233+0530","caller":"models/HypertestYamlConfig.go:940","msg":"Artefacts:"}
{"level":"info","time":"2026-09-04T19:54:29.233+0530","caller":"models/HypertestYamlConfig.go:943","msg":"    junit-xml:    reports/"}
{"level":"info","time":"2026-09-04T19:54:29.233+0530","caller":"models/HypertestYamlConfig.go:943","msg":"    execution-log:    out/execution.log"}
{"level":"info","time":"2026-09-04T19:54:29.233+0530","caller":"models/HypertestYamlConfig.go:943","msg":"    screenshots:    out/screenshot-add-to-cart.png"}
{"level":"info","time":"2026-09-04T19:54:29.233+0530","caller":"models/HypertestYamlConfig.go:1006","msg":""}
{"level":"debug","time":"2026-09-04T19:54:29.233+0530","caller":"filevalidator/setup.go:50","msg":"Warning: Checking data.json file in current directory, no dataJsonPath found in .hyperexecute.yaml"}
{"level":"debug","time":"2026-09-04T19:54:29.233+0530","caller":"filevalidator/setup.go:54","msg":"Warning: data.json file doesn't exist"}
{"level":"debug","time":"2026-09-04T19:54:32.473+0530","caller":"core/lifecycle.go:399","msg":"Job ID: f4328744-915f-4634-9a65-9d835241e3b8"}
{"level":"debug","time":"2026-09-04T19:54:32.473+0530","caller":"core/lifecycle.go:402","msg":"User - anmolsoin, triggered job with ID f4328744-915f-4634-9a65-9d835241e3b8 from CLI"}
{"level":"debug","time":"2026-09-04T19:54:32.473+0530","caller":"events/manager.go:97","msg":"Starting event manager"}
{"level":"debug","time":"2026-09-04T19:54:32.473+0530","caller":"events/manager.go:99","msg":"SSE enabled, getting SSE connection"}
{"level":"debug","time":"2026-09-04T19:54:32.474+0530","caller":"archivemanager/setup.go:341","msg":"digestMap: map[]"}
{"level":"debug","time":"2026-09-04T19:54:32.474+0530","caller":"archivemanager/setup.go:347","msg":"Creating archive of target directory: /Users/anmolsoin/knowledge-base-LT/he-playground/fw-reports"}
{"level":"debug","time":"2026-09-04T19:54:32.477+0530","caller":"core/lifecycle.go:556","msg":"Zip file size: 4.26 kB"}
{"level":"debug","time":"2026-09-04T19:54:32.477+0530","caller":"core/lifecycle.go:566","msg":"Archive location: /Users/anmolsoin/knowledge-base-LT/he-playground/fw-reports/hyperexecute-code-f4328744-915f-4634-9a65-9d835241e3b8.zip\n"}
{"level":"debug","time":"2026-09-04T19:54:32.478+0530","caller":"receptionmanager/setup.go:451","msg":"only one runtime entry detected, mapping it to older yaml format"}
{"level":"debug","time":"2026-09-04T19:54:32.478+0530","caller":"receptionmanager/setup.go:480","msg":"only one partialreports entry detected, mapping it to older yaml format"}
{"level":"debug","time":"2026-09-04T19:54:32.478+0530","caller":"receptionmanager/setup.go:221","msg":"policy enforce: feature flag off, skipping enforcement"}
{"level":"debug","time":"2026-09-04T19:54:32.478+0530","caller":"receptionmanager/setup.go:355","msg":"Uploading yaml : /Users/anmolsoin/knowledge-base-LT/he-playground/fw-reports/.updatedhyperexecute.yaml"}
{"level":"debug","time":"2026-09-04T19:54:32.478+0530","caller":"storage/azure.go:59","msg":"Payload size: 4.49 kB, source path /Users/anmolsoin/knowledge-base-LT/he-playground/fw-reports/.updatedhyperexecute.yaml"}
{"level":"debug","time":"2026-09-04T19:54:32.478+0530","caller":"utils/azcopy.go:133","msg":"Downloading dependency binary ..................."}
{"level":"debug","time":"2026-09-04T19:54:32.519+0530","caller":"utils/azcopy.go:90","msg":"Downloading dependency to upload files"}
{"level":"debug","time":"2026-09-04T19:54:33.832+0530","caller":"events/manager.go:288","msg":"connection to hyperexecute server established successfully."}
{"level":"info","time":"2026-09-04T19:54:34.583+0530","caller":"utils/azcopy.go:108","msg":"✔ Dependency binary downloaded successfully"}
{"level":"debug","time":"2026-09-04T19:54:34.583+0530","caller":"utils/azcopy.go:184","msg":"returning from fallback"}
{"level":"debug","time":"2026-09-04T19:54:36.626+0530","caller":"storage/azure.go:83","msg":"Azcopy output: \n\r100.0 %, 1 Done, 0 Failed, 0 Pending, 0 Skipped, 1 Total, 2-sec Throughput (Mb/s): 0.0179\nTotal time taken to upload(min) :0.0333\n, stderr: "}
{"level":"info","time":"2026-09-04T19:54:36.626+0530","caller":"storage/azure.go:122","msg":"File: /Users/anmolsoin/knowledge-base-LT/he-playground/fw-reports/.updatedhyperexecute.yaml upload completed in 4.147716417s"}
{"level":"debug","time":"2026-09-04T19:54:36.626+0530","caller":"storage/azure.go:59","msg":"Payload size: 4.26 kB, source path /Users/anmolsoin/knowledge-base-LT/he-playground/fw-reports/hyperexecute-code-f4328744-915f-4634-9a65-9d835241e3b8.zip"}
{"level":"debug","time":"2026-09-04T19:54:38.673+0530","caller":"storage/azure.go:83","msg":"Azcopy output: \n\r100.0 %, 1 Done, 0 Failed, 0 Pending, 0 Skipped, 1 Total, 2-sec Throughput (Mb/s): 0.017\nTotal time taken to upload(min) :0.0333\n, stderr: "}
{"level":"info","time":"2026-09-04T19:54:38.673+0530","caller":"storage/azure.go:122","msg":"File: /Users/anmolsoin/knowledge-base-LT/he-playground/fw-reports/hyperexecute-code-f4328744-915f-4634-9a65-9d835241e3b8.zip upload completed in 2.047295333s"}
{"level":"debug","time":"2026-09-04T19:54:38.673+0530","caller":"core/lifecycle.go:607","msg":"Successfully deleted code archive: /Users/anmolsoin/knowledge-base-LT/he-playground/fw-reports/hyperexecute-code-f4328744-915f-4634-9a65-9d835241e3b8.zip\n"}
{"level":"debug","time":"2026-09-04T19:54:38.675+0530","caller":"storage/azure.go:59","msg":"Payload size: 832 B, source path mask-f4328744-915f-4634-9a65-9d835241e3b8.yaml"}
{"level":"debug","time":"2026-09-04T19:54:40.718+0530","caller":"storage/azure.go:83","msg":"Azcopy output: \n\r100.0 %, 1 Done, 0 Failed, 0 Pending, 0 Skipped, 1 Total, 2-sec Throughput (Mb/s): 0.0033\nTotal time taken to upload(min) :0.0334\n, stderr: "}
{"level":"info","time":"2026-09-04T19:54:40.718+0530","caller":"storage/azure.go:122","msg":"File: mask-f4328744-915f-4634-9a65-9d835241e3b8.yaml upload completed in 2.043543208s"}
{"level":"debug","time":"2026-09-04T19:54:40.718+0530","caller":"httpclient/client.go:45","msg":"[DEBUG] POST https://api-stage-hyperexecute.lambdatestinternal.com/dispatcher/api/dispatcher"}
{"level":"info","time":"2026-09-04T19:54:41.850+0530","caller":"dispatchermanager/setup.go:94","msg":"Dispatch attempt to https://api-stage-hyperexecute.lambdatestinternal.com/dispatcher returned status 200"}
{"level":"debug","time":"2026-09-04T19:54:41.851+0530","caller":"core/lifecycle.go:741","msg":"Job progress won't be tracked as no-track flag is set true"}
{"level":"debug","time":"2026-09-04T19:54:41.851+0530","caller":"core/lifecycle.go:823","msg":"Context canceled"}
{"level":"info","time":"2026-09-04T19:54:41.851+0530","caller":"events/manager.go:338","msg":"context done and stopping SSE"}
{"level":"info","time":"2026-09-04T19:54:41.851+0530","caller":"core/lifecycle.go:826","msg":"Stopping pipeline gracefully"}
{"level":"debug","time":"2026-09-04T19:54:41.851+0530","caller":"events/manager.go:256","msg":"Stopping event manager"}
{"level":"info","time":"2026-09-04T19:54:41.851+0530","caller":"jobmanager/manager.go:145","msg":"Job Link: https://stage-hyperexecute.lambdatestinternal.com/hyperexecute/task?jobId=f4328744-915f-4634-9a65-9d835241e3b8\n"}
{"level":"debug","time":"2026-09-04T19:54:41.851+0530","caller":"core/lifecycle.go:76","msg":"Quit requested from main goroutine...."}
{"level":"debug","time":"2026-09-04T19:54:41.851+0530","caller":"core/lifecycle.go:77","msg":"Waiting for the goroutines to exit"}
{"level":"debug","time":"2026-09-04T19:54:41.851+0530","caller":"core/lifecycle.go:80","msg":"All lifecycle goroutines exited"}
{"level":"debug","time":"2026-09-04T19:54:41.851+0530","caller":"cmd/bin.go:360","msg":"main: all goroutines have finished."}
{"level":"debug","time":"2026-09-04T20:15:53.615+0530","caller":"cmd/bin.go:144","msg":"cli os: darwin, cli arch: arm64"}
{"level":"debug","time":"2026-09-04T20:15:53.618+0530","caller":"cmd/bin.go:145","msg":"Current binary version: 0.2.762, Environment: stage"}
{"level":"debug","time":"2026-09-04T20:15:54.393+0530","caller":"cmd/bin.go:154","msg":"Upstream version details: {Name:cli Min:0.2.600 Max:0.2.762} "}
{"level":"info","time":"2026-09-04T20:15:54.393+0530","caller":"cmd/bin.go:202","msg":"Generating TraceID for tracking request: 01M1PE472K67T98RJAH4AQDWDJ \n"}
{"level":"debug","time":"2026-09-04T20:15:56.563+0530","caller":"core/lifecycle.go:124","msg":"Setting environment"}
{"level":"debug","time":"2026-09-04T20:15:56.564+0530","caller":"core/lifecycle.go:127","msg":"Parsing config"}
{"level":"debug","time":"2026-09-04T20:15:56.565+0530","caller":"yamlconfigmanager/setup.go:736","msg":"Custom location for .hyperexecute.yaml specified. Using: hyperexecute.yaml"}
{"level":"debug","time":"2026-09-04T20:15:56.565+0530","caller":"yamlconfigmanager/setup.go:118","msg":"using hyperexecute config from : hyperexecute.yaml"}
{"level":"debug","time":"2026-09-04T20:15:58.116+0530","caller":"yamlconfigmanager/setup.go:2240","msg":"Autodetecting test type in files of path : /Users/anmolsoin/knowledge-base-LT/he-playground/fw-reports"}
{"level":"debug","time":"2026-09-04T20:15:58.119+0530","caller":"yamlconfigmanager/setup.go:1665","msg":"dynamic discovery redirect: flag off, keeping mode=dynamic"}
{"level":"info","time":"2026-09-04T20:15:58.119+0530","caller":"core/lifecycle.go:142","msg":"HyperExecute Config validated successfully"}
{"level":"debug","time":"2026-09-04T20:15:58.119+0530","caller":"core/lifecycle.go:76","msg":"Quit requested from main goroutine...."}
{"level":"debug","time":"2026-09-04T20:15:58.119+0530","caller":"core/lifecycle.go:77","msg":"Waiting for the goroutines to exit"}
{"level":"debug","time":"2026-09-04T20:15:58.119+0530","caller":"core/lifecycle.go:80","msg":"All lifecycle goroutines exited"}
{"level":"debug","time":"2026-09-04T20:15:58.119+0530","caller":"cmd/bin.go:360","msg":"main: all goroutines have finished."}
{"level":"debug","time":"2026-09-04T20:15:58.913+0530","caller":"cmd/bin.go:144","msg":"cli os: darwin, cli arch: arm64"}
{"level":"debug","time":"2026-09-04T20:15:58.913+0530","caller":"cmd/bin.go:145","msg":"Current binary version: 0.2.762, Environment: stage"}
{"level":"debug","time":"2026-09-04T20:15:59.604+0530","caller":"cmd/bin.go:154","msg":"Upstream version details: {Name:cli Min:0.2.600 Max:0.2.762} "}
{"level":"info","time":"2026-09-04T20:15:59.604+0530","caller":"cmd/bin.go:202","msg":"Generating TraceID for tracking request: 01M1PE4C8KJC97T90JVJND1W9X \n"}
{"level":"debug","time":"2026-09-04T20:16:01.568+0530","caller":"core/lifecycle.go:124","msg":"Setting environment"}
{"level":"debug","time":"2026-09-04T20:16:01.568+0530","caller":"core/lifecycle.go:127","msg":"Parsing config"}
{"level":"debug","time":"2026-09-04T20:16:01.569+0530","caller":"yamlconfigmanager/setup.go:736","msg":"Custom location for .hyperexecute.yaml specified. Using: hyperexecute.yaml"}
{"level":"debug","time":"2026-09-04T20:16:01.569+0530","caller":"yamlconfigmanager/setup.go:118","msg":"using hyperexecute config from : hyperexecute.yaml"}
{"level":"debug","time":"2026-09-04T20:16:03.189+0530","caller":"yamlconfigmanager/setup.go:2240","msg":"Autodetecting test type in files of path : /Users/anmolsoin/knowledge-base-LT/he-playground/fw-reports"}
{"level":"debug","time":"2026-09-04T20:16:03.189+0530","caller":"yamlconfigmanager/setup.go:1665","msg":"dynamic discovery redirect: flag off, keeping mode=dynamic"}
{"level":"debug","time":"2026-09-04T20:16:03.189+0530","caller":"yamlconfigmanager/setup.go:560","msg":"Tunnel: false"}
{"level":"info","time":"2026-09-04T20:16:03.189+0530","caller":"models/HypertestYamlConfig.go:993","msg":"\nExecution Plan"}
{"level":"info","time":"2026-09-04T20:16:03.190+0530","caller":"models/HypertestYamlConfig.go:794","msg":"Mode:    autosplit"}
{"level":"info","time":"2026-09-04T20:16:03.190+0530","caller":"models/HypertestYamlConfig.go:854","msg":"Runson:    linux"}
{"level":"info","time":"2026-09-04T20:16:03.190+0530","caller":"models/HypertestYamlConfig.go:862","msg":"Concurrency:    2"}
{"level":"info","time":"2026-09-04T20:16:03.191+0530","caller":"models/HypertestYamlConfig.go:926","msg":"Report:    enabled"}
{"level":"info","time":"2026-09-04T20:16:03.192+0530","caller":"models/HypertestYamlConfig.go:940","msg":"Artefacts:"}
{"level":"info","time":"2026-09-04T20:16:03.192+0530","caller":"models/HypertestYamlConfig.go:943","msg":"    junit-xml:    reports/"}
{"level":"info","time":"2026-09-04T20:16:03.192+0530","caller":"models/HypertestYamlConfig.go:943","msg":"    execution-log:    out/execution.log"}
{"level":"info","time":"2026-09-04T20:16:03.192+0530","caller":"models/HypertestYamlConfig.go:943","msg":"    screenshots:    out/screenshot-add-to-cart.png"}
{"level":"info","time":"2026-09-04T20:16:03.192+0530","caller":"models/HypertestYamlConfig.go:1006","msg":""}
{"level":"debug","time":"2026-09-04T20:16:03.192+0530","caller":"filevalidator/setup.go:50","msg":"Warning: Checking data.json file in current directory, no dataJsonPath found in .hyperexecute.yaml"}
{"level":"debug","time":"2026-09-04T20:16:03.192+0530","caller":"filevalidator/setup.go:54","msg":"Warning: data.json file doesn't exist"}
{"level":"debug","time":"2026-09-04T20:16:06.402+0530","caller":"core/lifecycle.go:399","msg":"Job ID: c508ff3b-a373-4906-bd87-bd977ed52d25"}
{"level":"debug","time":"2026-09-04T20:16:06.402+0530","caller":"core/lifecycle.go:402","msg":"User - anmolsoin, triggered job with ID c508ff3b-a373-4906-bd87-bd977ed52d25 from CLI"}
{"level":"debug","time":"2026-09-04T20:16:06.402+0530","caller":"events/manager.go:97","msg":"Starting event manager"}
{"level":"debug","time":"2026-09-04T20:16:06.404+0530","caller":"events/manager.go:99","msg":"SSE enabled, getting SSE connection"}
{"level":"debug","time":"2026-09-04T20:16:06.406+0530","caller":"archivemanager/setup.go:341","msg":"digestMap: map[]"}
{"level":"debug","time":"2026-09-04T20:16:06.407+0530","caller":"archivemanager/setup.go:347","msg":"Creating archive of target directory: /Users/anmolsoin/knowledge-base-LT/he-playground/fw-reports"}
{"level":"debug","time":"2026-09-04T20:16:06.418+0530","caller":"core/lifecycle.go:556","msg":"Zip file size: 6.42 kB"}
{"level":"debug","time":"2026-09-04T20:16:06.419+0530","caller":"core/lifecycle.go:566","msg":"Archive location: /Users/anmolsoin/knowledge-base-LT/he-playground/fw-reports/hyperexecute-code-c508ff3b-a373-4906-bd87-bd977ed52d25.zip\n"}
{"level":"debug","time":"2026-09-04T20:16:06.420+0530","caller":"receptionmanager/setup.go:451","msg":"only one runtime entry detected, mapping it to older yaml format"}
{"level":"debug","time":"2026-09-04T20:16:06.421+0530","caller":"receptionmanager/setup.go:480","msg":"only one partialreports entry detected, mapping it to older yaml format"}
{"level":"debug","time":"2026-09-04T20:16:06.421+0530","caller":"receptionmanager/setup.go:221","msg":"policy enforce: feature flag off, skipping enforcement"}
{"level":"debug","time":"2026-09-04T20:16:06.422+0530","caller":"receptionmanager/setup.go:355","msg":"Uploading yaml : /Users/anmolsoin/knowledge-base-LT/he-playground/fw-reports/.updatedhyperexecute.yaml"}
{"level":"debug","time":"2026-09-04T20:16:06.423+0530","caller":"storage/azure.go:59","msg":"Payload size: 4.53 kB, source path /Users/anmolsoin/knowledge-base-LT/he-playground/fw-reports/.updatedhyperexecute.yaml"}
{"level":"debug","time":"2026-09-04T20:16:07.735+0530","caller":"events/manager.go:288","msg":"connection to hyperexecute server established successfully."}
{"level":"debug","time":"2026-09-04T20:16:08.589+0530","caller":"storage/azure.go:83","msg":"Azcopy output: \n\r100.0 %, 1 Done, 0 Failed, 0 Pending, 0 Skipped, 1 Total, 2-sec Throughput (Mb/s): 0.0181\nTotal time taken to upload(min) :0.0334\n, stderr: "}
{"level":"info","time":"2026-09-04T20:16:08.589+0530","caller":"storage/azure.go:122","msg":"File: /Users/anmolsoin/knowledge-base-LT/he-playground/fw-reports/.updatedhyperexecute.yaml upload completed in 2.164722625s"}
{"level":"debug","time":"2026-09-04T20:16:08.589+0530","caller":"storage/azure.go:59","msg":"Payload size: 6.42 kB, source path /Users/anmolsoin/knowledge-base-LT/he-playground/fw-reports/hyperexecute-code-c508ff3b-a373-4906-bd87-bd977ed52d25.zip"}
{"level":"debug","time":"2026-09-04T20:16:10.635+0530","caller":"storage/azure.go:83","msg":"Azcopy output: \n\r100.0 %, 1 Done, 0 Failed, 0 Pending, 0 Skipped, 1 Total, 2-sec Throughput (Mb/s): 0.0257\nTotal time taken to upload(min) :0.0334\n, stderr: "}
{"level":"info","time":"2026-09-04T20:16:10.635+0530","caller":"storage/azure.go:122","msg":"File: /Users/anmolsoin/knowledge-base-LT/he-playground/fw-reports/hyperexecute-code-c508ff3b-a373-4906-bd87-bd977ed52d25.zip upload completed in 2.044271542s"}
{"level":"debug","time":"2026-09-04T20:16:10.635+0530","caller":"core/lifecycle.go:607","msg":"Successfully deleted code archive: /Users/anmolsoin/knowledge-base-LT/he-playground/fw-reports/hyperexecute-code-c508ff3b-a373-4906-bd87-bd977ed52d25.zip\n"}
{"level":"debug","time":"2026-09-04T20:16:10.635+0530","caller":"storage/azure.go:59","msg":"Payload size: 874 B, source path mask-c508ff3b-a373-4906-bd87-bd977ed52d25.yaml"}
{"level":"debug","time":"2026-09-04T20:16:12.682+0530","caller":"storage/azure.go:83","msg":"Azcopy output: \n\r100.0 %, 1 Done, 0 Failed, 0 Pending, 0 Skipped, 1 Total, 2-sec Throughput (Mb/s): 0.0035\nTotal time taken to upload(min) :0.0334\n, stderr: "}
{"level":"info","time":"2026-09-04T20:16:12.682+0530","caller":"storage/azure.go:122","msg":"File: mask-c508ff3b-a373-4906-bd87-bd977ed52d25.yaml upload completed in 2.045295042s"}
{"level":"debug","time":"2026-09-04T20:16:12.682+0530","caller":"httpclient/client.go:45","msg":"[DEBUG] POST https://api-stage-hyperexecute.lambdatestinternal.com/dispatcher/api/dispatcher"}
{"level":"info","time":"2026-09-04T20:16:13.863+0530","caller":"dispatchermanager/setup.go:94","msg":"Dispatch attempt to https://api-stage-hyperexecute.lambdatestinternal.com/dispatcher returned status 200"}
{"level":"debug","time":"2026-09-04T20:16:13.864+0530","caller":"core/lifecycle.go:741","msg":"Job progress won't be tracked as no-track flag is set true"}
{"level":"debug","time":"2026-09-04T20:16:13.864+0530","caller":"core/lifecycle.go:823","msg":"Context canceled"}
{"level":"info","time":"2026-09-04T20:16:13.864+0530","caller":"events/manager.go:338","msg":"context done and stopping SSE"}
{"level":"info","time":"2026-09-04T20:16:13.864+0530","caller":"core/lifecycle.go:826","msg":"Stopping pipeline gracefully"}
{"level":"debug","time":"2026-09-04T20:16:13.864+0530","caller":"events/manager.go:256","msg":"Stopping event manager"}
{"level":"info","time":"2026-09-04T20:16:13.864+0530","caller":"jobmanager/manager.go:145","msg":"Job Link: https://stage-hyperexecute.lambdatestinternal.com/hyperexecute/task?jobId=c508ff3b-a373-4906-bd87-bd977ed52d25\n"}
{"level":"debug","time":"2026-09-04T20:16:13.865+0530","caller":"core/lifecycle.go:76","msg":"Quit requested from main goroutine...."}
{"level":"debug","time":"2026-09-04T20:16:13.865+0530","caller":"core/lifecycle.go:77","msg":"Waiting for the goroutines to exit"}
{"level":"debug","time":"2026-09-04T20:16:13.866+0530","caller":"core/lifecycle.go:80","msg":"All lifecycle goroutines exited"}
{"level":"debug","time":"2026-09-04T20:16:13.866+0530","caller":"cmd/bin.go:360","msg":"main: all goroutines have finished."}
