{"level":"debug","time":"2026-09-04T19:53:13.822+0530","caller":"cmd/bin.go:144","msg":"cli os: darwin, cli arch: arm64"}
{"level":"debug","time":"2026-09-04T19:53:13.823+0530","caller":"cmd/bin.go:145","msg":"Current binary version: 0.2.762, Environment: stage"}
{"level":"debug","time":"2026-09-04T19:53:14.601+0530","caller":"cmd/bin.go:154","msg":"Upstream version details: {Name:cli Min:0.2.600 Max:0.2.762} "}
{"level":"info","time":"2026-09-04T19:53:14.601+0530","caller":"cmd/bin.go:202","msg":"Generating TraceID for tracking request: 01M1PCTQ5619QNBM105FQ8ZDT7 \n"}
{"level":"debug","time":"2026-09-04T19:53:16.639+0530","caller":"core/lifecycle.go:124","msg":"Setting environment"}
{"level":"debug","time":"2026-09-04T19:53:16.639+0530","caller":"core/lifecycle.go:127","msg":"Parsing config"}
{"level":"debug","time":"2026-09-04T19:53:16.639+0530","caller":"yamlconfigmanager/setup.go:736","msg":"Custom location for .hyperexecute.yaml specified. Using: hyperexecute.yaml"}
{"level":"debug","time":"2026-09-04T19:53:16.640+0530","caller":"yamlconfigmanager/setup.go:118","msg":"using hyperexecute config from : hyperexecute.yaml"}
{"level":"debug","time":"2026-09-04T19:53:18.170+0530","caller":"yamlconfigmanager/setup.go:2240","msg":"Autodetecting test type in files of path : /Users/anmolsoin/knowledge-base-LT/he-playground/fw-bdd"}
{"level":"debug","time":"2026-09-04T19:53:18.171+0530","caller":"yamlconfigmanager/setup.go:1665","msg":"dynamic discovery redirect: flag off, keeping mode=dynamic"}
{"level":"info","time":"2026-09-04T19:53:18.171+0530","caller":"core/lifecycle.go:142","msg":"HyperExecute Config validated successfully"}
{"level":"debug","time":"2026-09-04T19:53:18.171+0530","caller":"core/lifecycle.go:76","msg":"Quit requested from main goroutine...."}
{"level":"debug","time":"2026-09-04T19:53:18.171+0530","caller":"core/lifecycle.go:77","msg":"Waiting for the goroutines to exit"}
{"level":"debug","time":"2026-09-04T19:53:18.171+0530","caller":"core/lifecycle.go:80","msg":"All lifecycle goroutines exited"}
{"level":"debug","time":"2026-09-04T19:53:18.171+0530","caller":"cmd/bin.go:360","msg":"main: all goroutines have finished."}
{"level":"debug","time":"2026-09-04T19:53:26.394+0530","caller":"cmd/bin.go:144","msg":"cli os: darwin, cli arch: arm64"}
{"level":"debug","time":"2026-09-04T19:53:26.394+0530","caller":"cmd/bin.go:145","msg":"Current binary version: 0.2.762, Environment: stage"}
{"level":"debug","time":"2026-09-04T19:53:27.150+0530","caller":"cmd/bin.go:154","msg":"Upstream version details: {Name:cli Min:0.2.600 Max:0.2.762} "}
{"level":"info","time":"2026-09-04T19:53:27.150+0530","caller":"cmd/bin.go:202","msg":"Generating TraceID for tracking request: 01M1PCV3E11Z3Q0JTWPEDTPYHC \n"}
{"level":"debug","time":"2026-09-04T19:53:29.345+0530","caller":"core/lifecycle.go:124","msg":"Setting environment"}
{"level":"debug","time":"2026-09-04T19:53:29.345+0530","caller":"core/lifecycle.go:127","msg":"Parsing config"}
{"level":"debug","time":"2026-09-04T19:53:29.345+0530","caller":"yamlconfigmanager/setup.go:736","msg":"Custom location for .hyperexecute.yaml specified. Using: hyperexecute-smoke.yaml"}
{"level":"debug","time":"2026-09-04T19:53:29.345+0530","caller":"yamlconfigmanager/setup.go:118","msg":"using hyperexecute config from : hyperexecute-smoke.yaml"}
{"level":"debug","time":"2026-09-04T19:53:30.899+0530","caller":"yamlconfigmanager/setup.go:2240","msg":"Autodetecting test type in files of path : /Users/anmolsoin/knowledge-base-LT/he-playground/fw-bdd"}
{"level":"debug","time":"2026-09-04T19:53:30.900+0530","caller":"yamlconfigmanager/setup.go:1665","msg":"dynamic discovery redirect: flag off, keeping mode=dynamic"}
{"level":"info","time":"2026-09-04T19:53:30.900+0530","caller":"core/lifecycle.go:142","msg":"HyperExecute Config validated successfully"}
{"level":"debug","time":"2026-09-04T19:53:30.900+0530","caller":"core/lifecycle.go:76","msg":"Quit requested from main goroutine...."}
{"level":"debug","time":"2026-09-04T19:53:30.900+0530","caller":"core/lifecycle.go:77","msg":"Waiting for the goroutines to exit"}
{"level":"debug","time":"2026-09-04T19:53:30.900+0530","caller":"core/lifecycle.go:80","msg":"All lifecycle goroutines exited"}
{"level":"debug","time":"2026-09-04T19:53:30.900+0530","caller":"cmd/bin.go:360","msg":"main: all goroutines have finished."}
{"level":"debug","time":"2026-09-04T19:53:39.854+0530","caller":"cmd/bin.go:144","msg":"cli os: darwin, cli arch: arm64"}
{"level":"debug","time":"2026-09-04T19:53:39.854+0530","caller":"cmd/bin.go:145","msg":"Current binary version: 0.2.762, Environment: stage"}
{"level":"debug","time":"2026-09-04T19:53:40.582+0530","caller":"cmd/bin.go:154","msg":"Upstream version details: {Name:cli Min:0.2.600 Max:0.2.762} "}
{"level":"info","time":"2026-09-04T19:53:40.582+0530","caller":"cmd/bin.go:202","msg":"Generating TraceID for tracking request: 01M1PCVGMXBH68C2059WGDS1WX \n"}
{"level":"debug","time":"2026-09-04T19:53:42.969+0530","caller":"core/lifecycle.go:124","msg":"Setting environment"}
{"level":"debug","time":"2026-09-04T19:53:42.969+0530","caller":"core/lifecycle.go:127","msg":"Parsing config"}
{"level":"debug","time":"2026-09-04T19:53:42.969+0530","caller":"yamlconfigmanager/setup.go:736","msg":"Custom location for .hyperexecute.yaml specified. Using: hyperexecute.yaml"}
{"level":"debug","time":"2026-09-04T19:53:42.969+0530","caller":"yamlconfigmanager/setup.go:118","msg":"using hyperexecute config from : hyperexecute.yaml"}
{"level":"debug","time":"2026-09-04T19:53:44.585+0530","caller":"yamlconfigmanager/setup.go:2240","msg":"Autodetecting test type in files of path : /Users/anmolsoin/knowledge-base-LT/he-playground/fw-bdd"}
{"level":"debug","time":"2026-09-04T19:53:44.585+0530","caller":"yamlconfigmanager/setup.go:1665","msg":"dynamic discovery redirect: flag off, keeping mode=dynamic"}
{"level":"debug","time":"2026-09-04T19:53:44.586+0530","caller":"yamlconfigmanager/setup.go:560","msg":"Tunnel: false"}
{"level":"info","time":"2026-09-04T19:53:44.586+0530","caller":"models/HypertestYamlConfig.go:993","msg":"\nExecution Plan"}
{"level":"info","time":"2026-09-04T19:53:44.586+0530","caller":"models/HypertestYamlConfig.go:794","msg":"Mode:    autosplit"}
{"level":"info","time":"2026-09-04T19:53:44.586+0530","caller":"models/HypertestYamlConfig.go:854","msg":"Runson:    linux"}
{"level":"info","time":"2026-09-04T19:53:44.586+0530","caller":"models/HypertestYamlConfig.go:862","msg":"Concurrency:    2"}
{"level":"info","time":"2026-09-04T19:53:44.586+0530","caller":"models/HypertestYamlConfig.go:926","msg":"Report:    enabled"}
{"level":"info","time":"2026-09-04T19:53:44.586+0530","caller":"models/HypertestYamlConfig.go:1006","msg":""}
{"level":"debug","time":"2026-09-04T19:53:44.586+0530","caller":"filevalidator/setup.go:50","msg":"Warning: Checking data.json file in current directory, no dataJsonPath found in .hyperexecute.yaml"}
{"level":"debug","time":"2026-09-04T19:53:44.586+0530","caller":"filevalidator/setup.go:54","msg":"Warning: data.json file doesn't exist"}
{"level":"debug","time":"2026-09-04T19:53:47.786+0530","caller":"core/lifecycle.go:399","msg":"Job ID: b5888f63-b45b-4565-9170-599f20a12918"}
{"level":"debug","time":"2026-09-04T19:53:47.787+0530","caller":"events/manager.go:97","msg":"Starting event manager"}
{"level":"debug","time":"2026-09-04T19:53:47.787+0530","caller":"events/manager.go:99","msg":"SSE enabled, getting SSE connection"}
{"level":"debug","time":"2026-09-04T19:53:47.787+0530","caller":"core/lifecycle.go:402","msg":"User - anmolsoin, triggered job with ID b5888f63-b45b-4565-9170-599f20a12918 from CLI"}
{"level":"debug","time":"2026-09-04T19:53:47.787+0530","caller":"archivemanager/setup.go:341","msg":"digestMap: map[]"}
{"level":"debug","time":"2026-09-04T19:53:47.788+0530","caller":"archivemanager/setup.go:347","msg":"Creating archive of target directory: /Users/anmolsoin/knowledge-base-LT/he-playground/fw-bdd"}
{"level":"debug","time":"2026-09-04T19:53:47.793+0530","caller":"core/lifecycle.go:556","msg":"Zip file size: 5.07 kB"}
{"level":"debug","time":"2026-09-04T19:53:47.793+0530","caller":"core/lifecycle.go:566","msg":"Archive location: /Users/anmolsoin/knowledge-base-LT/he-playground/fw-bdd/hyperexecute-code-b5888f63-b45b-4565-9170-599f20a12918.zip\n"}
{"level":"debug","time":"2026-09-04T19:53:47.794+0530","caller":"receptionmanager/setup.go:451","msg":"only one runtime entry detected, mapping it to older yaml format"}
{"level":"debug","time":"2026-09-04T19:53:47.795+0530","caller":"receptionmanager/setup.go:470","msg":"number of entries in partialreports: 1, switching to new yaml format"}
{"level":"debug","time":"2026-09-04T19:53:47.795+0530","caller":"receptionmanager/setup.go:221","msg":"policy enforce: feature flag off, skipping enforcement"}
{"level":"debug","time":"2026-09-04T19:53:47.796+0530","caller":"receptionmanager/setup.go:355","msg":"Uploading yaml : /Users/anmolsoin/knowledge-base-LT/he-playground/fw-bdd/.updatedhyperexecute.yaml"}
{"level":"debug","time":"2026-09-04T19:53:47.796+0530","caller":"storage/azure.go:59","msg":"Payload size: 3.82 kB, source path /Users/anmolsoin/knowledge-base-LT/he-playground/fw-bdd/.updatedhyperexecute.yaml"}
{"level":"debug","time":"2026-09-04T19:53:47.796+0530","caller":"utils/azcopy.go:133","msg":"Downloading dependency binary ..................."}
{"level":"debug","time":"2026-09-04T19:53:47.837+0530","caller":"utils/azcopy.go:90","msg":"Downloading dependency to upload files"}
{"level":"debug","time":"2026-09-04T19:53:49.208+0530","caller":"events/manager.go:288","msg":"connection to hyperexecute server established successfully."}
{"level":"info","time":"2026-09-04T19:53:50.081+0530","caller":"utils/azcopy.go:108","msg":"✔ Dependency binary downloaded successfully"}
{"level":"debug","time":"2026-09-04T19:53:50.081+0530","caller":"utils/azcopy.go:184","msg":"returning from fallback"}
{"level":"debug","time":"2026-09-04T19:53:52.126+0530","caller":"storage/azure.go:83","msg":"Azcopy output: \n\r100.0 %, 1 Done, 0 Failed, 0 Pending, 0 Skipped, 1 Total, 2-sec Throughput (Mb/s): 0.0153\nTotal time taken to upload(min) :0.0333\n, stderr: "}
{"level":"info","time":"2026-09-04T19:53:52.126+0530","caller":"storage/azure.go:122","msg":"File: /Users/anmolsoin/knowledge-base-LT/he-playground/fw-bdd/.updatedhyperexecute.yaml upload completed in 4.330597584s"}
{"level":"debug","time":"2026-09-04T19:53:52.126+0530","caller":"storage/azure.go:59","msg":"Payload size: 5.07 kB, source path /Users/anmolsoin/knowledge-base-LT/he-playground/fw-bdd/hyperexecute-code-b5888f63-b45b-4565-9170-599f20a12918.zip"}
{"level":"debug","time":"2026-09-04T19:53:54.176+0530","caller":"storage/azure.go:83","msg":"Azcopy output: \n\r100.0 %, 1 Done, 0 Failed, 0 Pending, 0 Skipped, 1 Total, 2-sec Throughput (Mb/s): 0.0203\nTotal time taken to upload(min) :0.0334\n, stderr: "}
{"level":"info","time":"2026-09-04T19:53:54.177+0530","caller":"storage/azure.go:122","msg":"File: /Users/anmolsoin/knowledge-base-LT/he-playground/fw-bdd/hyperexecute-code-b5888f63-b45b-4565-9170-599f20a12918.zip upload completed in 2.050544291s"}
{"level":"debug","time":"2026-09-04T19:53:54.177+0530","caller":"core/lifecycle.go:607","msg":"Successfully deleted code archive: /Users/anmolsoin/knowledge-base-LT/he-playground/fw-bdd/hyperexecute-code-b5888f63-b45b-4565-9170-599f20a12918.zip\n"}
{"level":"debug","time":"2026-09-04T19:53:54.178+0530","caller":"storage/azure.go:59","msg":"Payload size: 511 B, source path mask-b5888f63-b45b-4565-9170-599f20a12918.yaml"}
{"level":"debug","time":"2026-09-04T19:53:56.266+0530","caller":"storage/azure.go:83","msg":"Azcopy output: \n\r100.0 %, 1 Done, 0 Failed, 0 Pending, 0 Skipped, 1 Total, 2-sec Throughput (Mb/s): 0.002\nTotal time taken to upload(min) :0.0333\n, stderr: "}
{"level":"info","time":"2026-09-04T19:53:56.267+0530","caller":"storage/azure.go:122","msg":"File: mask-b5888f63-b45b-4565-9170-599f20a12918.yaml upload completed in 2.088435875s"}
{"level":"debug","time":"2026-09-04T19:53:56.267+0530","caller":"httpclient/client.go:45","msg":"[DEBUG] POST https://api-stage-hyperexecute.lambdatestinternal.com/dispatcher/api/dispatcher"}
{"level":"info","time":"2026-09-04T19:53:58.064+0530","caller":"dispatchermanager/setup.go:94","msg":"Dispatch attempt to https://api-stage-hyperexecute.lambdatestinternal.com/dispatcher returned status 200"}
{"level":"debug","time":"2026-09-04T19:53:58.064+0530","caller":"core/lifecycle.go:741","msg":"Job progress won't be tracked as no-track flag is set true"}
{"level":"debug","time":"2026-09-04T19:53:58.064+0530","caller":"core/lifecycle.go:823","msg":"Context canceled"}
{"level":"info","time":"2026-09-04T19:53:58.064+0530","caller":"core/lifecycle.go:826","msg":"Stopping pipeline gracefully"}
{"level":"info","time":"2026-09-04T19:53:58.064+0530","caller":"events/manager.go:338","msg":"context done and stopping SSE"}
{"level":"info","time":"2026-09-04T19:53:58.064+0530","caller":"jobmanager/manager.go:145","msg":"Job Link: https://stage-hyperexecute.lambdatestinternal.com/hyperexecute/task?jobId=b5888f63-b45b-4565-9170-599f20a12918\n"}
{"level":"debug","time":"2026-09-04T19:53:58.064+0530","caller":"events/manager.go:256","msg":"Stopping event manager"}
{"level":"debug","time":"2026-09-04T19:53:58.064+0530","caller":"core/lifecycle.go:76","msg":"Quit requested from main goroutine...."}
{"level":"debug","time":"2026-09-04T19:53:58.064+0530","caller":"core/lifecycle.go:77","msg":"Waiting for the goroutines to exit"}
{"level":"debug","time":"2026-09-04T19:53:58.064+0530","caller":"core/lifecycle.go:80","msg":"All lifecycle goroutines exited"}
{"level":"debug","time":"2026-09-04T19:53:58.064+0530","caller":"cmd/bin.go:360","msg":"main: all goroutines have finished."}
{"level":"debug","time":"2026-09-04T19:54:58.042+0530","caller":"cmd/bin.go:144","msg":"cli os: darwin, cli arch: arm64"}
{"level":"debug","time":"2026-09-04T19:54:58.043+0530","caller":"cmd/bin.go:145","msg":"Current binary version: 0.2.762, Environment: stage"}
{"level":"debug","time":"2026-09-04T19:54:58.830+0530","caller":"cmd/bin.go:154","msg":"Upstream version details: {Name:cli Min:0.2.600 Max:0.2.762} "}
{"level":"info","time":"2026-09-04T19:54:58.830+0530","caller":"cmd/bin.go:202","msg":"Generating TraceID for tracking request: 01M1PCXWXH2SVXSSSBHD16FDPN \n"}
{"level":"debug","time":"2026-09-04T19:55:01.225+0530","caller":"core/lifecycle.go:124","msg":"Setting environment"}
{"level":"debug","time":"2026-09-04T19:55:01.226+0530","caller":"core/lifecycle.go:127","msg":"Parsing config"}
{"level":"debug","time":"2026-09-04T19:55:01.226+0530","caller":"yamlconfigmanager/setup.go:736","msg":"Custom location for .hyperexecute.yaml specified. Using: hyperexecute-smoke.yaml"}
{"level":"debug","time":"2026-09-04T19:55:01.226+0530","caller":"yamlconfigmanager/setup.go:118","msg":"using hyperexecute config from : hyperexecute-smoke.yaml"}
{"level":"debug","time":"2026-09-04T19:55:02.963+0530","caller":"yamlconfigmanager/setup.go:2240","msg":"Autodetecting test type in files of path : /Users/anmolsoin/knowledge-base-LT/he-playground/fw-bdd"}
{"level":"debug","time":"2026-09-04T19:55:02.963+0530","caller":"yamlconfigmanager/setup.go:1665","msg":"dynamic discovery redirect: flag off, keeping mode=dynamic"}
{"level":"debug","time":"2026-09-04T19:55:02.963+0530","caller":"yamlconfigmanager/setup.go:560","msg":"Tunnel: false"}
{"level":"info","time":"2026-09-04T19:55:02.963+0530","caller":"models/HypertestYamlConfig.go:993","msg":"\nExecution Plan"}
{"level":"info","time":"2026-09-04T19:55:02.963+0530","caller":"models/HypertestYamlConfig.go:794","msg":"Mode:    autosplit"}
{"level":"info","time":"2026-09-04T19:55:02.963+0530","caller":"models/HypertestYamlConfig.go:854","msg":"Runson:    linux"}
{"level":"info","time":"2026-09-04T19:55:02.963+0530","caller":"models/HypertestYamlConfig.go:862","msg":"Concurrency:    2"}
{"level":"info","time":"2026-09-04T19:55:02.963+0530","caller":"models/HypertestYamlConfig.go:926","msg":"Report:    enabled"}
{"level":"info","time":"2026-09-04T19:55:02.963+0530","caller":"models/HypertestYamlConfig.go:1006","msg":""}
{"level":"debug","time":"2026-09-04T19:55:02.963+0530","caller":"filevalidator/setup.go:50","msg":"Warning: Checking data.json file in current directory, no dataJsonPath found in .hyperexecute.yaml"}
{"level":"debug","time":"2026-09-04T19:55:02.963+0530","caller":"filevalidator/setup.go:54","msg":"Warning: data.json file doesn't exist"}
{"level":"debug","time":"2026-09-04T19:55:06.454+0530","caller":"core/lifecycle.go:399","msg":"Job ID: eaa94df6-d3f4-481f-916b-9b510f91a306"}
{"level":"debug","time":"2026-09-04T19:55:06.454+0530","caller":"events/manager.go:97","msg":"Starting event manager"}
{"level":"debug","time":"2026-09-04T19:55:06.455+0530","caller":"events/manager.go:99","msg":"SSE enabled, getting SSE connection"}
{"level":"debug","time":"2026-09-04T19:55:06.455+0530","caller":"core/lifecycle.go:402","msg":"User - anmolsoin, triggered job with ID eaa94df6-d3f4-481f-916b-9b510f91a306 from CLI"}
{"level":"debug","time":"2026-09-04T19:55:06.455+0530","caller":"archivemanager/setup.go:341","msg":"digestMap: map[]"}
{"level":"debug","time":"2026-09-04T19:55:06.456+0530","caller":"archivemanager/setup.go:347","msg":"Creating archive of target directory: /Users/anmolsoin/knowledge-base-LT/he-playground/fw-bdd"}
{"level":"debug","time":"2026-09-04T19:55:06.464+0530","caller":"core/lifecycle.go:556","msg":"Zip file size: 5.68 kB"}
{"level":"debug","time":"2026-09-04T19:55:06.464+0530","caller":"core/lifecycle.go:566","msg":"Archive location: /Users/anmolsoin/knowledge-base-LT/he-playground/fw-bdd/hyperexecute-code-eaa94df6-d3f4-481f-916b-9b510f91a306.zip\n"}
{"level":"debug","time":"2026-09-04T19:55:06.465+0530","caller":"receptionmanager/setup.go:451","msg":"only one runtime entry detected, mapping it to older yaml format"}
{"level":"debug","time":"2026-09-04T19:55:06.466+0530","caller":"receptionmanager/setup.go:470","msg":"number of entries in partialreports: 1, switching to new yaml format"}
{"level":"debug","time":"2026-09-04T19:55:06.466+0530","caller":"receptionmanager/setup.go:221","msg":"policy enforce: feature flag off, skipping enforcement"}
{"level":"debug","time":"2026-09-04T19:55:06.466+0530","caller":"receptionmanager/setup.go:355","msg":"Uploading yaml : /Users/anmolsoin/knowledge-base-LT/he-playground/fw-bdd/.updatedhyperexecute.yaml"}
{"level":"debug","time":"2026-09-04T19:55:06.467+0530","caller":"storage/azure.go:59","msg":"Payload size: 3.84 kB, source path /Users/anmolsoin/knowledge-base-LT/he-playground/fw-bdd/.updatedhyperexecute.yaml"}
{"level":"debug","time":"2026-09-04T19:55:07.892+0530","caller":"events/manager.go:288","msg":"connection to hyperexecute server established successfully."}
{"level":"debug","time":"2026-09-04T19:55:08.617+0530","caller":"storage/azure.go:83","msg":"Azcopy output: \n\r100.0 %, 1 Done, 0 Failed, 0 Pending, 0 Skipped, 1 Total, 2-sec Throughput (Mb/s): 0.0153\nTotal time taken to upload(min) :0.0334\n, stderr: "}
{"level":"info","time":"2026-09-04T19:55:08.617+0530","caller":"storage/azure.go:122","msg":"File: /Users/anmolsoin/knowledge-base-LT/he-playground/fw-bdd/.updatedhyperexecute.yaml upload completed in 2.150394958s"}
{"level":"debug","time":"2026-09-04T19:55:08.617+0530","caller":"storage/azure.go:59","msg":"Payload size: 5.68 kB, source path /Users/anmolsoin/knowledge-base-LT/he-playground/fw-bdd/hyperexecute-code-eaa94df6-d3f4-481f-916b-9b510f91a306.zip"}
{"level":"debug","time":"2026-09-04T19:55:10.665+0530","caller":"storage/azure.go:83","msg":"Azcopy output: \n\r100.0 %, 1 Done, 0 Failed, 0 Pending, 0 Skipped, 1 Total, 2-sec Throughput (Mb/s): 0.0227\nTotal time taken to upload(min) :0.0334\n, stderr: "}
{"level":"info","time":"2026-09-04T19:55:10.665+0530","caller":"storage/azure.go:122","msg":"File: /Users/anmolsoin/knowledge-base-LT/he-playground/fw-bdd/hyperexecute-code-eaa94df6-d3f4-481f-916b-9b510f91a306.zip upload completed in 2.048072208s"}
{"level":"debug","time":"2026-09-04T19:55:10.665+0530","caller":"core/lifecycle.go:607","msg":"Successfully deleted code archive: /Users/anmolsoin/knowledge-base-LT/he-playground/fw-bdd/hyperexecute-code-eaa94df6-d3f4-481f-916b-9b510f91a306.zip\n"}
{"level":"debug","time":"2026-09-04T19:55:10.665+0530","caller":"storage/azure.go:59","msg":"Payload size: 531 B, source path mask-eaa94df6-d3f4-481f-916b-9b510f91a306.yaml"}
{"level":"debug","time":"2026-09-04T19:55:12.711+0530","caller":"storage/azure.go:83","msg":"Azcopy output: \n\r100.0 %, 1 Done, 0 Failed, 0 Pending, 0 Skipped, 1 Total, 2-sec Throughput (Mb/s): 0.0021\nTotal time taken to upload(min) :0.0334\n, stderr: "}
{"level":"info","time":"2026-09-04T19:55:12.711+0530","caller":"storage/azure.go:122","msg":"File: mask-eaa94df6-d3f4-481f-916b-9b510f91a306.yaml upload completed in 2.045567708s"}
{"level":"debug","time":"2026-09-04T19:55:12.711+0530","caller":"httpclient/client.go:45","msg":"[DEBUG] POST https://api-stage-hyperexecute.lambdatestinternal.com/dispatcher/api/dispatcher"}
{"level":"info","time":"2026-09-04T19:55:13.787+0530","caller":"dispatchermanager/setup.go:94","msg":"Dispatch attempt to https://api-stage-hyperexecute.lambdatestinternal.com/dispatcher returned status 200"}
{"level":"debug","time":"2026-09-04T19:55:13.787+0530","caller":"core/lifecycle.go:741","msg":"Job progress won't be tracked as no-track flag is set true"}
{"level":"debug","time":"2026-09-04T19:55:13.787+0530","caller":"core/lifecycle.go:823","msg":"Context canceled"}
{"level":"info","time":"2026-09-04T19:55:13.787+0530","caller":"core/lifecycle.go:826","msg":"Stopping pipeline gracefully"}
{"level":"info","time":"2026-09-04T19:55:13.787+0530","caller":"events/manager.go:338","msg":"context done and stopping SSE"}
{"level":"info","time":"2026-09-04T19:55:13.787+0530","caller":"jobmanager/manager.go:145","msg":"Job Link: https://stage-hyperexecute.lambdatestinternal.com/hyperexecute/task?jobId=eaa94df6-d3f4-481f-916b-9b510f91a306\n"}
{"level":"debug","time":"2026-09-04T19:55:13.787+0530","caller":"events/manager.go:256","msg":"Stopping event manager"}
{"level":"debug","time":"2026-09-04T19:55:13.787+0530","caller":"core/lifecycle.go:76","msg":"Quit requested from main goroutine...."}
{"level":"debug","time":"2026-09-04T19:55:13.787+0530","caller":"core/lifecycle.go:77","msg":"Waiting for the goroutines to exit"}
{"level":"debug","time":"2026-09-04T19:55:13.787+0530","caller":"core/lifecycle.go:80","msg":"All lifecycle goroutines exited"}
{"level":"debug","time":"2026-09-04T19:55:13.787+0530","caller":"cmd/bin.go:360","msg":"main: all goroutines have finished."}
{"level":"debug","time":"2026-09-04T20:02:11.600+0530","caller":"cmd/bin.go:144","msg":"cli os: darwin, cli arch: arm64"}
{"level":"debug","time":"2026-09-04T20:02:11.602+0530","caller":"cmd/bin.go:145","msg":"Current binary version: 0.2.762, Environment: stage"}
{"level":"debug","time":"2026-09-04T20:02:12.418+0530","caller":"cmd/bin.go:154","msg":"Upstream version details: {Name:cli Min:0.2.600 Max:0.2.762} "}
{"level":"info","time":"2026-09-04T20:02:12.418+0530","caller":"cmd/bin.go:202","msg":"Generating TraceID for tracking request: 01M1PDB45EE36XFAJWRGVG0NR6 \n"}
{"level":"debug","time":"2026-09-04T20:02:14.766+0530","caller":"core/lifecycle.go:124","msg":"Setting environment"}
{"level":"debug","time":"2026-09-04T20:02:14.767+0530","caller":"core/lifecycle.go:127","msg":"Parsing config"}
{"level":"debug","time":"2026-09-04T20:02:14.768+0530","caller":"yamlconfigmanager/setup.go:736","msg":"Custom location for .hyperexecute.yaml specified. Using: hyperexecute.yaml"}
{"level":"debug","time":"2026-09-04T20:02:14.768+0530","caller":"yamlconfigmanager/setup.go:118","msg":"using hyperexecute config from : hyperexecute.yaml"}
{"level":"debug","time":"2026-09-04T20:02:16.350+0530","caller":"yamlconfigmanager/setup.go:2240","msg":"Autodetecting test type in files of path : /Users/anmolsoin/knowledge-base-LT/he-playground/fw-bdd"}
{"level":"debug","time":"2026-09-04T20:02:16.350+0530","caller":"yamlconfigmanager/setup.go:1665","msg":"dynamic discovery redirect: flag off, keeping mode=dynamic"}
{"level":"info","time":"2026-09-04T20:02:16.350+0530","caller":"core/lifecycle.go:142","msg":"HyperExecute Config validated successfully"}
{"level":"debug","time":"2026-09-04T20:02:16.350+0530","caller":"core/lifecycle.go:76","msg":"Quit requested from main goroutine...."}
{"level":"debug","time":"2026-09-04T20:02:16.350+0530","caller":"core/lifecycle.go:77","msg":"Waiting for the goroutines to exit"}
{"level":"debug","time":"2026-09-04T20:02:16.350+0530","caller":"core/lifecycle.go:80","msg":"All lifecycle goroutines exited"}
{"level":"debug","time":"2026-09-04T20:02:16.350+0530","caller":"cmd/bin.go:360","msg":"main: all goroutines have finished."}
{"level":"debug","time":"2026-09-04T20:02:17.150+0530","caller":"cmd/bin.go:144","msg":"cli os: darwin, cli arch: arm64"}
{"level":"debug","time":"2026-09-04T20:02:17.151+0530","caller":"cmd/bin.go:145","msg":"Current binary version: 0.2.762, Environment: stage"}
{"level":"debug","time":"2026-09-04T20:02:17.926+0530","caller":"cmd/bin.go:154","msg":"Upstream version details: {Name:cli Min:0.2.600 Max:0.2.762} "}
{"level":"info","time":"2026-09-04T20:02:17.927+0530","caller":"cmd/bin.go:202","msg":"Generating TraceID for tracking request: 01M1PDB9RF1QMT8QRM4HWH0MGT \n"}
{"level":"debug","time":"2026-09-04T20:02:19.872+0530","caller":"core/lifecycle.go:124","msg":"Setting environment"}
{"level":"debug","time":"2026-09-04T20:02:19.873+0530","caller":"core/lifecycle.go:127","msg":"Parsing config"}
{"level":"debug","time":"2026-09-04T20:02:19.873+0530","caller":"yamlconfigmanager/setup.go:736","msg":"Custom location for .hyperexecute.yaml specified. Using: hyperexecute-smoke.yaml"}
{"level":"debug","time":"2026-09-04T20:02:19.873+0530","caller":"yamlconfigmanager/setup.go:118","msg":"using hyperexecute config from : hyperexecute-smoke.yaml"}
{"level":"debug","time":"2026-09-04T20:02:21.409+0530","caller":"yamlconfigmanager/setup.go:2240","msg":"Autodetecting test type in files of path : /Users/anmolsoin/knowledge-base-LT/he-playground/fw-bdd"}
{"level":"debug","time":"2026-09-04T20:02:21.409+0530","caller":"yamlconfigmanager/setup.go:1665","msg":"dynamic discovery redirect: flag off, keeping mode=dynamic"}
{"level":"info","time":"2026-09-04T20:02:21.409+0530","caller":"core/lifecycle.go:142","msg":"HyperExecute Config validated successfully"}
{"level":"debug","time":"2026-09-04T20:02:21.409+0530","caller":"core/lifecycle.go:76","msg":"Quit requested from main goroutine...."}
{"level":"debug","time":"2026-09-04T20:02:21.409+0530","caller":"core/lifecycle.go:77","msg":"Waiting for the goroutines to exit"}
{"level":"debug","time":"2026-09-04T20:02:21.409+0530","caller":"core/lifecycle.go:80","msg":"All lifecycle goroutines exited"}
{"level":"debug","time":"2026-09-04T20:02:21.409+0530","caller":"cmd/bin.go:360","msg":"main: all goroutines have finished."}
{"level":"debug","time":"2026-09-04T20:02:36.789+0530","caller":"cmd/bin.go:144","msg":"cli os: darwin, cli arch: arm64"}
{"level":"debug","time":"2026-09-04T20:02:36.790+0530","caller":"cmd/bin.go:145","msg":"Current binary version: 0.2.762, Environment: stage"}
{"level":"debug","time":"2026-09-04T20:02:37.619+0530","caller":"cmd/bin.go:154","msg":"Upstream version details: {Name:cli Min:0.2.600 Max:0.2.762} "}
{"level":"info","time":"2026-09-04T20:02:37.619+0530","caller":"cmd/bin.go:202","msg":"Generating TraceID for tracking request: 01M1PDBWXWXAA8639ZP0SJASBD \n"}
{"level":"debug","time":"2026-09-04T20:02:39.740+0530","caller":"core/lifecycle.go:124","msg":"Setting environment"}
{"level":"debug","time":"2026-09-04T20:02:39.740+0530","caller":"core/lifecycle.go:127","msg":"Parsing config"}
{"level":"debug","time":"2026-09-04T20:02:39.740+0530","caller":"yamlconfigmanager/setup.go:736","msg":"Custom location for .hyperexecute.yaml specified. Using: hyperexecute.yaml"}
{"level":"debug","time":"2026-09-04T20:02:39.740+0530","caller":"yamlconfigmanager/setup.go:118","msg":"using hyperexecute config from : hyperexecute.yaml"}
{"level":"debug","time":"2026-09-04T20:02:41.346+0530","caller":"yamlconfigmanager/setup.go:2240","msg":"Autodetecting test type in files of path : /Users/anmolsoin/knowledge-base-LT/he-playground/fw-bdd"}
{"level":"debug","time":"2026-09-04T20:02:41.346+0530","caller":"yamlconfigmanager/setup.go:1665","msg":"dynamic discovery redirect: flag off, keeping mode=dynamic"}
{"level":"debug","time":"2026-09-04T20:02:41.346+0530","caller":"yamlconfigmanager/setup.go:560","msg":"Tunnel: false"}
{"level":"info","time":"2026-09-04T20:02:41.346+0530","caller":"models/HypertestYamlConfig.go:993","msg":"\nExecution Plan"}
{"level":"info","time":"2026-09-04T20:02:41.346+0530","caller":"models/HypertestYamlConfig.go:794","msg":"Mode:    autosplit"}
{"level":"info","time":"2026-09-04T20:02:41.346+0530","caller":"models/HypertestYamlConfig.go:854","msg":"Runson:    linux"}
{"level":"info","time":"2026-09-04T20:02:41.346+0530","caller":"models/HypertestYamlConfig.go:862","msg":"Concurrency:    2"}
{"level":"info","time":"2026-09-04T20:02:41.346+0530","caller":"models/HypertestYamlConfig.go:926","msg":"Report:    enabled"}
{"level":"info","time":"2026-09-04T20:02:41.346+0530","caller":"models/HypertestYamlConfig.go:940","msg":"Artefacts:"}
{"level":"info","time":"2026-09-04T20:02:41.346+0530","caller":"models/HypertestYamlConfig.go:943","msg":"    behave-junit:    reports/"}
{"level":"info","time":"2026-09-04T20:02:41.346+0530","caller":"models/HypertestYamlConfig.go:1006","msg":""}
{"level":"debug","time":"2026-09-04T20:02:41.346+0530","caller":"filevalidator/setup.go:50","msg":"Warning: Checking data.json file in current directory, no dataJsonPath found in .hyperexecute.yaml"}
{"level":"debug","time":"2026-09-04T20:02:41.346+0530","caller":"filevalidator/setup.go:54","msg":"Warning: data.json file doesn't exist"}
{"level":"debug","time":"2026-09-04T20:02:44.672+0530","caller":"core/lifecycle.go:399","msg":"Job ID: 94fb9922-d5b6-4589-bc1b-a2e7ab0f870e"}
{"level":"debug","time":"2026-09-04T20:02:44.672+0530","caller":"core/lifecycle.go:402","msg":"User - anmolsoin, triggered job with ID 94fb9922-d5b6-4589-bc1b-a2e7ab0f870e from CLI"}
{"level":"debug","time":"2026-09-04T20:02:44.672+0530","caller":"events/manager.go:97","msg":"Starting event manager"}
{"level":"debug","time":"2026-09-04T20:02:44.672+0530","caller":"events/manager.go:99","msg":"SSE enabled, getting SSE connection"}
{"level":"debug","time":"2026-09-04T20:02:44.672+0530","caller":"archivemanager/setup.go:341","msg":"digestMap: map[]"}
{"level":"debug","time":"2026-09-04T20:02:44.672+0530","caller":"archivemanager/setup.go:347","msg":"Creating archive of target directory: /Users/anmolsoin/knowledge-base-LT/he-playground/fw-bdd"}
{"level":"debug","time":"2026-09-04T20:02:44.676+0530","caller":"core/lifecycle.go:556","msg":"Zip file size: 6.42 kB"}
{"level":"debug","time":"2026-09-04T20:02:44.676+0530","caller":"core/lifecycle.go:566","msg":"Archive location: /Users/anmolsoin/knowledge-base-LT/he-playground/fw-bdd/hyperexecute-code-94fb9922-d5b6-4589-bc1b-a2e7ab0f870e.zip\n"}
{"level":"debug","time":"2026-09-04T20:02:44.676+0530","caller":"receptionmanager/setup.go:451","msg":"only one runtime entry detected, mapping it to older yaml format"}
{"level":"debug","time":"2026-09-04T20:02:44.677+0530","caller":"receptionmanager/setup.go:480","msg":"only one partialreports entry detected, mapping it to older yaml format"}
{"level":"debug","time":"2026-09-04T20:02:44.677+0530","caller":"receptionmanager/setup.go:221","msg":"policy enforce: feature flag off, skipping enforcement"}
{"level":"debug","time":"2026-09-04T20:02:44.677+0530","caller":"receptionmanager/setup.go:355","msg":"Uploading yaml : /Users/anmolsoin/knowledge-base-LT/he-playground/fw-bdd/.updatedhyperexecute.yaml"}
{"level":"debug","time":"2026-09-04T20:02:44.677+0530","caller":"storage/azure.go:59","msg":"Payload size: 4.15 kB, source path /Users/anmolsoin/knowledge-base-LT/he-playground/fw-bdd/.updatedhyperexecute.yaml"}
{"level":"debug","time":"2026-09-04T20:02:46.004+0530","caller":"events/manager.go:288","msg":"connection to hyperexecute server established successfully."}
{"level":"debug","time":"2026-09-04T20:02:46.807+0530","caller":"storage/azure.go:83","msg":"Azcopy output: \n\r100.0 %, 1 Done, 0 Failed, 0 Pending, 0 Skipped, 1 Total, 2-sec Throughput (Mb/s): 0.0166\nTotal time taken to upload(min) :0.0334\n, stderr: "}
{"level":"info","time":"2026-09-04T20:02:46.807+0530","caller":"storage/azure.go:122","msg":"File: /Users/anmolsoin/knowledge-base-LT/he-playground/fw-bdd/.updatedhyperexecute.yaml upload completed in 2.129637083s"}
{"level":"debug","time":"2026-09-04T20:02:46.807+0530","caller":"storage/azure.go:59","msg":"Payload size: 6.42 kB, source path /Users/anmolsoin/knowledge-base-LT/he-playground/fw-bdd/hyperexecute-code-94fb9922-d5b6-4589-bc1b-a2e7ab0f870e.zip"}
{"level":"debug","time":"2026-09-04T20:02:48.852+0530","caller":"storage/azure.go:83","msg":"Azcopy output: \n\r100.0 %, 1 Done, 0 Failed, 0 Pending, 0 Skipped, 1 Total, 2-sec Throughput (Mb/s): 0.0257\nTotal time taken to upload(min) :0.0333\n, stderr: "}
{"level":"info","time":"2026-09-04T20:02:48.852+0530","caller":"storage/azure.go:122","msg":"File: /Users/anmolsoin/knowledge-base-LT/he-playground/fw-bdd/hyperexecute-code-94fb9922-d5b6-4589-bc1b-a2e7ab0f870e.zip upload completed in 2.045526541s"}
{"level":"debug","time":"2026-09-04T20:02:48.853+0530","caller":"core/lifecycle.go:607","msg":"Successfully deleted code archive: /Users/anmolsoin/knowledge-base-LT/he-playground/fw-bdd/hyperexecute-code-94fb9922-d5b6-4589-bc1b-a2e7ab0f870e.zip\n"}
{"level":"debug","time":"2026-09-04T20:02:48.853+0530","caller":"storage/azure.go:59","msg":"Payload size: 619 B, source path mask-94fb9922-d5b6-4589-bc1b-a2e7ab0f870e.yaml"}
{"level":"debug","time":"2026-09-04T20:02:50.930+0530","caller":"storage/azure.go:83","msg":"Azcopy output: \n\r100.0 %, 1 Done, 0 Failed, 0 Pending, 0 Skipped, 1 Total, 2-sec Throughput (Mb/s): 0.0025\nTotal time taken to upload(min) :0.0333\n, stderr: "}
{"level":"info","time":"2026-09-04T20:02:50.930+0530","caller":"storage/azure.go:122","msg":"File: mask-94fb9922-d5b6-4589-bc1b-a2e7ab0f870e.yaml upload completed in 2.077657166s"}
{"level":"debug","time":"2026-09-04T20:02:50.931+0530","caller":"httpclient/client.go:45","msg":"[DEBUG] POST https://api-stage-hyperexecute.lambdatestinternal.com/dispatcher/api/dispatcher"}
{"level":"info","time":"2026-09-04T20:02:52.052+0530","caller":"dispatchermanager/setup.go:94","msg":"Dispatch attempt to https://api-stage-hyperexecute.lambdatestinternal.com/dispatcher returned status 200"}
{"level":"debug","time":"2026-09-04T20:02:52.052+0530","caller":"core/lifecycle.go:741","msg":"Job progress won't be tracked as no-track flag is set true"}
{"level":"debug","time":"2026-09-04T20:02:52.052+0530","caller":"core/lifecycle.go:823","msg":"Context canceled"}
{"level":"info","time":"2026-09-04T20:02:52.052+0530","caller":"events/manager.go:338","msg":"context done and stopping SSE"}
{"level":"debug","time":"2026-09-04T20:02:52.052+0530","caller":"events/manager.go:256","msg":"Stopping event manager"}
{"level":"info","time":"2026-09-04T20:02:52.052+0530","caller":"core/lifecycle.go:826","msg":"Stopping pipeline gracefully"}
{"level":"info","time":"2026-09-04T20:02:52.052+0530","caller":"jobmanager/manager.go:145","msg":"Job Link: https://stage-hyperexecute.lambdatestinternal.com/hyperexecute/task?jobId=94fb9922-d5b6-4589-bc1b-a2e7ab0f870e\n"}
{"level":"debug","time":"2026-09-04T20:02:52.052+0530","caller":"core/lifecycle.go:76","msg":"Quit requested from main goroutine...."}
{"level":"debug","time":"2026-09-04T20:02:52.052+0530","caller":"core/lifecycle.go:77","msg":"Waiting for the goroutines to exit"}
{"level":"debug","time":"2026-09-04T20:02:52.052+0530","caller":"core/lifecycle.go:80","msg":"All lifecycle goroutines exited"}
{"level":"debug","time":"2026-09-04T20:02:52.052+0530","caller":"cmd/bin.go:360","msg":"main: all goroutines have finished."}
{"level":"debug","time":"2026-09-04T20:15:18.108+0530","caller":"cmd/bin.go:144","msg":"cli os: darwin, cli arch: arm64"}
{"level":"debug","time":"2026-09-04T20:15:18.109+0530","caller":"cmd/bin.go:145","msg":"Current binary version: 0.2.762, Environment: stage"}
{"level":"debug","time":"2026-09-04T20:15:18.859+0530","caller":"cmd/bin.go:154","msg":"Upstream version details: {Name:cli Min:0.2.600 Max:0.2.762} "}
{"level":"info","time":"2026-09-04T20:15:18.859+0530","caller":"cmd/bin.go:202","msg":"Generating TraceID for tracking request: 01M1PE34CPXS5Q45M27AD1TGBV \n"}
{"level":"debug","time":"2026-09-04T20:15:21.112+0530","caller":"core/lifecycle.go:124","msg":"Setting environment"}
{"level":"debug","time":"2026-09-04T20:15:21.113+0530","caller":"core/lifecycle.go:127","msg":"Parsing config"}
{"level":"debug","time":"2026-09-04T20:15:21.113+0530","caller":"yamlconfigmanager/setup.go:736","msg":"Custom location for .hyperexecute.yaml specified. Using: hyperexecute-smoke.yaml"}
{"level":"debug","time":"2026-09-04T20:15:21.113+0530","caller":"yamlconfigmanager/setup.go:118","msg":"using hyperexecute config from : hyperexecute-smoke.yaml"}
{"level":"debug","time":"2026-09-04T20:15:22.718+0530","caller":"yamlconfigmanager/setup.go:2240","msg":"Autodetecting test type in files of path : /Users/anmolsoin/knowledge-base-LT/he-playground/fw-bdd"}
{"level":"debug","time":"2026-09-04T20:15:22.718+0530","caller":"yamlconfigmanager/setup.go:1665","msg":"dynamic discovery redirect: flag off, keeping mode=dynamic"}
{"level":"info","time":"2026-09-04T20:15:22.718+0530","caller":"core/lifecycle.go:142","msg":"HyperExecute Config validated successfully"}
{"level":"debug","time":"2026-09-04T20:15:22.718+0530","caller":"core/lifecycle.go:76","msg":"Quit requested from main goroutine...."}
{"level":"debug","time":"2026-09-04T20:15:22.718+0530","caller":"core/lifecycle.go:77","msg":"Waiting for the goroutines to exit"}
{"level":"debug","time":"2026-09-04T20:15:22.718+0530","caller":"core/lifecycle.go:80","msg":"All lifecycle goroutines exited"}
{"level":"debug","time":"2026-09-04T20:15:22.718+0530","caller":"cmd/bin.go:360","msg":"main: all goroutines have finished."}
{"level":"debug","time":"2026-09-04T20:15:23.569+0530","caller":"cmd/bin.go:144","msg":"cli os: darwin, cli arch: arm64"}
{"level":"debug","time":"2026-09-04T20:15:23.570+0530","caller":"cmd/bin.go:145","msg":"Current binary version: 0.2.762, Environment: stage"}
{"level":"debug","time":"2026-09-04T20:15:24.388+0530","caller":"cmd/bin.go:154","msg":"Upstream version details: {Name:cli Min:0.2.600 Max:0.2.762} "}
{"level":"info","time":"2026-09-04T20:15:24.388+0530","caller":"cmd/bin.go:202","msg":"Generating TraceID for tracking request: 01M1PE39PPDEEX8G5JYQ3RQCBX \n"}
{"level":"debug","time":"2026-09-04T20:15:26.251+0530","caller":"core/lifecycle.go:124","msg":"Setting environment"}
{"level":"debug","time":"2026-09-04T20:15:26.252+0530","caller":"core/lifecycle.go:127","msg":"Parsing config"}
{"level":"debug","time":"2026-09-04T20:15:26.252+0530","caller":"yamlconfigmanager/setup.go:736","msg":"Custom location for .hyperexecute.yaml specified. Using: hyperexecute-smoke.yaml"}
{"level":"debug","time":"2026-09-04T20:15:26.252+0530","caller":"yamlconfigmanager/setup.go:118","msg":"using hyperexecute config from : hyperexecute-smoke.yaml"}
{"level":"debug","time":"2026-09-04T20:15:27.787+0530","caller":"yamlconfigmanager/setup.go:2240","msg":"Autodetecting test type in files of path : /Users/anmolsoin/knowledge-base-LT/he-playground/fw-bdd"}
{"level":"debug","time":"2026-09-04T20:15:27.787+0530","caller":"yamlconfigmanager/setup.go:1665","msg":"dynamic discovery redirect: flag off, keeping mode=dynamic"}
{"level":"debug","time":"2026-09-04T20:15:27.787+0530","caller":"yamlconfigmanager/setup.go:560","msg":"Tunnel: false"}
{"level":"info","time":"2026-09-04T20:15:27.787+0530","caller":"models/HypertestYamlConfig.go:993","msg":"\nExecution Plan"}
{"level":"info","time":"2026-09-04T20:15:27.787+0530","caller":"models/HypertestYamlConfig.go:794","msg":"Mode:    autosplit"}
{"level":"info","time":"2026-09-04T20:15:27.787+0530","caller":"models/HypertestYamlConfig.go:854","msg":"Runson:    linux"}
{"level":"info","time":"2026-09-04T20:15:27.787+0530","caller":"models/HypertestYamlConfig.go:862","msg":"Concurrency:    2"}
{"level":"info","time":"2026-09-04T20:15:27.787+0530","caller":"models/HypertestYamlConfig.go:926","msg":"Report:    enabled"}
{"level":"info","time":"2026-09-04T20:15:27.787+0530","caller":"models/HypertestYamlConfig.go:940","msg":"Artefacts:"}
{"level":"info","time":"2026-09-04T20:15:27.787+0530","caller":"models/HypertestYamlConfig.go:943","msg":"    behave-junit:    reports/"}
{"level":"info","time":"2026-09-04T20:15:27.787+0530","caller":"models/HypertestYamlConfig.go:1006","msg":""}
{"level":"debug","time":"2026-09-04T20:15:27.787+0530","caller":"filevalidator/setup.go:50","msg":"Warning: Checking data.json file in current directory, no dataJsonPath found in .hyperexecute.yaml"}
{"level":"debug","time":"2026-09-04T20:15:27.788+0530","caller":"filevalidator/setup.go:54","msg":"Warning: data.json file doesn't exist"}
{"level":"debug","time":"2026-09-04T20:15:31.182+0530","caller":"core/lifecycle.go:399","msg":"Job ID: c4442674-3557-4f81-9d00-465bb3d98247"}
{"level":"debug","time":"2026-09-04T20:15:31.182+0530","caller":"core/lifecycle.go:402","msg":"User - anmolsoin, triggered job with ID c4442674-3557-4f81-9d00-465bb3d98247 from CLI"}
{"level":"debug","time":"2026-09-04T20:15:31.182+0530","caller":"events/manager.go:97","msg":"Starting event manager"}
{"level":"debug","time":"2026-09-04T20:15:31.182+0530","caller":"events/manager.go:99","msg":"SSE enabled, getting SSE connection"}
{"level":"debug","time":"2026-09-04T20:15:31.183+0530","caller":"archivemanager/setup.go:341","msg":"digestMap: map[]"}
{"level":"debug","time":"2026-09-04T20:15:31.184+0530","caller":"archivemanager/setup.go:347","msg":"Creating archive of target directory: /Users/anmolsoin/knowledge-base-LT/he-playground/fw-bdd"}
{"level":"debug","time":"2026-09-04T20:15:31.193+0530","caller":"core/lifecycle.go:556","msg":"Zip file size: 7.04 kB"}
{"level":"debug","time":"2026-09-04T20:15:31.193+0530","caller":"core/lifecycle.go:566","msg":"Archive location: /Users/anmolsoin/knowledge-base-LT/he-playground/fw-bdd/hyperexecute-code-c4442674-3557-4f81-9d00-465bb3d98247.zip\n"}
{"level":"debug","time":"2026-09-04T20:15:31.194+0530","caller":"receptionmanager/setup.go:451","msg":"only one runtime entry detected, mapping it to older yaml format"}
{"level":"debug","time":"2026-09-04T20:15:31.195+0530","caller":"receptionmanager/setup.go:480","msg":"only one partialreports entry detected, mapping it to older yaml format"}
{"level":"debug","time":"2026-09-04T20:15:31.196+0530","caller":"receptionmanager/setup.go:221","msg":"policy enforce: feature flag off, skipping enforcement"}
{"level":"debug","time":"2026-09-04T20:15:31.196+0530","caller":"receptionmanager/setup.go:355","msg":"Uploading yaml : /Users/anmolsoin/knowledge-base-LT/he-playground/fw-bdd/.updatedhyperexecute.yaml"}
{"level":"debug","time":"2026-09-04T20:15:31.196+0530","caller":"storage/azure.go:59","msg":"Payload size: 4.17 kB, source path /Users/anmolsoin/knowledge-base-LT/he-playground/fw-bdd/.updatedhyperexecute.yaml"}
{"level":"debug","time":"2026-09-04T20:15:32.541+0530","caller":"events/manager.go:288","msg":"connection to hyperexecute server established successfully."}
{"level":"debug","time":"2026-09-04T20:15:33.773+0530","caller":"storage/azure.go:83","msg":"Azcopy output: \n\r100.0 %, 1 Done, 0 Failed, 0 Pending, 0 Skipped, 1 Total, 2-sec Throughput (Mb/s): 0.0167\nTotal time taken to upload(min) :0.0334\n, stderr: "}
{"level":"info","time":"2026-09-04T20:15:33.774+0530","caller":"storage/azure.go:122","msg":"File: /Users/anmolsoin/knowledge-base-LT/he-playground/fw-bdd/.updatedhyperexecute.yaml upload completed in 2.577261333s"}
{"level":"debug","time":"2026-09-04T20:15:33.774+0530","caller":"storage/azure.go:59","msg":"Payload size: 7.04 kB, source path /Users/anmolsoin/knowledge-base-LT/he-playground/fw-bdd/hyperexecute-code-c4442674-3557-4f81-9d00-465bb3d98247.zip"}
{"level":"debug","time":"2026-09-04T20:15:35.816+0530","caller":"storage/azure.go:83","msg":"Azcopy output: \n\r100.0 %, 1 Done, 0 Failed, 0 Pending, 0 Skipped, 1 Total, 2-sec Throughput (Mb/s): 0.0281\nTotal time taken to upload(min) :0.0334\n, stderr: "}
{"level":"info","time":"2026-09-04T20:15:35.816+0530","caller":"storage/azure.go:122","msg":"File: /Users/anmolsoin/knowledge-base-LT/he-playground/fw-bdd/hyperexecute-code-c4442674-3557-4f81-9d00-465bb3d98247.zip upload completed in 2.042739334s"}
{"level":"debug","time":"2026-09-04T20:15:35.817+0530","caller":"core/lifecycle.go:607","msg":"Successfully deleted code archive: /Users/anmolsoin/knowledge-base-LT/he-playground/fw-bdd/hyperexecute-code-c4442674-3557-4f81-9d00-465bb3d98247.zip\n"}
{"level":"debug","time":"2026-09-04T20:15:35.817+0530","caller":"storage/azure.go:59","msg":"Payload size: 640 B, source path mask-c4442674-3557-4f81-9d00-465bb3d98247.yaml"}
{"level":"debug","time":"2026-09-04T20:15:37.867+0530","caller":"storage/azure.go:83","msg":"Azcopy output: \n\r100.0 %, 1 Done, 0 Failed, 0 Pending, 0 Skipped, 1 Total, 2-sec Throughput (Mb/s): 0.0026\nTotal time taken to upload(min) :0.0334\n, stderr: "}
{"level":"info","time":"2026-09-04T20:15:37.867+0530","caller":"storage/azure.go:122","msg":"File: mask-c4442674-3557-4f81-9d00-465bb3d98247.yaml upload completed in 2.050088s"}
{"level":"debug","time":"2026-09-04T20:15:37.867+0530","caller":"httpclient/client.go:45","msg":"[DEBUG] POST https://api-stage-hyperexecute.lambdatestinternal.com/dispatcher/api/dispatcher"}
{"level":"info","time":"2026-09-04T20:15:38.975+0530","caller":"dispatchermanager/setup.go:94","msg":"Dispatch attempt to https://api-stage-hyperexecute.lambdatestinternal.com/dispatcher returned status 200"}
{"level":"debug","time":"2026-09-04T20:15:38.975+0530","caller":"core/lifecycle.go:741","msg":"Job progress won't be tracked as no-track flag is set true"}
{"level":"debug","time":"2026-09-04T20:15:38.976+0530","caller":"core/lifecycle.go:823","msg":"Context canceled"}
{"level":"info","time":"2026-09-04T20:15:38.976+0530","caller":"core/lifecycle.go:826","msg":"Stopping pipeline gracefully"}
{"level":"info","time":"2026-09-04T20:15:38.976+0530","caller":"events/manager.go:338","msg":"context done and stopping SSE"}
{"level":"info","time":"2026-09-04T20:15:38.976+0530","caller":"jobmanager/manager.go:145","msg":"Job Link: https://stage-hyperexecute.lambdatestinternal.com/hyperexecute/task?jobId=c4442674-3557-4f81-9d00-465bb3d98247\n"}
{"level":"debug","time":"2026-09-04T20:15:38.976+0530","caller":"events/manager.go:256","msg":"Stopping event manager"}
{"level":"debug","time":"2026-09-04T20:15:38.976+0530","caller":"core/lifecycle.go:76","msg":"Quit requested from main goroutine...."}
{"level":"debug","time":"2026-09-04T20:15:38.976+0530","caller":"core/lifecycle.go:77","msg":"Waiting for the goroutines to exit"}
{"level":"debug","time":"2026-09-04T20:15:38.976+0530","caller":"core/lifecycle.go:80","msg":"All lifecycle goroutines exited"}
{"level":"debug","time":"2026-09-04T20:15:38.976+0530","caller":"cmd/bin.go:360","msg":"main: all goroutines have finished."}
{"level":"debug","time":"2026-09-04T20:21:09.403+0530","caller":"cmd/bin.go:144","msg":"cli os: darwin, cli arch: arm64"}
{"level":"debug","time":"2026-09-04T20:21:09.405+0530","caller":"cmd/bin.go:145","msg":"Current binary version: 0.2.762, Environment: stage"}
{"level":"debug","time":"2026-09-04T20:21:10.159+0530","caller":"cmd/bin.go:154","msg":"Upstream version details: {Name:cli Min:0.2.600 Max:0.2.762} "}
{"level":"info","time":"2026-09-04T20:21:10.160+0530","caller":"cmd/bin.go:202","msg":"Generating TraceID for tracking request: 01M1PEDVC0RRTKD3ZDCF7YS46H \n"}
{"level":"debug","time":"2026-09-04T20:21:12.187+0530","caller":"core/lifecycle.go:124","msg":"Setting environment"}
{"level":"debug","time":"2026-09-04T20:21:12.188+0530","caller":"core/lifecycle.go:127","msg":"Parsing config"}
{"level":"debug","time":"2026-09-04T20:21:12.188+0530","caller":"yamlconfigmanager/setup.go:736","msg":"Custom location for .hyperexecute.yaml specified. Using: hyperexecute-statusonly.yaml"}
{"level":"debug","time":"2026-09-04T20:21:12.188+0530","caller":"yamlconfigmanager/setup.go:118","msg":"using hyperexecute config from : hyperexecute-statusonly.yaml"}
{"level":"debug","time":"2026-09-04T20:21:13.659+0530","caller":"yamlconfigmanager/setup.go:2240","msg":"Autodetecting test type in files of path : /Users/anmolsoin/knowledge-base-LT/he-playground/fw-bdd"}
{"level":"debug","time":"2026-09-04T20:21:13.660+0530","caller":"yamlconfigmanager/setup.go:1665","msg":"dynamic discovery redirect: flag off, keeping mode=dynamic"}
{"level":"info","time":"2026-09-04T20:21:13.660+0530","caller":"core/lifecycle.go:142","msg":"HyperExecute Config validated successfully"}
{"level":"debug","time":"2026-09-04T20:21:13.660+0530","caller":"core/lifecycle.go:76","msg":"Quit requested from main goroutine...."}
{"level":"debug","time":"2026-09-04T20:21:13.660+0530","caller":"core/lifecycle.go:77","msg":"Waiting for the goroutines to exit"}
{"level":"debug","time":"2026-09-04T20:21:13.660+0530","caller":"core/lifecycle.go:80","msg":"All lifecycle goroutines exited"}
{"level":"debug","time":"2026-09-04T20:21:13.660+0530","caller":"cmd/bin.go:360","msg":"main: all goroutines have finished."}
{"level":"debug","time":"2026-09-04T20:21:14.523+0530","caller":"cmd/bin.go:144","msg":"cli os: darwin, cli arch: arm64"}
{"level":"debug","time":"2026-09-04T20:21:14.524+0530","caller":"cmd/bin.go:145","msg":"Current binary version: 0.2.762, Environment: stage"}
{"level":"debug","time":"2026-09-04T20:21:15.251+0530","caller":"cmd/bin.go:154","msg":"Upstream version details: {Name:cli Min:0.2.600 Max:0.2.762} "}
{"level":"info","time":"2026-09-04T20:21:15.252+0530","caller":"cmd/bin.go:202","msg":"Generating TraceID for tracking request: 01M1PEE0E5FQ0GRNKJ81E5XEEC \n"}
{"level":"debug","time":"2026-09-04T20:21:17.392+0530","caller":"core/lifecycle.go:124","msg":"Setting environment"}
{"level":"debug","time":"2026-09-04T20:21:17.392+0530","caller":"core/lifecycle.go:127","msg":"Parsing config"}
{"level":"debug","time":"2026-09-04T20:21:17.392+0530","caller":"yamlconfigmanager/setup.go:736","msg":"Custom location for .hyperexecute.yaml specified. Using: hyperexecute-statusonly.yaml"}
{"level":"debug","time":"2026-09-04T20:21:17.392+0530","caller":"yamlconfigmanager/setup.go:118","msg":"using hyperexecute config from : hyperexecute-statusonly.yaml"}
{"level":"debug","time":"2026-09-04T20:21:18.927+0530","caller":"yamlconfigmanager/setup.go:2240","msg":"Autodetecting test type in files of path : /Users/anmolsoin/knowledge-base-LT/he-playground/fw-bdd"}
{"level":"debug","time":"2026-09-04T20:21:18.927+0530","caller":"yamlconfigmanager/setup.go:1665","msg":"dynamic discovery redirect: flag off, keeping mode=dynamic"}
{"level":"debug","time":"2026-09-04T20:21:18.927+0530","caller":"yamlconfigmanager/setup.go:560","msg":"Tunnel: false"}
{"level":"info","time":"2026-09-04T20:21:18.927+0530","caller":"models/HypertestYamlConfig.go:993","msg":"\nExecution Plan"}
{"level":"info","time":"2026-09-04T20:21:18.928+0530","caller":"models/HypertestYamlConfig.go:794","msg":"Mode:    autosplit"}
{"level":"info","time":"2026-09-04T20:21:18.928+0530","caller":"models/HypertestYamlConfig.go:854","msg":"Runson:    linux"}
{"level":"info","time":"2026-09-04T20:21:18.928+0530","caller":"models/HypertestYamlConfig.go:862","msg":"Concurrency:    2"}
{"level":"info","time":"2026-09-04T20:21:18.928+0530","caller":"models/HypertestYamlConfig.go:926","msg":"Report:    disabled"}
{"level":"info","time":"2026-09-04T20:21:18.928+0530","caller":"models/HypertestYamlConfig.go:1006","msg":""}
{"level":"debug","time":"2026-09-04T20:21:18.928+0530","caller":"filevalidator/setup.go:50","msg":"Warning: Checking data.json file in current directory, no dataJsonPath found in .hyperexecute.yaml"}
{"level":"debug","time":"2026-09-04T20:21:18.928+0530","caller":"filevalidator/setup.go:54","msg":"Warning: data.json file doesn't exist"}
{"level":"debug","time":"2026-09-04T20:21:22.209+0530","caller":"core/lifecycle.go:399","msg":"Job ID: be8cc7f4-1a29-4487-8a4d-34d5573aacb6"}
{"level":"debug","time":"2026-09-04T20:21:22.209+0530","caller":"events/manager.go:97","msg":"Starting event manager"}
{"level":"debug","time":"2026-09-04T20:21:22.210+0530","caller":"events/manager.go:99","msg":"SSE enabled, getting SSE connection"}
{"level":"debug","time":"2026-09-04T20:21:22.210+0530","caller":"core/lifecycle.go:402","msg":"User - anmolsoin, triggered job with ID be8cc7f4-1a29-4487-8a4d-34d5573aacb6 from CLI"}
{"level":"debug","time":"2026-09-04T20:21:22.212+0530","caller":"archivemanager/setup.go:341","msg":"digestMap: map[]"}
{"level":"debug","time":"2026-09-04T20:21:22.212+0530","caller":"archivemanager/setup.go:347","msg":"Creating archive of target directory: /Users/anmolsoin/knowledge-base-LT/he-playground/fw-bdd"}
{"level":"debug","time":"2026-09-04T20:21:22.226+0530","caller":"core/lifecycle.go:556","msg":"Zip file size: 7.99 kB"}
{"level":"debug","time":"2026-09-04T20:21:22.226+0530","caller":"core/lifecycle.go:566","msg":"Archive location: /Users/anmolsoin/knowledge-base-LT/he-playground/fw-bdd/hyperexecute-code-be8cc7f4-1a29-4487-8a4d-34d5573aacb6.zip\n"}
{"level":"debug","time":"2026-09-04T20:21:22.227+0530","caller":"receptionmanager/setup.go:451","msg":"only one runtime entry detected, mapping it to older yaml format"}
{"level":"debug","time":"2026-09-04T20:21:22.228+0530","caller":"receptionmanager/setup.go:470","msg":"number of entries in partialreports: 1, switching to new yaml format"}
{"level":"debug","time":"2026-09-04T20:21:22.228+0530","caller":"receptionmanager/setup.go:221","msg":"policy enforce: feature flag off, skipping enforcement"}
{"level":"debug","time":"2026-09-04T20:21:22.229+0530","caller":"receptionmanager/setup.go:355","msg":"Uploading yaml : /Users/anmolsoin/knowledge-base-LT/he-playground/fw-bdd/.updatedhyperexecute.yaml"}
{"level":"debug","time":"2026-09-04T20:21:22.229+0530","caller":"storage/azure.go:59","msg":"Payload size: 3.81 kB, source path /Users/anmolsoin/knowledge-base-LT/he-playground/fw-bdd/.updatedhyperexecute.yaml"}
{"level":"debug","time":"2026-09-04T20:21:23.756+0530","caller":"events/manager.go:288","msg":"connection to hyperexecute server established successfully."}
{"level":"debug","time":"2026-09-04T20:21:24.824+0530","caller":"storage/azure.go:83","msg":"Azcopy output: \n\r100.0 %, 1 Done, 0 Failed, 0 Pending, 0 Skipped, 1 Total, 2-sec Throughput (Mb/s): 0.0152\nTotal time taken to upload(min) :0.0334\n, stderr: "}
{"level":"info","time":"2026-09-04T20:21:24.824+0530","caller":"storage/azure.go:122","msg":"File: /Users/anmolsoin/knowledge-base-LT/he-playground/fw-bdd/.updatedhyperexecute.yaml upload completed in 2.595326459s"}
{"level":"debug","time":"2026-09-04T20:21:24.824+0530","caller":"storage/azure.go:59","msg":"Payload size: 7.99 kB, source path /Users/anmolsoin/knowledge-base-LT/he-playground/fw-bdd/hyperexecute-code-be8cc7f4-1a29-4487-8a4d-34d5573aacb6.zip"}
{"level":"debug","time":"2026-09-04T20:21:26.867+0530","caller":"storage/azure.go:83","msg":"Azcopy output: \n\r100.0 %, 1 Done, 0 Failed, 0 Pending, 0 Skipped, 1 Total, 2-sec Throughput (Mb/s): 0.0319\nTotal time taken to upload(min) :0.0333\n, stderr: "}
{"level":"info","time":"2026-09-04T20:21:26.867+0530","caller":"storage/azure.go:122","msg":"File: /Users/anmolsoin/knowledge-base-LT/he-playground/fw-bdd/hyperexecute-code-be8cc7f4-1a29-4487-8a4d-34d5573aacb6.zip upload completed in 2.043019542s"}
{"level":"debug","time":"2026-09-04T20:21:26.867+0530","caller":"core/lifecycle.go:607","msg":"Successfully deleted code archive: /Users/anmolsoin/knowledge-base-LT/he-playground/fw-bdd/hyperexecute-code-be8cc7f4-1a29-4487-8a4d-34d5573aacb6.zip\n"}
{"level":"debug","time":"2026-09-04T20:21:26.868+0530","caller":"storage/azure.go:59","msg":"Payload size: 464 B, source path mask-be8cc7f4-1a29-4487-8a4d-34d5573aacb6.yaml"}
{"level":"debug","time":"2026-09-04T20:21:28.914+0530","caller":"storage/azure.go:83","msg":"Azcopy output: \n\r100.0 %, 1 Done, 0 Failed, 0 Pending, 0 Skipped, 1 Total, 2-sec Throughput (Mb/s): 0.0019\nTotal time taken to upload(min) :0.0334\n, stderr: "}
{"level":"info","time":"2026-09-04T20:21:28.914+0530","caller":"storage/azure.go:122","msg":"File: mask-be8cc7f4-1a29-4487-8a4d-34d5573aacb6.yaml upload completed in 2.046256833s"}
{"level":"debug","time":"2026-09-04T20:21:28.914+0530","caller":"httpclient/client.go:45","msg":"[DEBUG] POST https://api-stage-hyperexecute.lambdatestinternal.com/dispatcher/api/dispatcher"}
{"level":"info","time":"2026-09-04T20:21:29.970+0530","caller":"dispatchermanager/setup.go:94","msg":"Dispatch attempt to https://api-stage-hyperexecute.lambdatestinternal.com/dispatcher returned status 200"}
{"level":"debug","time":"2026-09-04T20:21:29.970+0530","caller":"core/lifecycle.go:741","msg":"Job progress won't be tracked as no-track flag is set true"}
{"level":"debug","time":"2026-09-04T20:21:29.970+0530","caller":"core/lifecycle.go:823","msg":"Context canceled"}
{"level":"info","time":"2026-09-04T20:21:29.970+0530","caller":"events/manager.go:338","msg":"context done and stopping SSE"}
{"level":"info","time":"2026-09-04T20:21:29.970+0530","caller":"core/lifecycle.go:826","msg":"Stopping pipeline gracefully"}
{"level":"debug","time":"2026-09-04T20:21:29.970+0530","caller":"events/manager.go:256","msg":"Stopping event manager"}
{"level":"info","time":"2026-09-04T20:21:29.970+0530","caller":"jobmanager/manager.go:145","msg":"Job Link: https://stage-hyperexecute.lambdatestinternal.com/hyperexecute/task?jobId=be8cc7f4-1a29-4487-8a4d-34d5573aacb6\n"}
{"level":"debug","time":"2026-09-04T20:21:29.970+0530","caller":"core/lifecycle.go:76","msg":"Quit requested from main goroutine...."}
{"level":"debug","time":"2026-09-04T20:21:29.970+0530","caller":"core/lifecycle.go:77","msg":"Waiting for the goroutines to exit"}
{"level":"debug","time":"2026-09-04T20:21:29.970+0530","caller":"core/lifecycle.go:80","msg":"All lifecycle goroutines exited"}
{"level":"debug","time":"2026-09-04T20:21:29.970+0530","caller":"cmd/bin.go:360","msg":"main: all goroutines have finished."}
